11-30 04:25:47.931 W/ActivityManager( 1485): Unable to start service Intent { act=com.android.mail.action.BACKUP_DATA_CHANGED pkg=com.android.email } U=0: not found
11-30 04:25:47.936 W/ActivityManager( 1485): Unable to start service Intent { cmp=com.android.email/.service.AttachmentService } U=0: not found
11-30 04:25:47.937 W/ActivityManager( 1485): Unable to start service Intent { act=com.android.mail.action.BACKUP_DATA_CHANGED pkg=com.android.email } U=0: not found
11-30 04:25:47.937 W/ActivityManager( 1485): Unable to start service Intent { act=com.android.mail.action.BACKUP_DATA_CHANGED pkg=com.android.email } U=0: not found
11-30 04:25:47.938 W/ActivityManager( 1485): Unable to start service Intent { act=com.android.mail.action.BACKUP_DATA_CHANGED pkg=com.android.email } U=0: not found
11-30 04:25:47.938 W/ActivityManager( 1485): Unable to start service Intent { act=com.android.mail.action.BACKUP_DATA_CHANGED pkg=com.android.email } U=0: not found
11-30 04:25:47.939 W/ActivityManager( 1485): Unable to start service Intent { act=com.android.mail.action.BACKUP_DATA_CHANGED pkg=com.android.email } U=0: not found
11-30 04:25:47.940 W/ActivityManager( 1485): Unable to start service Intent { act=com.android.mail.action.BACKUP_DATA_CHANGED pkg=com.android.email } U=0: not found
11-30 04:25:48.008 W/ActivityManager( 1485): Unable to start service Intent { cmp=com.android.email/.service.AttachmentService } U=0: not found
11-30 04:25:48.018 D/WifiService( 1485): New client listening to asynchronous messages
11-30 04:25:48.061 W/ActivityManager( 1485): Unable to start service Intent { cmp=com.android.email/.service.AttachmentService } U=0: not found
11-30 04:25:48.433 V/BackupManagerService( 1485): Connected to transport ComponentInfo{com.google.android.gms/com.google.android.gms.backup.BackupTransportService}
11-30 04:25:48.434 V/BackupManagerService( 1485): Registering transport com.google.android.gms/.backup.BackupTransportService::com.google.android.gms/.backup.BackupTransportService = com.android.internal.backup.IBackupTransport$Stub$Proxy@38a31211
11-30 04:25:48.592 W/KeyguardServiceDelegate( 1485): onScreenTurnedOn(): no keyguard service!
11-30 04:25:48.782 I/SystemServiceManager( 1485): Starting phase 1000
--------- beginning of main
11-30 04:25:48.844 W/PackageManager( 1485): Failure retrieving resources for com.google.android.gms: Resource ID #0x0
11-30 04:25:48.844 V/KeyguardServiceDelegate( 1485): **** SHOWN CALLED ****
11-30 04:25:48.845 E/ConfigFileUtils( 2179): Failed to read config file: /data/data/com.google.android.gms/app_chimera/current_fileapks.pb: open failed: ENOENT (No such file or directory)
11-30 04:25:48.847 E/ConfigFileUtils( 2179): Failed to read config file: /data/data/com.google.android.gms/app_chimera/current_fileapks.pb: open failed: ENOENT (No such file or directory)
11-30 04:25:48.881 E/ConfigFileUtils( 2179): Failed to read config file: /data/data/com.google.android.gms/app_chimera/current_fileapks.pb: open failed: ENOENT (No such file or directory)
11-30 04:25:48.885 W/InputMethodManagerService( 1485): Window already focused, ignoring focus gain of: com.android.internal.view.IInputMethodClient$Stub$Proxy@22c55c98 attribute=null, token = android.os.BinderProxy@32992171
11-30 04:25:48.895 E/ConfigFileUtils( 2179): Failed to read config file: /data/data/com.google.android.gms/app_chimera/current_fileapks.pb: open failed: ENOENT (No such file or directory)
11-30 04:25:48.915 W/ConfigurationChimeraPro( 1964): Got null configs for com.google.android.gms.accountsettings
11-30 04:25:48.942 I/art     ( 1964): Rejecting re-init on previously-failed class java.lang.Class<mgh>
11-30 04:25:48.942 I/art     ( 1964): Rejecting re-init on previously-failed class java.lang.Class<mgh>
11-30 04:25:48.952 V/Backup  ( 1964): [GmsBackupTransport] accounts changed
11-30 04:25:48.956 I/Backup  ( 1964): [GmsBackupAccountManager] Backup account not found in gmscore.
11-30 04:25:48.958 V/Backup  ( 1964): [GmsBackupTransport] network is down
11-30 04:25:48.960 V/Backup  ( 1964): [GmsBackupTransport] no backup now: [OperationScheduler: enabledState=false moratoriumSet=2017-11-30/12:25:48 moratorium=1970-01-01/00:00:00]
11-30 04:25:48.964 I/GCoreNlp( 1964): shouldConfirmNlp, NLP off. Ensuring opt-in disabled
11-30 04:25:48.967 I/Backup  ( 1964): [BackupTransportMigratorChimeraService] Starting migration...
11-30 04:25:48.970 E/ConfigFileUtils( 2179): Failed to read config file: /data/data/com.google.android.gms/app_chimera/current_fileapks.pb: open failed: ENOENT (No such file or directory)
11-30 04:25:48.971 E/ConfigFileUtils( 2179): Failed to read config file: /data/data/com.google.android.gms/app_chimera/current_fileapks.pb: open failed: ENOENT (No such file or directory)
11-30 04:25:48.977 W/ConfigurationChimeraPro( 1964): Got null configs for com.google.android.gms.cast
11-30 04:25:48.979 E/Backup  ( 1964): [LegacyBackupAccountManager] Fail to get legacy transport context.
11-30 04:25:48.979 E/Backup  ( 1964): android.content.pm.PackageManager$NameNotFoundException: Application package com.google.android.backup not found
11-30 04:25:48.979 E/Backup  ( 1964): 	at android.app.ContextImpl.createPackageContextAsUser(ContextImpl.java:2139)
11-30 04:25:48.979 E/Backup  ( 1964): 	at android.app.ContextImpl.createPackageContext(ContextImpl.java:2115)
11-30 04:25:48.979 E/Backup  ( 1964): 	at android.content.ContextWrapper.createPackageContext(ContextWrapper.java:658)
11-30 04:25:48.979 E/Backup  ( 1964): 	at android.content.ContextWrapper.createPackageContext(ContextWrapper.java:658)
11-30 04:25:48.979 E/Backup  ( 1964): 	at hfq.<init>(:com.google.android.gms@11743270:5)
11-30 04:25:48.979 E/Backup  ( 1964): 	at com.google.android.gms.backup.BackupTransportMigratorChimeraService.b(:com.google.android.gms@11743270:11)
11-30 04:25:48.979 E/Backup  ( 1964): 	at com.google.android.gms.backup.BackupTransportMigratorChimeraService.onHandleIntent(:com.google.android.gms@11743270:5)
11-30 04:25:48.979 E/Backup  ( 1964): 	at buw.handleMessage(:com.google.android.gms@11743270)
11-30 04:25:48.979 E/Backup  ( 1964): 	at android.os.Handler.dispatchMessage(Handler.java:102)
11-30 04:25:48.979 E/Backup  ( 1964): 	at android.os.Looper.loop(Looper.java:135)
11-30 04:25:48.979 E/Backup  ( 1964): 	at android.os.HandlerThread.run(HandlerThread.java:61)
11-30 04:25:48.983 W/Backup  ( 1964): [LegacyBackupAccountManager] No google accounts found!
11-30 04:25:48.987 W/ConfigurationChimeraPro( 1964): Got null configs for com.google.android.gms.ads
11-30 04:25:49.017 W/ConfigurationChimeraPro( 1964): Got null configs for com.google.android.gms.trustagent.common
11-30 04:25:49.037 E/BluetoothAdapter( 1964): Bluetooth binder is null
11-30 04:25:49.038 E/BluetoothAdapter( 1964): Bluetooth binder is null
11-30 04:25:49.040 V/NFC     ( 1964): this device does not have NFC support
11-30 04:25:49.040 I/Backup  ( 1964): [BackupAccountNotifier] Showing notification.
11-30 04:25:49.056 I/art     ( 2100): Explicit concurrent mark sweep GC freed 6697(748KB) AllocSpace objects, 0(0B) LOS objects, 67% free, 501KB/1525KB, paused 253us total 6.724ms
11-30 04:25:49.058 W/SQLiteConnectionPool( 2100): A SQLiteConnection object for database '/data/user/0/com.google.android.gsf/databases/gservices.db' was leaked!  Please fix your application to end transactions in progress properly and to close the database when it is no longer needed.
11-30 04:25:49.058 E/StrictMode( 2100): A resource was acquired at attached stack trace but never released. See java.io.Closeable for information on avoiding resource leaks.
11-30 04:25:49.058 E/StrictMode( 2100): java.lang.Throwable: Explicit termination method 'close' not called
11-30 04:25:49.058 E/StrictMode( 2100): 	at dalvik.system.CloseGuard.open(CloseGuard.java:184)
11-30 04:25:49.058 E/StrictMode( 2100): 	at android.database.sqlite.SQLiteConnection.<init>(SQLiteConnection.java:170)
11-30 04:25:49.058 E/StrictMode( 2100): 	at android.database.sqlite.SQLiteConnection.open(SQLiteConnection.java:190)
11-30 04:25:49.058 E/StrictMode( 2100): 	at android.database.sqlite.SQLiteConnectionPool.openConnectionLocked(SQLiteConnectionPool.java:463)
11-30 04:25:49.058 E/StrictMode( 2100): 	at android.database.sqlite.SQLiteConnectionPool.open(SQLiteConnectionPool.java:185)
11-30 04:25:49.058 E/StrictMode( 2100): 	at android.database.sqlite.SQLiteConnectionPool.open(SQLiteConnectionPool.java:177)
11-30 04:25:49.058 E/StrictMode( 2100): 	at android.database.sqlite.SQLiteDatabase.openInner(SQLiteDatabase.java:806)
11-30 04:25:49.058 E/StrictMode( 2100): 	at android.database.sqlite.SQLiteDatabase.open(SQLiteDatabase.java:791)
11-30 04:25:49.058 E/StrictMode( 2100): 	at android.database.sqlite.SQLiteDatabase.openDatabase(SQLiteDatabase.java:694)
11-30 04:25:49.058 E/StrictMode( 2100): 	at android.app.ContextImpl.openOrCreateDatabase(ContextImpl.java:1142)
11-30 04:25:49.058 E/StrictMode( 2100): 	at android.content.ContextWrapper.openOrCreateDatabase(ContextWrapper.java:267)
11-30 04:25:49.058 E/StrictMode( 2100): 	at android.database.sqlite.SQLiteOpenHelper.getDatabaseLocked(SQLiteOpenHelper.java:223)
11-30 04:25:49.058 E/StrictMode( 2100): 	at android.database.sqlite.SQLiteOpenHelper.getWritableDatabase(SQLiteOpenHelper.java:163)
11-30 04:25:49.058 E/StrictMode( 2100): 	at com.google.android.gsf.gservices.GservicesProvider.computeLocalDigestAndUpdateValues(GservicesProvider.java:450)
11-30 04:25:49.058 E/StrictMode( 2100): 	at com.google.android.gsf.gservices.GservicesProvider.onCreate(GservicesProvider.java:185)
11-30 04:25:49.058 E/StrictMode( 2100): 	at android.content.ContentProvider.attachInfo(ContentProvider.java:1686)
11-30 04:25:49.058 E/StrictMode( 2100): 	at android.content.ContentProvider.attachInfo(ContentProvider.java:1655)
11-30 04:25:49.058 E/StrictMode( 2100): 	at android.app.ActivityThread.installProvider(ActivityThread.java:4964)
11-30 04:25:49.058 E/StrictMode( 2100): 	at android.app.ActivityThread.installContentProviders(ActivityThread.java:4559)
11-30 04:25:49.058 E/StrictMode( 2100): 	at android.app.ActivityThread.handleBindApplication(ActivityThread.java:4499)
11-30 04:25:49.058 E/StrictMode( 2100): 	at android.app.ActivityThread.access$1500(ActivityThread.java:144)
11-30 04:25:49.058 E/StrictMode( 2100): 	at android.app.ActivityThread$H.handleMessage(ActivityThread.java:1339)
11-30 04:25:49.058 E/StrictMode( 2100): 	at android.os.Handler.dispatchMessage(Handler.java:102)
11-30 04:25:49.058 E/StrictMode( 2100): 	at android.os.Looper.loop(Looper.java:135)
11-30 04:25:49.058 E/StrictMode( 2100): 	at android.app.ActivityThread.main(ActivityThread.java:5221)
11-30 04:25:49.058 E/StrictMode( 2100): 	at java.lang.reflect.Method.invoke(Native Method)
11-30 04:25:49.058 E/StrictMode( 2100): 	at java.lang.reflect.Method.invoke(Method.java:372)
11-30 04:25:49.058 E/StrictMode( 2100): 	at com.android.internal.os.ZygoteInit$MethodAndArgsCaller.run(ZygoteInit.java:899)
11-30 04:25:49.058 E/StrictMode( 2100): 	at com.android.internal.os.ZygoteInit.main(ZygoteInit.java:694)
11-30 04:25:49.059 E/StrictMode( 2100): A resource was acquired at attached stack trace but never released. See java.io.Closeable for information on avoiding resource leaks.
11-30 04:25:49.059 E/StrictMode( 2100): java.lang.Throwable: Explicit termination method 'close' not called
11-30 04:25:49.059 E/StrictMode( 2100): 	at dalvik.system.CloseGuard.open(CloseGuard.java:184)
11-30 04:25:49.059 E/StrictMode( 2100): 	at android.database.sqlite.SQLiteConnectionPool.open(SQLiteConnectionPool.java:190)
11-30 04:25:49.059 E/StrictMode( 2100): 	at android.database.sqlite.SQLiteConnectionPool.open(SQLiteConnectionPool.java:177)
11-30 04:25:49.059 E/StrictMode( 2100): 	at android.database.sqlite.SQLiteDatabase.openInner(SQLiteDatabase.java:806)
11-30 04:25:49.059 E/StrictMode( 2100): 	at android.database.sqlite.SQLiteDatabase.open(SQLiteDatabase.java:791)
11-30 04:25:49.059 E/StrictMode( 2100): 	at android.database.sqlite.SQLiteDatabase.openDatabase(SQLiteDatabase.java:694)
11-30 04:25:49.059 E/StrictMode( 2100): 	at android.app.ContextImpl.openOrCreateDatabase(ContextImpl.java:1142)
11-30 04:25:49.059 E/StrictMode( 2100): 	at android.content.ContextWrapper.openOrCreateDatabase(ContextWrapper.java:267)
11-30 04:25:49.059 E/StrictMode( 2100): 	at android.database.sqlite.SQLiteOpenHelper.getDatabaseLocked(SQLiteOpenHelper.java:223)
11-30 04:25:49.059 E/StrictMode( 2100): 	at android.database.sqlite.SQLiteOpenHelper.getWritableDatabase(SQLiteOpenHelper.java:163)
11-30 04:25:49.059 E/StrictMode( 2100): 	at com.google.android.gsf.gservices.GservicesProvider.computeLocalDigestAndUpdateValues(GservicesProvider.java:450)
11-30 04:25:49.059 E/StrictMode( 2100): 	at com.google.android.gsf.gservices.GservicesProvider.onCreate(GservicesProvider.java:185)
11-30 04:25:49.059 E/StrictMode( 2100): 	at android.content.ContentProvider.attachInfo(ContentProvider.java:1686)
11-30 04:25:49.059 E/StrictMode( 2100): 	at android.content.ContentProvider.attachInfo(ContentProvider.java:1655)
11-30 04:25:49.059 E/StrictMode( 2100): 	at android.app.ActivityThread.installProvider(ActivityThread.java:4964)
11-30 04:25:49.059 E/StrictMode( 2100): 	at android.app.ActivityThread.installContentProviders(ActivityThread.java:4559)
11-30 04:25:49.059 E/StrictMode( 2100): 	at android.app.ActivityThread.handleBindApplication(ActivityThread.java:4499)
11-30 04:25:49.059 E/StrictMode( 2100): 	at android.app.ActivityThread.access$1500(ActivityThread.java:144)
11-30 04:25:49.059 E/StrictMode( 2100): 	at android.app.ActivityThread$H.handleMessage(ActivityThread.java:1339)
11-30 04:25:49.059 E/StrictMode( 2100): 	at android.os.Handler.dispatchMessage(Handler.java:102)
11-30 04:25:49.059 E/StrictMode( 2100): 	at android.os.Looper.loop(Looper.java:135)
11-30 04:25:49.059 E/StrictMode( 2100): 	at android.app.ActivityThread.main(ActivityThread.java:5221)
11-30 04:25:49.059 E/StrictMode( 2100): 	at java.lang.reflect.Method.invoke(Native Method)
11-30 04:25:49.059 E/StrictMode( 2100): 	at java.lang.reflect.Method.invoke(Method.java:372)
11-30 04:25:49.059 E/StrictMode( 2100): 	at com.android.internal.os.ZygoteInit$MethodAndArgsCaller.run(ZygoteInit.java:899)
11-30 04:25:49.059 E/StrictMode( 2100): 	at com.android.internal.os.ZygoteInit.main(ZygoteInit.java:694)
11-30 04:25:49.061 D/ZenLog  ( 1485): disable_effects: 0|com.google.android.gms|1|com.google.android.backup.notification.tag|10007,booleanState
11-30 04:25:49.062 W/Backup  ( 1964): [BackupAccountNotifier] Fail to write notification preference
11-30 04:25:49.065 W/ResourcesManager( 1775): Asset path '/system/framework/com.android.media.remotedisplay.jar' does not exist or contains no resources.
11-30 04:25:49.065 W/ResourcesManager( 1775): Asset path '/system/framework/com.android.location.provider.jar' does not exist or contains no resources.
11-30 04:25:49.086 I/art     ( 1485): Explicit concurrent mark sweep GC freed 24946(2MB) AllocSpace objects, 22(1395KB) LOS objects, 30% free, 9MB/13MB, paused 601us total 33.660ms
11-30 04:25:49.093 W/ConfigurationChimeraPro( 1964): Got null configs for com.google.android.gms.trustagent
11-30 04:25:49.098 W/OpenGLRenderer( 2124): Incorrectly called buildLayer on View: ShortcutAndWidgetContainer, destroying layer...
11-30 04:25:49.098 W/OpenGLRenderer( 2124): Incorrectly called buildLayer on View: ShortcutAndWidgetContainer, destroying layer...
11-30 04:25:49.099 I/CmaSystemUpdateService( 2179): ActiveReceiver: Intent { act=android.os.UpdateLock.UPDATE_LOCK_CHANGED flg=0x4000010 cmp=com.google.android.gms/.update.SystemUpdateServiceActiveReceiver (has extras) }
11-30 04:25:49.099 I/CmaSystemUpdateService( 2179): receiver: Intent { act=android.os.UpdateLock.UPDATE_LOCK_CHANGED flg=0x4000010 cmp=com.google.android.gms/.update.SystemUpdateServiceActiveReceiver (has extras) }
11-30 04:25:49.124 W/ConfigurationChimeraPro( 1964): Got null configs for com.google.android.gms.trustlet_onbody
11-30 04:25:49.159 V/KeyguardTouchDelegate( 1775): Connected to keyguard
11-30 04:25:49.164 I/Coffee-OnbodyLure( 1964): start lure
11-30 04:25:49.189 W/ConfigurationChimeraPro( 1964): Got null configs for com.google.android.gms.trustlet_place
11-30 04:25:49.191 I/TrustAgent( 1964): [VoiceUnlockTrustletChimeraService] GSA is not installed.
11-30 04:25:49.194 W/ConfigurationChimeraPro( 1964): Got null configs for com.google.android.gms.trustlet_onbody
11-30 04:25:49.214 W/ConfigurationChimeraPro( 1964): Got null configs for com.google.android.gms.car
11-30 04:25:49.228 I/Ads     ( 2179): Parental control value is stale. Refreshing.
11-30 04:25:49.228 W/Ads     ( 2179): Play store is not installed or the service for parental controls is not available.
11-30 04:25:49.228 I/Ads     ( 2179): Initialized AdMob from dev at 172403884 in container 11.7.43 (270-172403884)
11-30 04:25:49.229 I/Backup  ( 1964): [GmsBackupAccountManager] Backup account not found in gmscore.
11-30 04:25:49.230 I/Backup  ( 1964): [BackupTransportMigratorChimeraService] Component name not found : com.google.android.backuptransport/com.google.android.backup.BackupTransportService
11-30 04:25:49.231 I/Backup  ( 1964): [BackupTransportMigratorChimeraService] Component name not found : com.google.android.backup/com.google.android.backup.BackupTransportService
11-30 04:25:49.231 I/Backup  ( 1964): [BackupTransportMigratorChimeraService] Successfully migrated to use GMS BackupTransportService!
11-30 04:25:49.231 E/BluetoothAdapter( 1964): Bluetooth binder is null
11-30 04:25:49.231 E/BluetoothAdapter( 1964): Bluetooth binder is null
11-30 04:25:49.232 E/BluetoothAdapter( 1964): Bluetooth binder is null
11-30 04:25:49.232 I/TrustAgent( 1964): [TrustletManager] registerTrustlet: Bluetooth
11-30 04:25:49.237 E/BluetoothAdapter( 1964): Bluetooth binder is null
11-30 04:25:49.251 I/TrustAgent( 1964): [TrustletManager] registerTrustlet: Connectionless-BLE
11-30 04:25:49.254 I/TrustAgent( 1964): [TrustletManager] registerTrustlet: NFC
11-30 04:25:49.255 I/TrustAgent( 1964): [TrustletManager] registerTrustlet: PhonePosition
11-30 04:25:49.258 I/CmaSystemUpdateService( 2179): ActiveReceiver: Intent { act=android.os.UpdateLock.UPDATE_LOCK_CHANGED flg=0x4000010 cmp=com.google.android.gms/.update.SystemUpdateServiceActiveReceiver (has extras) }
11-30 04:25:49.258 I/CmaSystemUpdateService( 2179): receiver: Intent { act=android.os.UpdateLock.UPDATE_LOCK_CHANGED flg=0x4000010 cmp=com.google.android.gms/.update.SystemUpdateServiceActiveReceiver (has extras) }
11-30 04:25:49.258 I/TrustAgent( 1964): [TrustletManager] registerTrustlet: Place
11-30 04:25:49.259 I/TrustAgent( 1964): [VoiceUnlockTrustletChimeraService] GSA is not installed.
11-30 04:25:49.259 I/TrustAgent( 1964): [VoiceUnlockTrustletChimeraService] Migrating shared preference.
11-30 04:25:49.262 E/ConfigFileUtils( 2179): Failed to read config file: /data/data/com.google.android.gms/app_chimera/current_fileapks.pb: open failed: ENOENT (No such file or directory)
11-30 04:25:49.263 E/ConfigFileUtils( 2179): Failed to read config file: /data/data/com.google.android.gms/app_chimera/current_fileapks.pb: open failed: ENOENT (No such file or directory)
11-30 04:25:49.266 W/ChmraDebugLogger( 2179): Suspected failure status/reason: [5] /data/data/com.google.android.gms/app_chimera/current_config.pb: open failed: ENOENT (No such file or directory)
11-30 04:25:49.279 I/GCoreUlr( 1964): Starting service, intent=Intent { act=com.google.android.location.reporting.ACTION_UPDATE_WORLD cmp=com.google.android.gms/com.google.android.location.reporting.service.DispatchingService (has extras) }, extras=Bundle[{receiverAction=android.location.PROVIDERS_CHANGED}]
11-30 04:25:49.282 I/TrustAgent( 1964): [VoiceUnlockTrustletChimeraService] Voice trustlet is disabled by user
11-30 04:25:49.285 I/TrustAgent( 1964): [VoiceUnlockTrustletChimeraService] GSA is not installed.
11-30 04:25:49.285 I/TrustAgent( 1964): [TrustletManager] registerTrustlet: Voiceunlock
11-30 04:25:49.293 W/ConfigurationChimeraPro( 1964): Got null configs for com.google.android.gms.clearcut.public
11-30 04:25:49.296 I/TrustAgent( 1964): [TrustletManager] registerTrustlet: Face
11-30 04:25:49.297 I/TrustAgent( 1964): [TrustletManager] registerTrustlet: Car
11-30 04:25:49.302 W/ConfigurationChimeraPro( 1964): Got null configs for com.google.android.gms.update
11-30 04:25:49.316 W/art     ( 2179): Suspending all threads took: 7.386ms
11-30 04:25:49.323 E/ConfigFileUtils( 2179): Failed to read config file: /data/data/com.google.android.gms/app_chimera/current_fileapks.pb: open failed: ENOENT (No such file or directory)
11-30 04:25:49.328 I/Backup  ( 2179): [CallLogFlagSetter] Not enabling call log backup; device is < M.
11-30 04:25:49.329 W/ConfigurationChimeraPro( 1964): Got null configs for com.google.android.gms.nearby
11-30 04:25:49.336 I/art     ( 2100): Explicit concurrent mark sweep GC freed 4238(341KB) AllocSpace objects, 0(0B) LOS objects, 67% free, 500KB/1524KB, paused 179us total 6.243ms
11-30 04:25:49.349 W/ConfigurationChimeraPro( 1964): Got null configs for com.google.android.gms.constellation
11-30 04:25:49.365 I/ChimeraConfigService( 2179): Scheduling checkin every 120 seconds, with flex of 60 seconds
11-30 04:25:49.458 E/BluetoothAdapter( 1964): Bluetooth binder is null
11-30 04:25:49.495 W/ResourceType( 2124): No package identifier when getting value for resource number 0x00000000
11-30 04:25:49.496 W/ResourceType( 2124): No package identifier when getting value for resource number 0x00000000
11-30 04:25:49.496 W/PackageManager( 2124): Failure retrieving resources for com.android.speechrecorder: Resource ID #0x0
11-30 04:25:49.496 W/ResourceType( 2124): No package identifier when getting value for resource number 0x00000000
11-30 04:25:49.496 W/PackageManager( 2124): Failure retrieving resources for com.android.speechrecorder: Resource ID #0x0
11-30 04:25:49.510 W/art     ( 1964): Suspending all threads took: 19.130ms
11-30 04:25:49.516 I/art     ( 1964): Background sticky concurrent mark sweep GC freed 992(102KB) AllocSpace objects, 0(0B) LOS objects, 2% free, 7MB/7MB, paused 23.850ms total 50.655ms
11-30 04:25:49.577 I/Auth    ( 2179): [WorkAccount] update authenticator enabled for boot or update
11-30 04:25:49.608 W/Settings( 2179): Setting device_provisioned has moved from android.provider.Settings.Secure to android.provider.Settings.Global.
11-30 04:25:49.625 W/ConfigurationChimeraPro( 1964): Got null configs for com.google.android.gms.auth.account.base
11-30 04:25:49.726 W/art     ( 1964): Suspending all threads took: 63.879ms
11-30 04:25:49.745 W/ConfigurationChimeraPro( 1964): Got null configs for com.google.android.gms.auth.api.credentials
11-30 04:25:49.793 I/art     ( 1964): Background partial concurrent mark sweep GC freed 20957(1569KB) AllocSpace objects, 4(238KB) LOS objects, 39% free, 6MB/10MB, paused 65.703ms total 221.584ms
11-30 04:25:49.801 W/ConfigurationChimeraPro( 1964): Got null configs for com.google.android.gms.ulr
11-30 04:25:49.871 W/ConfigurationChimeraPro( 1964): Got null configs for com.google.android.gms.auth.api.phone
11-30 04:25:49.871 I/SystemUpdateTask( 2179): cancelUpdate (empty URL)
11-30 04:25:49.871 I/CmaSystemUpdateService( 2179): active receiver: disabled
11-30 04:25:49.877 E/BluetoothAdapter( 1964): Bluetooth binder is null
11-30 04:25:49.892 E/BluetoothAdapter( 1964): Bluetooth binder is null
11-30 04:25:49.894 D/WifiService( 1485): New client listening to asynchronous messages
11-30 04:25:49.894 I/Auth    ( 2179): [AuthManaged,AuthManagedModuleInitIntentOperation] enabling com.google.android.gms.auth.managed.ui.EmmActivity
11-30 04:25:49.901 I/Auth    ( 2179): [AuthManaged,AuthManagedModuleInitIntentOperation] enabling com.google.android.gms.auth.managed.ui.PhoneskyDpcInstallActivity
11-30 04:25:49.903 I/Auth    ( 2179): [AuthManaged,AuthManagedModuleInitIntentOperation] enabling com.google.android.gms.auth.managed.ui.SetupWorkProfileActivity
11-30 04:25:49.917 W/ConfigurationChimeraPro( 1964): Got null configs for com.google.android.gms.auth_cryptauth
11-30 04:25:49.938 I/ActivityManager( 1485): Start proc com.android.music for broadcast com.android.music/.MediaButtonIntentReceiver: pid=2345 uid=10036 gids={50036, 9997, 3003, 1028, 1015} abi=x86
11-30 04:25:49.942 E/libprocessgroup( 2345): failed to make and chown /acct/uid_10036: Read-only file system
11-30 04:25:49.942 W/Zygote  ( 2345): createProcessGroup failed, kernel missing CONFIG_CGROUP_CPUACCT?
11-30 04:25:49.944 I/CryptauthV2( 2179): [OldAuthzenDatabase] Deleting SigningKey for handle: device_key
11-30 04:25:49.948 I/art     ( 2179): Rejecting re-init on previously-failed class java.lang.Class<mgh>
11-30 04:25:49.948 I/art     ( 2179): Rejecting re-init on previously-failed class java.lang.Class<mgh>
11-30 04:25:49.967 W/ChimeraUtils( 2179): Non Chimera context
11-30 04:25:49.970 W/CryptauthV2( 2179): [OldAuthzenDatabase] Unexpected number of rows deleted: 0
11-30 04:25:49.982 I/GCoreUlr( 1964): WorldUpdater received intent Intent { act=com.google.android.location.reporting.ACTION_UPDATE_WORLD cmp=com.google.android.gms/com.google.android.location.reporting.service.DispatchingService (has extras) } with receiverAction android.location.PROVIDERS_CHANGED
11-30 04:25:49.982 W/ChimeraUtils( 2179): Non Chimera context
11-30 04:25:49.995 W/ConfigurationChimeraPro( 1964): Got null configs for com.google.android.gms.auth_authzen
11-30 04:25:49.999 I/ActivityManager( 1485): Start proc com.android.deskclock for broadcast com.android.deskclock/com.android.alarmclock.AnalogAppWidgetProvider: pid=2365 uid=10022 gids={50022, 9997, 1028} abi=x86
11-30 04:25:50.004 E/libprocessgroup( 2365): failed to make and chown /acct/uid_10022: Read-only file system
11-30 04:25:50.004 W/Zygote  ( 2365): createProcessGroup failed, kernel missing CONFIG_CGROUP_CPUACCT?
11-30 04:25:50.013 I/GoogleURLConnFactory( 2179): Using platform SSLCertificateSocketFactory
11-30 04:25:50.014 E/BaseAppContext( 2179): Tried to stop global GMSCore RequestQueue. This is likely unintended, so ignoring.
11-30 04:25:50.017 E/SQLiteLog( 1964): (1) no such table: storage_size
11-30 04:25:50.034 I/art     ( 1964): Rejecting re-init on previously-failed class java.lang.Class<mrn>
11-30 04:25:50.034 I/art     ( 1964): Rejecting re-init on previously-failed class java.lang.Class<mrn>
11-30 04:25:50.043 I/Authzen ( 2179): [AuthZenEventHandler] Handling event: com.google.android.chimera.IntentOperation.NEW_MODULE
11-30 04:25:50.050 I/Auth    ( 1964): [Change,AccountsChange] First snapshot
11-30 04:25:50.054 E/libprocessgroup( 2395): failed to make and chown /acct/uid_10005: Read-only file system
11-30 04:25:50.054 W/Zygote  ( 2395): createProcessGroup failed, kernel missing CONFIG_CGROUP_CPUACCT?
11-30 04:25:50.055 I/ActivityManager( 1485): Start proc android.process.media for content provider com.android.providers.media/.MediaProvider: pid=2395 uid=10005 gids={50005, 9997, 1028, 1015, 1023, 1024, 2001, 3003, 3007} abi=x86
11-30 04:25:50.067 W/WakefulBroadcastReceiv.( 1964): No active wake lock id #1
11-30 04:25:50.069 I/Auth    ( 1964): [WorkAccount] updating authenticator enabled state to: false
11-30 04:25:50.094 W/ConfigurationChimeraPro( 1964): Got null configs for com.google.android.gms.backup
11-30 04:25:50.095 W/ConfigurationChimeraPro( 1964): Got null configs for com.google.android.gms.icing
11-30 04:25:50.106 I/HeterodyneConfigVersion( 1964): No Heterodyne serving version in database
11-30 04:25:50.111 I/GCoreUlr( 1964): WorldUpdater:android.location.PROVIDERS_CHANGED: Ensuring that reporting is stopped because of reasons: (no Google accounts)
11-30 04:25:50.141 I/Backup  ( 2179): [PreLComponentEnabler] Disabling pre-L components
11-30 04:25:50.148 V/Backup  ( 2179): [PreLComponentEnabler] Disabling Component: com.google.android.gms.backup.component.D2dPreLSourceActivity
11-30 04:25:50.150 I/Icing   ( 2179): Using regular flags by method 2
11-30 04:25:50.155 I/Backup  ( 2179): [ComponentEnabler] Setting target components to enabled = false
11-30 04:25:50.158 E/Vold    ( 1136): Failed to find mounted volume for /storage/sdcard/Android/data/com.google.android.gms/files/
11-30 04:25:50.158 W/Vold    ( 1136): Returning OperationFailed - no handler for errno 0
11-30 04:25:50.159 W/ContextImpl( 1964): Failed to ensure directory: /storage/sdcard/Android/data/com.google.android.gms/files
11-30 04:25:50.178 I/art     ( 1485): Background sticky concurrent mark sweep GC freed 18981(2MB) AllocSpace objects, 54(1542KB) LOS objects, 16% free, 9MB/11MB, paused 7.669ms total 75.819ms
11-30 04:25:50.192 I/GCoreUlr( 1964): Unbound from all location providers
11-30 04:25:50.192 I/GCoreUlr( 1964): Place inference reporting - stop
11-30 04:25:50.194 W/ConfigurationChimeraPro( 1964): Got null configs for com.google.android.gms.auth.account.base
11-30 04:25:50.201 I/art     ( 1964): Rejecting re-init on previously-failed class java.lang.Class<aoho>
11-30 04:25:50.202 I/art     ( 1964): Rejecting re-init on previously-failed class java.lang.Class<aoho>
11-30 04:25:50.207 I/Backup  ( 2179): [ComponentEnabler] Setting source components to enabled = true
11-30 04:25:50.213 V/Backup  ( 2179): [MigrateUtil] Using Pre-O Request Backup API: The device is running a version prior to Android O.
11-30 04:25:50.223 I/art     ( 2179): DexFile_isDexOptNeeded failed to open oat file '/data/dalvik-cache/x86/data@data@com.google.android.gms@app_chimera@m@00000000@DynamiteLoader_GmsCore_prodlmp_alldpi_release.apk@classes.dex' for file location '/data/data/com.google.android.gms/app_chimera/m/00000000/DynamiteLoader_GmsCore_prodlmp_alldpi_release.apk': Failed to open oat filename for reading: No such file or directory
11-30 04:25:50.223 I/art     ( 2179): DexFile_isDexOptNeeded failed to open oat file '/data/data/com.google.android.gms/app_chimera/m/00000000/x86/DynamiteLoader_GmsCore_prodlmp_alldpi_release.odex' for file location '/data/data/com.google.android.gms/app_chimera/m/00000000/DynamiteLoader_GmsCore_prodlmp_alldpi_release.apk': Failed to open oat filename for reading: No such file or directory
11-30 04:25:50.238 W/ConfigurationChimeraPro( 1964): Got null configs for com.google.android.gms.clearcut.public
11-30 04:25:50.249 D/Wear_Controller( 2179): Received broadcast action=android.intent.action.PACKAGE_CHANGED and uri=com.android.sdksetup
11-30 04:25:50.271 W/ConfigurationChimeraPro( 1964): Got null configs for com.google.android.gms.chromesync
11-30 04:25:50.274 I/DownloadManager( 2395): Upgrading downloads database from version 0 to version 109, which will destroy all old data
11-30 04:25:50.278 I/art     ( 2100): Explicit concurrent mark sweep GC freed 3747(178KB) AllocSpace objects, 0(0B) LOS objects, 66% free, 506KB/1530KB, paused 162us total 25.935ms
11-30 04:25:50.280 W/ChimeraUtils( 2179): Non Chimera context
11-30 04:25:50.287 V/Backup  ( 2179): [MigrateUtil] Clearing migrate temp dir: /data/user/0/com.google.android.gms/files/migrate_dir
11-30 04:25:50.299 I/Backup  ( 2179): [TransportSwitcher] Starting switch from UNKNOWN_TRANSPORT to GMS_TRANSPORT
11-30 04:25:50.306 V/Backup  ( 2179): [MigrateUtil] Using Pre-O Request Backup API: The device is running a version prior to Android O.
11-30 04:25:50.306 V/Backup  ( 2179): [SwitchTransportTaskFactory] Using Pre-O selectBackupTransport API
11-30 04:25:50.315 E/BluetoothAdapter( 1964): Bluetooth binder is null
11-30 04:25:50.325 W/ConfigurationChimeraPro( 1964): Got null configs for com.google.android.gms.auth_authzen
11-30 04:25:50.332 E/BluetoothAdapter( 1964): Bluetooth binder is null
11-30 04:25:50.336 E/BluetoothAdapter( 1964): Bluetooth binder is null
11-30 04:25:50.338 W/ConfigurationChimeraPro( 1964): Got null configs for com.google.android.gms.herrevad
11-30 04:25:50.360 I/GCoreUlr( 1964): Stopping handler for UlrDispSvcFast
11-30 04:25:50.370 I/GCoreUlr( 1964): Unbound from all location providers
11-30 04:25:50.370 I/GCoreUlr( 1964): Place inference reporting - stop
11-30 04:25:50.374 I/DeviceConfigUtils( 2179): android.os.VintfObject class not found : android.os.VintfObject
11-30 04:25:50.381 E/GeofenceStateCache( 1964): Unable to load state, all registered geofences are lost.
11-30 04:25:50.408 I/Icing   ( 2179): IndexChimeraService.getServiceInterface callingPackage=com.google.android.gms componentName=AppsCorpus serviceId=32
11-30 04:25:50.409 I/Icing   ( 2179): IndexChimeraService.getServiceInterface callingPackage=com.google.android.gms componentName=AppsCorpus serviceId=36
11-30 04:25:50.414 I/art     ( 1964): Explicit concurrent mark sweep GC freed 13067(823KB) AllocSpace objects, 0(0B) LOS objects, 35% free, 7MB/11MB, paused 1.745ms total 21.184ms
11-30 04:25:50.416 I/GeofencerStateMachine( 1964): Network location disabled.
11-30 04:25:50.441 E/cutils-trace( 2427): Error opening trace file: Permission denied (13)
11-30 04:25:50.441 I/dex2oat ( 2427): /system/bin/dex2oat --runtime-arg -classpath --runtime-arg  --instruction-set=x86 --instruction-set-features=default --runtime-arg -Xrelocate --boot-image=/system/framework/boot.art --dex-file=/data/data/com.google.android.gms/app_chimera/m/00000000/DynamiteLoader_GmsCore_prodlmp_alldpi_release.apk --oat-fd=28 --oat-location=/data/data/com.google.android.gms/app_chimera/m/00000000/x86/DynamiteLoader_GmsCore_prodlmp_alldpi_release.dex --runtime-arg -Xms64m --runtime-arg -Xmx512m
11-30 04:25:50.459 I/Icing   ( 2179): Storage manager: low false usage 0 Bytes avail 1.60GB capacity 1.94GB
11-30 04:25:50.460 W/Nearby  ( 1964): Bind call too late - someone already tried to get: interface axgs
11-30 04:25:50.473 W/Herrevad( 2179): [192] twp.c: Looking up Wifi info on a non-wifi device
11-30 04:25:50.485 W/Herrevad( 2179): [192] twp.b: Invalid mccmnc 
11-30 04:25:50.485 W/Herrevad( 2179): [192] twp.b: Invalid mccmnc 
11-30 04:25:50.487 E/BluetoothAdapter( 1964): Bluetooth binder is null
11-30 04:25:50.713 I/dex2oat ( 2427): dex2oat took 255.576ms (threads: 2)
11-30 04:25:50.729 I/art     ( 2179): DexFile_isDexOptNeeded failed to open oat file '/data/dalvik-cache/x86/data@data@com.google.android.gms@app_chimera@m@00000002@DynamiteModulesA_GmsCore_prodlmp_alldpi_release.apk@classes.dex' for file location '/data/data/com.google.android.gms/app_chimera/m/00000002/DynamiteModulesA_GmsCore_prodlmp_alldpi_release.apk': Failed to open oat filename for reading: No such file or directory
11-30 04:25:50.729 I/art     ( 2179): DexFile_isDexOptNeeded failed to open oat file '/data/data/com.google.android.gms/app_chimera/m/00000002/x86/DynamiteModulesA_GmsCore_prodlmp_alldpi_release.odex' for file location '/data/data/com.google.android.gms/app_chimera/m/00000002/DynamiteModulesA_GmsCore_prodlmp_alldpi_release.apk': Failed to open oat filename for reading: No such file or directory
11-30 04:25:50.747 I/Coffee-OnbodyLure( 1964): User present, Check whether to show notification
11-30 04:25:50.753 E/libprocessgroup( 2469): failed to make and chown /acct/uid_10004: Read-only file system
11-30 04:25:50.753 W/Zygote  ( 2469): createProcessGroup failed, kernel missing CONFIG_CGROUP_CPUACCT?
11-30 04:25:50.754 I/RecoverySystem( 1485): No recovery log file
11-30 04:25:50.756 I/ActivityManager( 1485): Start proc com.android.dialer for broadcast com.android.dialer/.calllog.CallLogReceiver: pid=2469 uid=10004 gids={50004, 9997, 3003, 1028, 1015} abi=x86
11-30 04:25:50.763 I/ActivityManager( 1485): Start proc com.android.keychain for service com.android.keychain/.KeyChainService: pid=2484 uid=1000 gids={41000, 9997, 1028, 1015, 3002, 3001, 3003} abi=x86
11-30 04:25:50.765 E/libprocessgroup( 2484): failed to make and chown /acct/uid_1000: Read-only file system
11-30 04:25:50.765 W/Zygote  ( 2484): createProcessGroup failed, kernel missing CONFIG_CGROUP_CPUACCT?
11-30 04:25:50.770 I/BootReceiver( 1485): Copying audit failures to DropBox
11-30 04:25:50.770 I/BootReceiver( 1485): Checking for fsck errors
11-30 04:25:50.834 D/ExtensionsFactory( 2469): No custom extensions.
11-30 04:25:50.841 I/art     ( 2179): Background partial concurrent mark sweep GC freed 13338(776KB) AllocSpace objects, 11(3MB) LOS objects, 32% free, 8MB/12MB, paused 2.079ms total 111.397ms
11-30 04:25:50.861 I/Authzen ( 2179): [PermitStore] Getting all permits...
11-30 04:25:50.887 I/art     ( 2100): Explicit concurrent mark sweep GC freed 3456(153KB) AllocSpace objects, 0(0B) LOS objects, 66% free, 505KB/1529KB, paused 134us total 4.743ms
11-30 04:25:50.901 I/CastDatabase( 2179): Opening the database
11-30 04:25:50.931 I/HeterodyneSyncScheduler( 1964): Scheduling Phenotype for a PhenotypeSyncImmediately(6, com.google.android.gms.auth_api_phone) one off with window [1, 2] in seconds
11-30 04:25:50.942 I/Authzen ( 2179): [ffj] Creating database auth.proximity.permit_store...
11-30 04:25:50.948 E/cutils-trace( 2492): Error opening trace file: Permission denied (13)
11-30 04:25:50.948 I/dex2oat ( 2492): /system/bin/dex2oat --runtime-arg -classpath --runtime-arg  --instruction-set=x86 --instruction-set-features=default --runtime-arg -Xrelocate --boot-image=/system/framework/boot.art --dex-file=/data/data/com.google.android.gms/app_chimera/m/00000002/DynamiteModulesA_GmsCore_prodlmp_alldpi_release.apk --oat-fd=32 --oat-location=/data/data/com.google.android.gms/app_chimera/m/00000002/x86/DynamiteModulesA_GmsCore_prodlmp_alldpi_release.dex --runtime-arg -Xms64m --runtime-arg -Xmx512m
11-30 04:25:50.959 I/SQLiteCastDBHelper( 2179): Creating cast database
11-30 04:25:50.980 I/art     ( 2100): Explicit concurrent mark sweep GC freed 3429(152KB) AllocSpace objects, 0(0B) LOS objects, 67% free, 504KB/1528KB, paused 145us total 4.062ms
11-30 04:25:50.995 I/Authzen ( 2179): [ffj] Opening database auth.proximity.permit_store...
11-30 04:25:51.036 I/art     ( 2179): Explicit concurrent mark sweep GC freed 8676(608KB) AllocSpace objects, 6(1794KB) LOS objects, 34% free, 7MB/11MB, paused 973us total 34.748ms
11-30 04:25:51.043 D/ConnectivityService( 1485): Got NetworkFactory Messenger for Telephony
11-30 04:25:51.050 W/art     ( 1921): Suspending all threads took: 6.167ms
11-30 04:25:51.051 I/art     ( 1921): Background sticky concurrent mark sweep GC freed 2299(266KB) AllocSpace objects, 0(0B) LOS objects, 26% free, 1026KB/1396KB, paused 6.694ms total 18.844ms
11-30 04:25:51.051 E/Icing   ( 2179): Opening file /data/data/com.google.android.gms/files/AppDataSearch/main/cur/compact_status for read failed: No such file or directory
11-30 04:25:51.057 I/CastSocket( 2179): 21 >= 18. Adding new CastClientAuthKeyManager.
11-30 04:25:51.061 I/SQLiteCastStore( 2179): 0 CastNetworkInfo instances loaded, 0 CastDeviceInfo instances loaded, 0 paired guest mode devices loaded.
11-30 04:25:51.062 D/TelephonyProvider( 1921): dbh.onCreate:+ db=SQLiteDatabase: /data/data/com.android.providers.telephony/databases/telephony.db
11-30 04:25:51.062 D/TelephonyProvider( 1921): dbh.createSimInfoTable:+
11-30 04:25:51.063 D/TelephonyProvider( 1921): dbh.createSimInfoTable:-
11-30 04:25:51.063 D/TelephonyProvider( 1921): dbh.createCarriersTable:+
11-30 04:25:51.063 D/TelephonyProvider( 1921): dbh.createCarriersTable:-
11-30 04:25:51.066 D/TelephonyProvider( 1921): dbh.onCreate:- db=SQLiteDatabase: /data/data/com.android.providers.telephony/databases/telephony.db
11-30 04:25:51.067 D/WifiService( 1485): New client listening to asynchronous messages
11-30 04:25:51.071 W/Icing   ( 2179): city name for address is empty.
11-30 04:25:51.071 W/Icing   ( 2179): street name for address is empty.
11-30 04:25:51.071 W/Icing   ( 2179): Address token type data file path is empty.
11-30 04:25:51.071 W/Icing   ( 2179): transportation_script_path is empty
11-30 04:25:51.091 D/TelephonyProvider( 1921): dbh.onOpen: ok, queried table=siminfo
11-30 04:25:51.092 D/TelephonyProvider( 1921): dbh.onOpen: ok, queried table=carriers
11-30 04:25:51.092 W/Icing   ( 2179): generic::invalid_argument: Empty URI
11-30 04:25:51.092 W/Icing   ( 2179): generic::invalid_argument: Empty URI
11-30 04:25:51.092 W/Icing   ( 2179): WordsMap was not properly initialized
11-30 04:25:51.099 I/MediaRouter( 2179): Found default route: MediaRouter.RouteInfo{ uniqueId=android/aam:DEFAULT_ROUTE, name=Phone, description=null, iconUri=null, enabled=true, connecting=false, connectionState=0, canDisconnect=false, playbackType=0, playbackStream=3, deviceType=0, volumeHandling=1, volume=11, volumeMax=15, presentationDisplayId=-1, extras=null, settingsIntent=null, providerPackageName=android }
11-30 04:25:51.109 W/Settings( 1964): Setting airplane_mode_on has moved from android.provider.Settings.System to android.provider.Settings.Global, returning read-only value.
11-30 04:25:51.121 W/Settings( 1964): Setting airplane_mode_on has moved from android.provider.Settings.System to android.provider.Settings.Global, returning read-only value.
11-30 04:25:51.139 I/art     ( 2179): Note: end time exceeds epoch: 
11-30 04:25:51.156 D/GpsLocationProvider( 1485): received SIM realted action: android.intent.action.SIM_STATE_CHANGED
11-30 04:25:51.156 D/GpsLocationProvider( 1485): SIM MCC/MNC is still not available
11-30 04:25:51.160 D/DcSwitchState( 1921): [DcSwitchState-0] DcSwitchState constructor E
11-30 04:25:51.160 D/DcSwitchState( 1921): [DcSwitchState-0] DcSwitchState constructor X
11-30 04:25:51.165 D/DctController( 1921): [DctController] DctController(phones): Connect success: 0
11-30 04:25:51.208 W/BackupManagerService( 1485): dataChanged but no participant pkg='com.android.providers.settings' uid=1001
11-30 04:25:51.220 I/PackageManager( 1485): Replacing preferred activity com.android.mms/.ui.ComposeMessageActivity for user 0:
11-30 04:25:51.220 I/PackageManager( 1485):   Action: "android.intent.action.SENDTO"
11-30 04:25:51.221 I/PackageManager( 1485):   Category: "android.intent.category.DEFAULT"
11-30 04:25:51.221 I/PackageManager( 1485):   Scheme: "sms"
11-30 04:25:51.225 I/Icing   ( 2179): Version not set, assuming clear data.
11-30 04:25:51.225 I/Icing   ( 2179): Clearing storage
11-30 04:25:51.232 I/PackageManager( 1485): Replacing preferred activity com.android.mms/.ui.ComposeMessageActivity for user 0:
11-30 04:25:51.232 I/PackageManager( 1485):   Action: "android.intent.action.SENDTO"
11-30 04:25:51.232 I/PackageManager( 1485):   Category: "android.intent.category.DEFAULT"
11-30 04:25:51.232 I/PackageManager( 1485):   Scheme: "smsto"
11-30 04:25:51.238 I/PackageManager( 1485): Replacing preferred activity com.android.mms/.ui.ComposeMessageActivity for user 0:
11-30 04:25:51.238 I/PackageManager( 1485):   Action: "android.intent.action.SENDTO"
11-30 04:25:51.238 I/PackageManager( 1485):   Category: "android.intent.category.DEFAULT"
11-30 04:25:51.238 I/PackageManager( 1485):   Scheme: "mms"
11-30 04:25:51.252 I/PackageManager( 1485): Replacing preferred activity com.android.mms/.ui.ComposeMessageActivity for user 0:
11-30 04:25:51.252 I/PackageManager( 1485):   Action: "android.intent.action.SENDTO"
11-30 04:25:51.252 I/PackageManager( 1485):   Category: "android.intent.category.DEFAULT"
11-30 04:25:51.252 I/PackageManager( 1485):   Scheme: "mmsto"
11-30 04:25:51.268 E/BluetoothAdapter( 1921): Bluetooth binder is null
11-30 04:25:51.298 I/Icing   ( 2179): Begin CorpusMap migration to native corpus schema store.
11-30 04:25:51.305 I/Icing   ( 2179): updateResources: need to parse ubq{com.google.android.gms}
11-30 04:25:51.345 I/ActivityManager( 1485): Start proc com.android.calendar for broadcast com.android.calendar/.UpgradeReceiver: pid=2535 uid=10018 gids={50018, 9997, 3003} abi=x86
11-30 04:25:51.350 D/ConnectivityService( 1485): Got NetworkFactory Messenger for WIFI
11-30 04:25:51.350 D/WIFI    ( 1485): got request NetworkRequest [ id=1, legacyType=-1, [ Capabilities: INTERNET&NOT_RESTRICTED&TRUSTED&NOT_VPN] ] with score 0
11-30 04:25:51.354 E/libprocessgroup( 2535): failed to make and chown /acct/uid_10018: Read-only file system
11-30 04:25:51.354 W/Zygote  ( 2535): createProcessGroup failed, kernel missing CONFIG_CGROUP_CPUACCT?
11-30 04:25:51.361 D/AlarmManagerService( 1485): Kernel timezone updated to 480 minutes west of GMT
11-30 04:25:51.363 D/AlarmManagerService( 1485): Setting time of day to sec=1512044751
11-30 04:25:51.964 D/TelephonyNetworkFactory( 1921): got request NetworkRequest [ id=1, legacyType=-1, [ Capabilities: INTERNET&NOT_RESTRICTED&TRUSTED&NOT_VPN] ] with score 0
11-30 04:25:51.964 D/TelephonyNetworkFactory( 1921): Cellular needs Network for NetworkRequest [ id=1, legacyType=-1, [ Capabilities: INTERNET&NOT_RESTRICTED&TRUSTED&NOT_VPN] ]
11-30 04:25:51.965 D/DctController( 1921): [DctController] EVENT_PHONE1_RADIO_OFF.
11-30 04:25:51.972 D/TelephonyDebugService( 1921): TelephonyDebugService()
11-30 04:25:51.996 D/ExtensionsFactory( 2535): No custom extensions.
11-30 04:25:52.022 D/DctController( 1921): [DctController] DataStateReceiver: phoneId= 0
11-30 04:25:52.022 D/DctController( 1921): [DctController] DataStateReceiver: ignore invalid subId=-1
11-30 04:25:52.055 E/libprocessgroup( 2557): failed to make and chown /acct/uid_10001: Read-only file system
11-30 04:25:52.055 W/Zygote  ( 2557): createProcessGroup failed, kernel missing CONFIG_CGROUP_CPUACCT?
11-30 04:25:52.055 I/ActivityManager( 1485): Start proc com.android.providers.calendar for broadcast com.android.providers.calendar/.CalendarReceiver: pid=2557 uid=10001 gids={50001, 9997, 3003, 1028, 1015} abi=x86
11-30 04:25:52.069 D/MccTable( 1921): updateMccMncConfiguration mccmnc='310260' fromServiceState=true
11-30 04:25:52.069 D/MccTable( 1921): updateMccMncConfiguration defaultMccMnc=
11-30 04:25:52.069 D/MccTable( 1921): updateMccMncConfiguration: mcc=310, mnc=260
11-30 04:25:52.069 D/MccTable( 1921): getLocaleFromMcc to en_us mcc=310
11-30 04:25:52.071 D/MccTable( 1921): getLocaleForLanguageCountry: got perfect match: en-US
11-30 04:25:52.071 D/MccTable( 1921): WIFI_COUNTRY_CODE set to us
11-30 04:25:52.073 D/WifiService( 1485): New client listening to asynchronous messages
11-30 04:25:52.073 I/WifiService( 1485): WifiService trying to set country code to us with persist set to true
11-30 04:25:52.078 D/AlarmManagerService( 1485): Kernel timezone updated to 480 minutes west of GMT
11-30 04:25:52.091 W/ResourcesManager( 2557): Asset path '/system/framework/android.test.runner.jar' does not exist or contains no resources.
11-30 04:25:52.092 E/PhoneInterfaceManager( 1921): [PhoneIntfMgr] getIccId: ICC ID is null or empty.
11-30 04:25:52.112 I/Telephony( 1921): PstnIncomingCallNotifier: Registering: Handler (com.android.internal.telephony.gsm.GSMPhone) {39efed0d}
11-30 04:25:52.153 D/DctController( 1921): [DctController] DataStateReceiver: phoneId= 0
11-30 04:25:52.153 D/DctController( 1921): [DctController] DataStateReceiver: ignore invalid subId=-1
11-30 04:25:52.154 I/CalendarDatabaseHelper( 2557): Bootstrapping database
11-30 04:25:52.172 D/GpsLocationProvider( 1485): received SIM realted action: android.intent.action.SIM_STATE_CHANGED
11-30 04:25:52.178 D/GpsLocationProvider( 1485): SIM MCC/MNC is still not available
11-30 04:25:52.184 I/CalendarProvider2( 2557): Created com.android.providers.calendar.CalendarAlarmManager@2a16876(com.android.providers.calendar.CalendarProvider2@dd19e77)
11-30 04:25:52.190 D/GpsLocationProvider( 1485): received SIM realted action: android.intent.action.SIM_STATE_CHANGED
11-30 04:25:52.190 D/GpsLocationProvider( 1485): SIM MCC/MNC is still not available
11-30 04:25:52.196 D/MccTable( 1921): updateMccMncConfiguration mccmnc='310260' fromServiceState=false
11-30 04:25:52.197 D/MccTable( 1921): updateMccMncConfiguration defaultMccMnc=
11-30 04:25:52.197 D/MccTable( 1921): updateMccMncConfiguration: mcc=310, mnc=260
11-30 04:25:52.197 D/MccTable( 1921): getLocaleFromMcc to en_us mcc=310
11-30 04:25:52.198 D/MccTable( 1921): getLocaleForLanguageCountry: got perfect match: en-US
11-30 04:25:52.198 D/MccTable( 1921): updateMccMncConfiguration updateConfig config={1.0 310mcc260mnc en_US ldltr ?swdp ?wdp ?hdp ?density ?lsize ?long ?orien ?uimode ?night ?touch ?keyb/?/? ?nav/?}
11-30 04:25:52.202 I/ActivityManager( 1485): Config changes=3 {1.0 310mcc260mnc en_US ldltr sw320dp w320dp h455dp 160dpi nrml port finger -keyb/v/h tball/v s.7}
11-30 04:25:52.253 D/ActivityManager( 1485): Storing locale en-US for decryption UI
11-30 04:25:52.256 D/PermissionCache( 1137): checking android.permission.READ_FRAME_BUFFER for uid=1000 => granted (108 us)
11-30 04:25:52.258 D/gralloc ( 1137): Registering a buffer in the process that created it. This may cause memory ordering problems.
11-30 04:25:52.366 E/libprocessgroup( 2584): failed to make and chown /acct/uid_10009: Read-only file system
11-30 04:25:52.366 W/Zygote  ( 2584): createProcessGroup failed, kernel missing CONFIG_CGROUP_CPUACCT?
11-30 04:25:52.366 I/art     ( 1150): Explicit concurrent mark sweep GC freed 701(30KB) AllocSpace objects, 0(0B) LOS objects, 90% free, 110KB/1134KB, paused 45us total 3.526ms
11-30 04:25:52.374 I/art     ( 1150): Explicit concurrent mark sweep GC freed 5(160B) AllocSpace objects, 0(0B) LOS objects, 90% free, 110KB/1134KB, paused 32us total 2.813ms
11-30 04:25:52.378 I/ActivityManager( 1485): Start proc com.android.managedprovisioning for broadcast com.android.managedprovisioning/.BootReminder: pid=2584 uid=10009 gids={50009, 9997, 1028, 3003} abi=x86
11-30 04:25:52.389 E/BufferQueueProducer( 1137): [com.android.launcher/com.android.launcher2.Launcher] cancelBuffer: slot 2 is not owned by the producer (state = 3)
11-30 04:25:52.406 I/art     ( 1150): Explicit concurrent mark sweep GC freed 5(160B) AllocSpace objects, 0(0B) LOS objects, 90% free, 110KB/1134KB, paused 32us total 2.713ms
11-30 04:25:52.514 D/MccTable( 1921): updateMccMncConfiguration mccmnc='' fromServiceState=false
11-30 04:25:52.518 W/BackupManagerService( 1485): dataChanged but no participant pkg='com.android.providers.settings' uid=1001
