11-30 04:25:52.534 W/BackupManagerService( 1485): dataChanged but no participant pkg='com.android.providers.settings' uid=1001
11-30 04:25:52.535 D/Launcher.Model( 2124): Reload apps on config change. curr_mcc:310 prevmcc:0
11-30 04:25:52.537 W/BackupManagerService( 1485): dataChanged but no participant pkg='com.android.providers.settings' uid=1001
11-30 04:25:52.550 D/GpsLocationProvider( 1485): received SIM realted action: android.intent.action.ACTION_SUBINFO_RECORD_UPDATED
11-30 04:25:52.551 D/GpsLocationProvider( 1485): SIM MCC/MNC is still not available
11-30 04:25:52.657 W/dex2oat ( 2492): Verification of void com.google.android.gms.ads.exoplayer3.video.i.<init>(com.google.android.gms.ads.exoplayer3.video.g, android.media.MediaCodec) took 149.456ms
11-30 04:25:52.668 I/WindowManager( 1485): Screen frozen for +464ms due to Window{a5ff30b u0 com.android.launcher/com.android.launcher2.Launcher}
11-30 04:25:52.694 W/dex2oat ( 2492): Verification of boolean com.google.android.gms.ads.exoplayer3.util.c.a() took 207.841ms
11-30 04:25:52.892 I/art     ( 1485): Explicit concurrent mark sweep GC freed 29469(2MB) AllocSpace objects, 21(971KB) LOS objects, 29% free, 9MB/13MB, paused 1.427ms total 231.565ms
11-30 04:25:52.944 I/ActivityManager( 1485): Start proc com.android.mms for broadcast com.android.mms/.transaction.MmsSystemEventReceiver: pid=2611 uid=10010 gids={50010, 9997, 3003, 1028, 1015} abi=x86
11-30 04:25:52.959 E/libprocessgroup( 2611): failed to make and chown /acct/uid_10010: Read-only file system
11-30 04:25:52.959 W/Zygote  ( 2611): createProcessGroup failed, kernel missing CONFIG_CGROUP_CPUACCT?
11-30 04:25:53.002 W/dex2oat ( 2492): Verification of void com.google.android.gms.ads.internal.bh.a(com.google.android.gms.ads.internal.client.f, long) took 173.470ms
11-30 04:25:53.088 W/dex2oat ( 2492): Verification of java.lang.Object com.google.android.gms.ads.internal.cache.j.createFromParcel(android.os.Parcel) took 229.954ms
11-30 04:25:53.142 D/CountryDetector( 1485): The first listener is added
11-30 04:25:53.151 I/MmsService( 1921): mReceiver action: android.intent.action.ACTION_SUBINFO_RECORD_UPDATED
11-30 04:25:53.151 I/Telephony( 1921): : SUBINFO_RECORD_UPDATED : 1.
11-30 04:25:53.151 I/Telephony( 1921): PstnIncomingCallNotifier: Unregistering: Handler (com.android.internal.telephony.gsm.GSMPhone) {39efed0d}
11-30 04:25:53.155 I/MmsService( 1921): MmsConfigManager.loadInBackground(): mcc/mnc: 310/260
11-30 04:25:53.157 I/MmsService( 1921): MmsConfigManager.load -- no mcc/mnc for sub: {mSubId=1, mIccId=89014103211118510720 mSlotId=0 mDisplayName=SUB 01 mNameSource=0 mColor=0 mNumber=15555215554 mDisplayNumberFormat=1 mDataRoaming=0 mSimIconRes=[I@6533a91 mMcc 0 mMnc 0} using mcc/mnc from main context: 310/260
11-30 04:25:53.158 V/Mms     ( 2611): mnc/mcc: 
11-30 04:25:53.158 V/Mms     ( 2611): tag: bool value: enabledMMS - true
11-30 04:25:53.158 V/Mms     ( 2611): tag: int value: maxMessageSize - 307200
11-30 04:25:53.158 V/Mms     ( 2611): tag: int value: maxImageHeight - 480
11-30 04:25:53.158 V/Mms     ( 2611): tag: int value: maxImageWidth - 640
11-30 04:25:53.158 V/Mms     ( 2611): tag: int value: defaultSMSMessagesPerThread - 10000
11-30 04:25:53.158 V/Mms     ( 2611): tag: int value: defaultMMSMessagesPerThread - 1000
11-30 04:25:53.158 V/Mms     ( 2611): tag: int value: minMessageCountPerThread - 10
11-30 04:25:53.159 V/MmsService( 1921): MmsConfig: mUserAgent=, mUaProfUrl=
11-30 04:25:53.159 D/MmsService( 1921): MmsConfig.loadFromResources
11-30 04:25:53.160 V/Mms     ( 2611): tag: int value: maxMessageCountPerThread - 5000
11-30 04:25:53.160 V/Mms     ( 2611): tag: string value: uaProfUrl - http://www.google.com/oha/rdf/ua-profile-kila.xml
11-30 04:25:53.160 I/Telephony( 1921): PstnIncomingCallNotifier: Registering: Handler (com.android.internal.telephony.gsm.GSMPhone) {39efed0d}
11-30 04:25:53.160 V/Mms     ( 2611): tag: int value: recipientLimit - -1
11-30 04:25:53.160 V/Mms     ( 2611): tag: bool value: enableMultipartSMS - true
11-30 04:25:53.160 V/Mms     ( 2611): tag: int value: smsToMmsTextThreshold - -1
11-30 04:25:53.161 V/Mms     ( 2611): tag: bool value: enableSlideDuration - true
11-30 04:25:53.161 V/Mms     ( 2611): tag: int value: maxMessageTextSize - -1
11-30 04:25:53.169 V/MmsService( 1921): MmsConfig: all settings -- {smsToMmsTextThreshold=-1, httpParams=, maxImageWidth=2592, enabledMMS=true, maxImageHeight=1944, aliasEnabled=false, maxMessageSize=1048576, enableMMSReadReports=false, recipientLimit=2147483647, enabledNotifyWapMMSC=false, maxSubjectLength=40, smsToMmsTextLengthThreshold=-1, enableMMSDeliveryReports=false, uaProfTagName=x-wap-profile, enableMultipartSMS=true, aliasMinChars=2, supportMmsContentDisposition=true, allowAttachAudio=true, sendMultipartSmsAsSeparateMessages=false, maxMessageTextSize=-1, emailGatewayNumber=, enableGroupMms=true, aliasMaxChars=48, httpSocketTimeout=60000, config_cellBroadcastAppLinks=true, userAgent=, naiSuffix=, uaProfUrl=, enableSMSDeliveryReports=true, enabledTransID=false}
11-30 04:25:53.190 D/MmsSmsDatabaseHelper( 1921): [MmsSmsDb] tableName: threads hasAutoIncrement: CREATE TABLE threads (_id INTEGER PRIMARY KEY AUTOINCREMENT,date INTEGER DEFAULT 0,message_count INTEGER DEFAULT 0,recipient_ids TEXT,snippet TEXT,snippet_cs INTEGER DEFAULT 0,read INTEGER DEFAULT 1,archived INTEGER DEFAULT 0,type INTEGER DEFAULT 0,error INTEGER DEFAULT 0,has_attachment INTEGER DEFAULT 0) result: true
11-30 04:25:53.190 D/MmsSmsDatabaseHelper( 1921): [MmsSmsDb] tableName: canonical_addresses hasAutoIncrement: CREATE TABLE canonical_addresses (_id INTEGER PRIMARY KEY AUTOINCREMENT,address TEXT) result: true
11-30 04:25:53.191 D/MmsSmsDatabaseHelper( 1921): [MmsSmsDb] tableName: part hasAutoIncrement: CREATE TABLE part (_id INTEGER PRIMARY KEY AUTOINCREMENT,mid INTEGER,seq INTEGER DEFAULT 0,ct TEXT,name TEXT,chset INTEGER,cd TEXT,fn TEXT,cid TEXT,cl TEXT,ctt_s INTEGER,ctt_t TEXT,_data TEXT,text TEXT) result: true
11-30 04:25:53.191 D/MmsSmsDatabaseHelper( 1921): [MmsSmsDb] tableName: pdu hasAutoIncrement: CREATE TABLE pdu (_id INTEGER PRIMARY KEY AUTOINCREMENT,thread_id INTEGER,date INTEGER,date_sent INTEGER DEFAULT 0,msg_box INTEGER,read INTEGER DEFAULT 0,m_id TEXT,sub TEXT,sub_cs INTEGER,ct_t TEXT,ct_l TEXT,exp INTEGER,m_cls TEXT,m_type INTEGER,v INTEGER,m_size INTEGER,pri INTEGER,rr INTEGER,rpt_a INTEGER,resp_st INTEGER,st INTEGER,tr_id TEXT,retr_st INTEGER,retr_txt TEXT,retr_txt_cs INTEGER,read_status INTEGER,ct_cls INTEGER,resp_txt TEXT,d_tm INTEGER,d_rpt INTEGER,locked INTEGER DEFAULT 0,sub_id INTEGER DEFAULT -1, seen INTEGER DEFAULT 0,creator TEXT,text_only INTEGER DEFAULT 0) result: true
11-30 04:25:53.191 D/MmsSmsDatabaseHelper( 1921): [getWritableDatabase] hasAutoIncrementThreads: true hasAutoIncrementAddresses: true hasAutoIncrementPart: true hasAutoIncrementPdu: true
11-30 04:25:53.197 I/art     ( 2179): Rejecting re-init on previously-failed class java.lang.Class<com.google.android.gms.common.permission.PermissionUtils$1>
11-30 04:25:53.201 D/GpsLocationProvider( 1485): received SIM realted action: android.intent.action.ACTION_SUBINFO_CONTENT_CHANGE
11-30 04:25:53.202 D/GpsLocationProvider( 1485): SIM MCC/MNC is available: 310260
11-30 04:25:53.202 D/GpsLocationProvider( 1485): Reset GPS properties, previous size = 5
11-30 04:25:53.202 D/GpsLocationProvider( 1485): GpsParamsResource: SUPL_HOST=supl.google.com
11-30 04:25:53.202 D/GpsLocationProvider( 1485): GpsParamsResource: SUPL_PORT=7275
11-30 04:25:53.202 D/GpsLocationProvider( 1485): GpsParamsResource: NTP_SERVER=north-america.pool.ntp.org
11-30 04:25:53.202 D/GpsLocationProvider( 1485): GpsParamsResource: SUPL_VER=0x20000
11-30 04:25:53.202 D/GpsLocationProvider( 1485): GpsParamsResource: SUPL_MODE=1
11-30 04:25:53.202 W/GpsLocationProvider( 1485): Could not open GPS configuration file /etc/gps.conf
11-30 04:25:53.202 D/GpsLocationProvider( 1485): GPS properties reloaded, size = 5
11-30 04:25:53.202 E/GpsLocationProvider( 1485): no AGPS interface in set_agps_server
11-30 04:25:53.202 E/GpsLocationProvider( 1485): no GPS configuration interface in configuraiton_update
11-30 04:25:53.202 D/GpsLocationProvider( 1485): final config = #Thu Nov 30 04:25:53 PST 2017
11-30 04:25:53.202 D/GpsLocationProvider( 1485): SUPL_VER=0x20000
11-30 04:25:53.202 D/GpsLocationProvider( 1485): SUPL_HOST=supl.google.com
11-30 04:25:53.202 D/GpsLocationProvider( 1485): NTP_SERVER=north-america.pool.ntp.org
11-30 04:25:53.202 D/GpsLocationProvider( 1485): SUPL_PORT=7275
11-30 04:25:53.202 D/GpsLocationProvider( 1485): SUPL_MODE=1
11-30 04:25:53.216 D/Mms     ( 2611): cancelNotification
11-30 04:25:53.226 I/Auth    ( 2179): [WorkAccount] update authenticator enabled for boot or update
11-30 04:25:53.229 I/Ads     ( 2179): Initialized AdMob from dev at 172403884 in container 11.7.43 (270-172403884)
11-30 04:25:53.232 D/AlertReceiver( 2535): onReceive: a=android.intent.action.BOOT_COMPLETED Intent { act=android.intent.action.BOOT_COMPLETED flg=0x8000010 cmp=com.android.calendar/.alerts.AlertReceiver (has extras) }
11-30 04:25:53.237 V/AlarmClock( 2365): AlarmInitReceiver android.intent.action.BOOT_COMPLETED
11-30 04:25:53.243 I/SystemUpdate( 2179): [Installation,ReceiverIntentOperation] Received intent: Intent { act=com.google.android.gms.update.BASE_MODULE_INIT cat=[targeted_intent_op_prefix:.update.control.ReceiverIntentOperation] cmp=com.google.android.gms/.chimera.GmsIntentOperationService }.
11-30 04:25:53.245 I/Backup  ( 2179): [ComponentEnabler] Setting target components to enabled = false
11-30 04:25:53.245 V/Backup  ( 2179): Boot completed, flushing queues
11-30 04:25:53.245 I/Backup  ( 2179): [ComponentEnabler] Setting source components to enabled = true
11-30 04:25:53.245 V/Backup  ( 2179): [MigrateUtil] Using Pre-O Request Backup API: The device is running a version prior to Android O.
11-30 04:25:53.251 I/Backup  ( 2179): [PreLComponentEnabler] Disabling pre-L components
11-30 04:25:53.251 V/Backup  ( 2179): [PreLComponentEnabler] Disabling Component: com.google.android.gms.backup.component.D2dPreLSourceActivity
11-30 04:25:53.251 I/MmsService( 1921): mReceiver action: android.intent.action.ACTION_SUBINFO_CONTENT_CHANGE
11-30 04:25:53.251 I/Telephony( 1921): PstnIncomingCallNotifier: Unregistering: Handler (com.android.internal.telephony.gsm.GSMPhone) {39efed0d}
11-30 04:25:53.255 I/MmsService( 1921): MmsConfigManager.loadInBackground(): mcc/mnc: 310/260
11-30 04:25:53.258 W/WakefulBroadcastReceiv.( 1964): No active wake lock id #2
11-30 04:25:53.260 D/AlertUtils( 2535): Flushing old alerts from shared prefs table
11-30 04:25:53.264 D/AlertService( 2535): 0 Action = android.intent.action.BOOT_COMPLETED
11-30 04:25:53.265 I/MmsService( 1921): MmsConfigManager.load -- mcc/mnc for sub: {mSubId=1, mIccId=89014103211118510720 mSlotId=0 mDisplayName=SUB 01 mNameSource=0 mColor=0 mNumber=15555215554 mDisplayNumberFormat=1 mDataRoaming=0 mSimIconRes=[I@17ac0c64 mMcc 310 mMnc 260}
11-30 04:25:53.265 V/MmsService( 1921): MmsConfig: mUserAgent=, mUaProfUrl=
11-30 04:25:53.265 D/MmsService( 1921): MmsConfig.loadFromResources
11-30 04:25:53.265 V/MmsService( 1921): MmsConfig: all settings -- {smsToMmsTextThreshold=-1, httpParams=, maxImageWidth=2592, enabledMMS=true, maxImageHeight=1944, aliasEnabled=false, maxMessageSize=1048576, enableMMSReadReports=false, recipientLimit=2147483647, enabledNotifyWapMMSC=false, maxSubjectLength=40, smsToMmsTextLengthThreshold=-1, enableMMSDeliveryReports=false, uaProfTagName=x-wap-profile, enableMultipartSMS=true, aliasMinChars=2, supportMmsContentDisposition=true, allowAttachAudio=true, sendMultipartSmsAsSeparateMessages=false, maxMessageTextSize=-1, emailGatewayNumber=, enableGroupMms=true, aliasMaxChars=48, httpSocketTimeout=60000, config_cellBroadcastAppLinks=true, userAgent=, naiSuffix=, uaProfUrl=, enableSMSDeliveryReports=true, enabledTransID=false}
11-30 04:25:53.267 W/ChimeraUtils( 2179): Non Chimera context
11-30 04:25:53.270 V/AlarmClock( 2365): AlarmInitReceiver - Reset timers and clear stopwatch data
11-30 04:25:53.271 V/AlarmClock( 2365): AlarmInitReceiver - resetting volume button default
11-30 04:25:53.274 I/Telephony( 1921): PstnIncomingCallNotifier: Registering: Handler (com.android.internal.telephony.gsm.GSMPhone) {39efed0d}
11-30 04:25:53.276 D/AlertService( 2535): Scheduling next alarm with AlarmScheduler. sEventReminderReceived: null
11-30 04:25:53.283 E/BluetoothAdapter( 1964): Bluetooth binder is null
11-30 04:25:53.287 I/Authzen ( 2179): [PermitStore] Getting all permits...
11-30 04:25:53.288 I/Authzen ( 2179): [AuthZenEventHandler] Handling event: android.intent.action.BOOT_COMPLETED
11-30 04:25:53.291 I/Authzen ( 2179): [TransactionCache] Clearing transaction cache
11-30 04:25:53.327 I/BootCount( 1964): Device boot count in clearcut increased.
11-30 04:25:53.327 I/CheckinChimeraService( 2179): android.os.VintfObject class not found : android.os.VintfObject
11-30 04:25:53.329 I/AlarmClock( 2365): Alarms Table created
11-30 04:25:53.329 I/AlarmClock( 2365): Instance table created
11-30 04:25:53.330 I/AlarmClock( 2365): Cities table created
11-30 04:25:53.330 I/AlarmClock( 2365): Inserting default alarms
11-30 04:25:53.331 W/ChimeraUtils( 2179): Non Chimera context
11-30 04:25:53.349 D/MccTable( 1921): updateMccMncConfiguration mccmnc='310260' fromServiceState=false
11-30 04:25:53.350 D/MccTable( 1921): updateMccMncConfiguration defaultMccMnc=310260
11-30 04:25:53.350 D/MccTable( 1921): updateMccMncConfiguration: mcc=310, mnc=260
11-30 04:25:53.350 D/MccTable( 1921): getLocaleFromMcc to en_us mcc=310
11-30 04:25:53.350 D/MccTable( 1921): getLocaleForLanguageCountry: skipping already persisted
11-30 04:25:53.350 D/MccTable( 1921): updateMccMncConfiguration updateConfig config={1.0 310mcc260mnc ?locale ?layoutDir ?swdp ?wdp ?hdp ?density ?lsize ?long ?orien ?uimode ?night ?touch ?keyb/?/? ?nav/?}
11-30 04:25:53.353 D/ConnectivityService( 1485): registerNetworkAgent NetworkAgentInfo{ ni{[type: MOBILE[LTE], state: CONNECTED/CONNECTED, reason: connected, extra: epc.tmobile.com, roaming: false, failover: false, isAvailable: true, isConnectedToProvisioningNetwork: false]}  network{null}  lp{{InterfaceName: eth0 LinkAddresses: [10.0.2.15/32,]  Routes: [0.0.0.0/0 -> 10.0.2.2 eth0,] DnsAddresses: [10.0.2.3,10.0.2.4,10.0.2.5,] Domains: null MTU: 1440 TcpBufferSizes: 524288,1048576,2097152,262144,524288,1048576}}  nc{[ Transports: CELLULAR Capabilities: MMS&SUPL&FOTA&IMS&CBS&IA&INTERNET&NOT_RESTRICTED&TRUSTED&NOT_VPN LinkUpBandwidth>=51200Kbps LinkDnBandwidth>=102400Kbps]}  Score{10} validated{false} created{false} explicitlySelected{false} }
11-30 04:25:53.355 D/Mms     ( 2611): cancelNotification
11-30 04:25:53.355 V/AlarmClock( 2365): AlarmInitReceiver finished
11-30 04:25:53.358 D/GpsLocationProvider( 1485): received SIM realted action: android.intent.action.ACTION_SUBINFO_CONTENT_CHANGE
11-30 04:25:53.359 D/ConnectivityService( 1485): NetworkAgentInfo [MOBILE (LTE) - 100] EVENT_NETWORK_INFO_CHANGED, going from null to CONNECTED
11-30 04:25:53.360 D/ConnectivityService( 1485): Adding iface eth0 to network 100
11-30 04:25:53.360 V/OtaStartupReceiver( 1921): onOtaspChanged: mOtaspMode=3
11-30 04:25:53.361 D/GpsLocationProvider( 1485): SIM MCC/MNC is available: 310260
11-30 04:25:53.361 D/GpsLocationProvider( 1485): Reset GPS properties, previous size = 5
11-30 04:25:53.361 D/GpsLocationProvider( 1485): GpsParamsResource: SUPL_HOST=supl.google.com
11-30 04:25:53.361 D/GpsLocationProvider( 1485): GpsParamsResource: SUPL_PORT=7275
11-30 04:25:53.361 D/GpsLocationProvider( 1485): GpsParamsResource: NTP_SERVER=north-america.pool.ntp.org
11-30 04:25:53.361 D/GpsLocationProvider( 1485): GpsParamsResource: SUPL_VER=0x20000
11-30 04:25:53.361 D/GpsLocationProvider( 1485): GpsParamsResource: SUPL_MODE=1
11-30 04:25:53.361 W/GpsLocationProvider( 1485): Could not open GPS configuration file /etc/gps.conf
11-30 04:25:53.361 D/GpsLocationProvider( 1485): GPS properties reloaded, size = 5
11-30 04:25:53.361 E/GpsLocationProvider( 1485): no AGPS interface in set_agps_server
11-30 04:25:53.361 E/GpsLocationProvider( 1485): no GPS configuration interface in configuraiton_update
11-30 04:25:53.361 D/GpsLocationProvider( 1485): final config = #Thu Nov 30 04:25:53 PST 2017
11-30 04:25:53.361 D/GpsLocationProvider( 1485): SUPL_VER=0x20000
11-30 04:25:53.361 D/GpsLocationProvider( 1485): SUPL_HOST=supl.google.com
11-30 04:25:53.361 D/GpsLocationProvider( 1485): NTP_SERVER=north-america.pool.ntp.org
11-30 04:25:53.361 D/GpsLocationProvider( 1485): SUPL_PORT=7275
11-30 04:25:53.361 D/GpsLocationProvider( 1485): SUPL_MODE=1
11-30 04:25:53.362 D/ConnectivityService( 1485): setProvNotificationVisible: E visible=false networkType=0 action=com.android.internal.telephony.PROVISION0
11-30 04:25:53.362 D/ConnectivityService( 1485): setProvNotificationVisibleIntent: E visible=false networkType=0 extraInfo=null
11-30 04:25:53.366 D/GpsLocationProvider( 1485): received SIM realted action: android.intent.action.SIM_STATE_CHANGED
11-30 04:25:53.373 D/ConnectivityService( 1485): Setting MTU size: eth0, 1440
11-30 04:25:53.373 D/ConnectivityService( 1485): Adding Route [0.0.0.0/0 -> 10.0.2.2 eth0] to network 100
11-30 04:25:53.374 D/ConnectivityService( 1485): Setting Dns servers for network 100 to [/10.0.2.3, /10.0.2.4, /10.0.2.5]
11-30 04:25:53.375 D/Nat464Xlat( 1485): requiresClat: netType=0, connected=true, hasIPv4Address=true
11-30 04:25:53.375 D/ConnectivityService( 1485): notifyType IP_CHANGED for NetworkAgentInfo [MOBILE (LTE) - 100]
11-30 04:25:53.375 D/ConnectivityService( 1485): notifyType PRECHECK for NetworkAgentInfo [MOBILE (LTE) - 100]
11-30 04:25:53.375 D/ConnectivityService( 1485): rematching NetworkAgentInfo [MOBILE (LTE) - 100]
11-30 04:25:53.375 D/NetworkMonitorNetworkAgentInfo [MOBILE (LTE) - null]( 1485): DefaultState{ when=0 what=532481 target=com.android.internal.util.StateMachine$SmHandler }
11-30 04:25:53.375 D/NetworkMonitorNetworkAgentInfo [MOBILE (LTE) - null]( 1485): Connected
11-30 04:25:53.375 D/NetworkMonitorNetworkAgentInfo [MOBILE (LTE) - null]( 1485): EvaluatingState{ when=0 what=532486 arg1=1 target=com.android.internal.util.StateMachine$SmHandler }
11-30 04:25:53.375 D/NetworkMonitorNetworkAgentInfo [MOBILE (LTE) - null]( 1485): Checking http://clients3.google.com/generate_204 on epc.tmobile.com
11-30 04:25:53.385 I/MediaProvider( 2395): Upgrading media database from version 0 to 700, which will destroy all old data
11-30 04:25:53.388 D/ConnectivityService( 1485):    accepting network in place of null
11-30 04:25:53.389 D/ConnectivityService( 1485): Setting tx/rx TCP buffers to 524288,1048576,2097152,262144,524288,1048576
11-30 04:25:53.390 D/CSLegacyTypeTracker( 1485): Sending connected broadcast for type 0 NetworkAgentInfo [MOBILE (LTE) - 100] isDefaultNetwork=true
11-30 04:25:53.390 D/ConnectivityService( 1485): sendStickyBroadcast: action=android.net.conn.CONNECTIVITY_CHANGE_IMMEDIATE
11-30 04:25:53.391 D/ConnectivityService( 1485): Switching to new default network: NetworkAgentInfo{ ni{[type: MOBILE[LTE], state: CONNECTED/CONNECTED, reason: connected, extra: epc.tmobile.com, roaming: false, failover: false, isAvailable: true, isConnectedToProvisioningNetwork: false]}  network{100}  lp{{InterfaceName: eth0 LinkAddresses: [10.0.2.15/32,]  Routes: [0.0.0.0/0 -> 10.0.2.2 eth0,] DnsAddresses: [10.0.2.3,10.0.2.4,10.0.2.5,] Domains: null MTU: 1440 TcpBufferSizes: 524288,1048576,2097152,262144,524288,1048576}}  nc{[ Transports: CELLULAR Capabilities: MMS&SUPL&FOTA&IMS&CBS&IA&INTERNET&NOT_RESTRICTED&TRUSTED&NOT_VPN LinkUpBandwidth>=51200Kbps LinkDnBandwidth>=102400Kbps]}  Score{10} validated{false} created{true} explicitlySelected{false} }
11-30 04:25:53.392 D/GpsLocationProvider( 1485): SIM MCC/MNC is available: 310260
11-30 04:25:53.392 D/GpsLocationProvider( 1485): Reset GPS properties, previous size = 5
11-30 04:25:53.392 D/GpsLocationProvider( 1485): GpsParamsResource: SUPL_HOST=supl.google.com
11-30 04:25:53.392 D/GpsLocationProvider( 1485): GpsParamsResource: SUPL_PORT=7275
11-30 04:25:53.392 D/GpsLocationProvider( 1485): GpsParamsResource: NTP_SERVER=north-america.pool.ntp.org
11-30 04:25:53.392 D/GpsLocationProvider( 1485): GpsParamsResource: SUPL_VER=0x20000
11-30 04:25:53.392 D/GpsLocationProvider( 1485): GpsParamsResource: SUPL_MODE=1
11-30 04:25:53.392 W/GpsLocationProvider( 1485): Could not open GPS configuration file /etc/gps.conf
11-30 04:25:53.392 D/GpsLocationProvider( 1485): GPS properties reloaded, size = 5
11-30 04:25:53.392 E/GpsLocationProvider( 1485): no AGPS interface in set_agps_server
11-30 04:25:53.392 E/GpsLocationProvider( 1485): no GPS configuration interface in configuraiton_update
11-30 04:25:53.392 D/GpsLocationProvider( 1485): final config = #Thu Nov 30 04:25:53 PST 2017
11-30 04:25:53.392 D/GpsLocationProvider( 1485): SUPL_VER=0x20000
11-30 04:25:53.392 D/GpsLocationProvider( 1485): SUPL_HOST=supl.google.com
11-30 04:25:53.392 D/GpsLocationProvider( 1485): NTP_SERVER=north-america.pool.ntp.org
11-30 04:25:53.392 D/GpsLocationProvider( 1485): SUPL_PORT=7275
11-30 04:25:53.392 D/GpsLocationProvider( 1485): SUPL_MODE=1
11-30 04:25:53.413 D/AlarmScheduler( 2535): No events found starting within 1 week.
11-30 04:25:53.414 I/MmsService( 1921): mReceiver action: android.intent.action.ACTION_SUBINFO_CONTENT_CHANGE
11-30 04:25:53.414 I/Telephony( 1921): PstnIncomingCallNotifier: Unregistering: Handler (com.android.internal.telephony.gsm.GSMPhone) {39efed0d}
11-30 04:25:53.414 I/SystemBroadcastReceiver( 1830): Boot has been completed
11-30 04:25:53.419 I/MmsService( 1921): MmsConfigManager.loadInBackground(): mcc/mnc: 310/260
11-30 04:25:53.428 I/CalendarProvider2( 2557): Sending notification intent: Intent { act=android.intent.action.PROVIDER_CHANGED dat=content://com.android.calendar }
11-30 04:25:53.428 W/ContentResolver( 2557): Failed to get type for: content://com.android.calendar (Unknown URL content://com.android.calendar)
11-30 04:25:53.431 I/Telephony( 1921): PstnIncomingCallNotifier: Registering: Handler (com.android.internal.telephony.gsm.GSMPhone) {39efed0d}
11-30 04:25:53.432 I/Email   ( 2197): Onetime initialization: 1
11-30 04:25:53.435 I/MmsService( 1921): MmsConfigManager.load -- mcc/mnc for sub: {mSubId=1, mIccId=89014103211118510720 mSlotId=0 mDisplayName=SUB 01 mNameSource=0 mColor=0 mNumber=15555215554 mDisplayNumberFormat=1 mDataRoaming=0 mSimIconRes=[I@1415cafb mMcc 310 mMnc 260}
11-30 04:25:53.435 V/MmsService( 1921): MmsConfig: mUserAgent=, mUaProfUrl=
11-30 04:25:53.435 D/MmsService( 1921): MmsConfig.loadFromResources
11-30 04:25:53.436 V/MmsService( 1921): MmsConfig: all settings -- {smsToMmsTextThreshold=-1, httpParams=, maxImageWidth=2592, enabledMMS=true, maxImageHeight=1944, aliasEnabled=false, maxMessageSize=1048576, enableMMSReadReports=false, recipientLimit=2147483647, enabledNotifyWapMMSC=false, maxSubjectLength=40, smsToMmsTextLengthThreshold=-1, enableMMSDeliveryReports=false, uaProfTagName=x-wap-profile, enableMultipartSMS=true, aliasMinChars=2, supportMmsContentDisposition=true, allowAttachAudio=true, sendMultipartSmsAsSeparateMessages=false, maxMessageTextSize=-1, emailGatewayNumber=, enableGroupMms=true, aliasMaxChars=48, httpSocketTimeout=60000, config_cellBroadcastAppLinks=true, userAgent=, naiSuffix=, uaProfUrl=, enableSMSDeliveryReports=true, enabledTransID=false}
11-30 04:25:53.439 V/IdletimerController( 1142): runCmd(/system/bin/ip6tables -t raw -A idletimer_raw_PREROUTING -i eth0 -j IDLETIMER --timeout 5 --label 0 --send_nl_msg 1) res_ipv4=1, res_ipv6=1
11-30 04:25:53.440 I/Email   ( 2197): Onetime initialization: 2
11-30 04:25:53.442 I/Email   ( 2197): Onetime initialization: completed.
11-30 04:25:53.445 I/Exchange( 2157): EasService.onCreate
11-30 04:25:53.448 W/constellation( 2179): [reboot_checker] disabled by gservice flag
11-30 04:25:53.448 E/ConnectivityService( 1485): Exception in setupDataActivityTracking java.lang.IllegalStateException: command '15 idletimer add eth0 5 0' failed with '400 15 Failed to add interface'
11-30 04:25:53.449 D/ConnectivityService( 1485): notifyType AVAILABLE for NetworkAgentInfo [MOBILE (LTE) - 100]
11-30 04:25:53.449 D/ConnectivityManager.CallbackHandler( 1775): CM callback handler got msg 524290
11-30 04:25:53.453 D/NetworkMonitorNetworkAgentInfo [MOBILE (LTE) - null]( 1485): isCaptivePortal: ret=204 headers={null=[HTTP/1.1 204 No Content], Content-Length=[0], Date=[Thu, 30 Nov 2017 12:25:54 GMT], X-Android-Received-Millis=[1512044753453], X-Android-Response-Source=[NETWORK 204], X-Android-Sent-Millis=[1512044753438]}
11-30 04:25:53.453 D/NetworkMonitorNetworkAgentInfo [MOBILE (LTE) - null]( 1485): Don't send network conditions - lacking user consent.
11-30 04:25:53.453 D/NetworkMonitorNetworkAgentInfo [MOBILE (LTE) - null]( 1485): Validated
11-30 04:25:53.453 D/ConnectivityService( 1485): Validated NetworkAgentInfo [MOBILE (LTE) - 100]
11-30 04:25:53.453 D/ConnectivityService( 1485): rematching NetworkAgentInfo [MOBILE (LTE) - 100]
11-30 04:25:53.453 D/ConnectivityService( 1485): Network NetworkAgentInfo [MOBILE (LTE) - 100] was already satisfying request 1. No change.
11-30 04:25:53.453 D/ConnectivityService( 1485): notifyType AVAILABLE for NetworkAgentInfo [MOBILE (LTE) - 100]
11-30 04:25:53.453 D/ConnectivityService( 1485): sendStickyBroadcast: action=android.net.conn.INET_CONDITION_ACTION
11-30 04:25:53.454 I/Exchange( 2157): RestartPingTask
11-30 04:25:53.455 I/art     ( 2100): Explicit concurrent mark sweep GC freed 3290(149KB) AllocSpace objects, 0(0B) LOS objects, 66% free, 513KB/1537KB, paused 1.068ms total 7.020ms
11-30 04:25:53.459 I/LauncherIconVisibilityManager( 1830): Disable activity: ComponentInfo{com.android.inputmethod.latin/com.android.inputmethod.latin.setup.SetupActivity}
11-30 04:25:53.470 D/ConnectivityManager.CallbackHandler( 1775): CM callback handler got msg 524290
11-30 04:25:53.483 I/ApiChimeraService( 2179): Scheduling reset intent
11-30 04:25:53.499 I/Exchange( 2157): RestartPingsTask did not start any pings.
11-30 04:25:53.499 I/Exchange( 2157): PSS stopIfIdle
11-30 04:25:53.499 I/Exchange( 2157): PSS has no active accounts; stopping service.
11-30 04:25:53.499 I/Exchange( 2157): onDestroy
11-30 04:25:53.543 W/ConfigurationChimeraPro( 1964): Got null configs for com.google.android.gms.drive
11-30 04:25:53.544 I/Icing   ( 2179): Not sending global search app notification. Search app not installed or not signed properly.
11-30 04:25:53.545 I/CheckinCompat( 2179): Disabling old GoogleServicesFramework version
11-30 04:25:53.547 I/Fido    ( 2179): [FidoInitIntentOperation] Initializing Fido module, InitRuntimeState=3
11-30 04:25:53.558 I/Icing   ( 2179): Internal init done: storage state 0
11-30 04:25:53.594 E/libprocessgroup( 2690): failed to make and chown /acct/uid_10007: Read-only file system
11-30 04:25:53.594 W/Zygote  ( 2690): createProcessGroup failed, kernel missing CONFIG_CGROUP_CPUACCT?
11-30 04:25:53.595 W/OpenGLRenderer( 2124): Incorrectly called buildLayer on View: ShortcutAndWidgetContainer, destroying layer...
11-30 04:25:53.595 W/OpenGLRenderer( 2124): Incorrectly called buildLayer on View: ShortcutAndWidgetContainer, destroying layer...
11-30 04:25:53.605 I/ActivityManager( 1485): Start proc com.google.android.gms.unstable for service com.google.android.gms/.droidguard.DroidGuardService: pid=2690 uid=10007 gids={50007, 9997, 3003, 1028, 1015, 3002, 3001, 1005, 1007, 3007, 2001, 3006} abi=x86
11-30 04:25:53.658 W/ConfigurationChimeraPro( 1964): Got null configs for com.google.android.gms.fitness
11-30 04:25:53.662 I/Icing   ( 2179): Post-init done
11-30 04:25:53.664 I/Icing   ( 2179): Indexing 7E4C368C697065C58DD42982111307835BAEE023 from com.google.android.gms
11-30 04:25:53.665 W/ResourcesManager( 2690): Asset path '/system/framework/com.android.media.remotedisplay.jar' does not exist or contains no resources.
11-30 04:25:53.665 W/ResourcesManager( 2690): Asset path '/system/framework/com.android.location.provider.jar' does not exist or contains no resources.
11-30 04:25:53.700 I/NetworkScheduler( 1964): Using standalone scheduling engine
11-30 04:25:53.703 W/art     ( 2179): Suspending all threads took: 31.053ms
11-30 04:25:53.710 I/art     ( 2179): Background sticky concurrent mark sweep GC freed 29366(1959KB) AllocSpace objects, 25(400KB) LOS objects, 18% free, 9MB/11MB, paused 32.452ms total 67.557ms
11-30 04:25:53.712 W/art     ( 2690): Suspending all threads took: 6.197ms
11-30 04:25:53.719 I/GCM-GMS ( 2179): Scheduling task to register GMS
11-30 04:25:53.721 I/LoadedApk( 2690): No resource references to update in package FFFFFFFFFFFFFFFFFFFFFF
11-30 04:25:53.738 I/Icing   ( 2179): Query from com.google.android.gms package restrict com.google.android.gms start 0 num 100
11-30 04:25:53.739 E/Icing   ( 2179): No scoring data for corpus [1]
11-30 04:25:53.756 V/NativeCrypto( 2690): Registering com/google/android/gms/org/conscrypt/NativeCrypto's 276 native methods...
11-30 04:25:53.778 I/EventLogChimeraService( 2179): Accumulating logs since 0
11-30 04:25:53.780 I/art     ( 2690): Rejecting re-init on previously-failed class java.lang.Class<com.google.android.gms.org.conscrypt.DelegatingExtendedSSLSession>
11-30 04:25:53.780 I/art     ( 2690): Rejecting re-init on previously-failed class java.lang.Class<com.google.android.gms.org.conscrypt.DelegatingExtendedSSLSession>
11-30 04:25:53.781 I/art     ( 2690): Rejecting re-init on previously-failed class java.lang.Class<com.google.android.gms.org.conscrypt.DelegatingExtendedSSLSession>
11-30 04:25:53.781 I/Icing   ( 2179): IndexChimeraService.getServiceInterface callingPackage=com.google.android.gms componentName=AppsCorpus serviceId=32
11-30 04:25:53.781 I/Icing   ( 2179): IndexChimeraService.getServiceInterface callingPackage=com.google.android.gms componentName=AppsCorpus serviceId=36
11-30 04:25:53.786 W/Herrevad( 2179): [192] twp.c: Looking up Wifi info on a non-wifi device
11-30 04:25:53.792 W/dex2oat ( 2492): Verification of void le.a(android.os.Bundle) took 103.759ms
11-30 04:25:53.812 W/ActivityThread( 2690): ClassLoader.loadClass: The class loader returned by Thread.getContextClassLoader() may fail for processes that host multiple applications. You should explicitly specify a context class loader. For example: Thread.setContextClassLoader(getClass().getClassLoader());
11-30 04:25:53.812 W/System  ( 2690): Could not create com.google.android.gms.org.conscrypt.OpenSSLSocketFactoryImpl with ClassLoader android.app.LoadedApk$WarningContextClassLoader@2e43337d: com.google.android.gms.org.conscrypt.OpenSSLSocketFactoryImpl
11-30 04:25:53.812 I/ProviderInstaller( 2690): Installed default security provider GmsCore_OpenSSL
11-30 04:25:53.826 W/ResourceType( 2124): No package identifier when getting value for resource number 0x00000000
11-30 04:25:53.826 W/ResourceType( 2124): No package identifier when getting value for resource number 0x00000000
11-30 04:25:53.826 W/PackageManager( 2124): Failure retrieving resources for com.android.speechrecorder: Resource ID #0x0
11-30 04:25:53.826 W/ResourceType( 2124): No package identifier when getting value for resource number 0x00000000
11-30 04:25:53.826 W/PackageManager( 2124): Failure retrieving resources for com.android.speechrecorder: Resource ID #0x0
11-30 04:25:53.852 I/art     ( 2100): Explicit concurrent mark sweep GC freed 3672(162KB) AllocSpace objects, 0(0B) LOS objects, 66% free, 505KB/1529KB, paused 138us total 4.100ms
11-30 04:25:53.887 I/Icing   ( 2179): MaintenanceDriver: Registering all GCM Tasks.
11-30 04:25:53.949 I/ActivityManager( 1485): Start proc com.google.android.gms.ui for service com.google.android.gms/.chimera.UiIntentOperationService: pid=2743 uid=10007 gids={50007, 9997, 3003, 1028, 1015, 3002, 3001, 1005, 1007, 3007, 2001, 3006} abi=x86
11-30 04:25:53.955 E/libprocessgroup( 2743): failed to make and chown /acct/uid_10007: Read-only file system
11-30 04:25:53.955 W/Zygote  ( 2743): createProcessGroup failed, kernel missing CONFIG_CGROUP_CPUACCT?
11-30 04:25:54.015 W/ConfigurationChimeraPro( 1964): Got null configs for com.google.android.gms.droidguard
11-30 04:25:54.017 W/ResourcesManager( 2743): Asset path '/system/framework/com.android.media.remotedisplay.jar' does not exist or contains no resources.
11-30 04:25:54.017 W/ResourcesManager( 2743): Asset path '/system/framework/com.android.location.provider.jar' does not exist or contains no resources.
11-30 04:25:54.021 W/NetRec  ( 2179): [134] NetrecModuleInitIntentOperation.a: Device does not support scoring, exiting
11-30 04:25:54.044 I/Icing   ( 2179): Indexing done 7E4C368C697065C58DD42982111307835BAEE023
11-30 04:25:54.044 I/Icing   ( 2179): Indexing 388193C1871CE793493F6EEEE3CB46AAFD949398 from com.google.android.gms
11-30 04:25:54.070 I/FA-SVC  ( 2179): App measurement is starting up, version: 11743
11-30 04:25:54.075 W/dex2oat ( 2492): Verification of void yb.a(android.content.ContentResolver) took 266.596ms
11-30 04:25:54.083 E/GCM     ( 1964): Missing checkin config file
11-30 04:25:54.084 I/LoadedApk( 2743): No resource references to update in package FFFFFFFFFFFFFFFFFFFFFF
11-30 04:25:54.087 E/DeviceContactImportDelegate( 2179): Device contact import is disabled.
11-30 04:25:54.089 W/GCM     ( 1964): GCM FAILED TO INITIALIZE - missing checkin
11-30 04:25:54.089 E/DeviceContactImportDelegate( 2179): Data layer device contacts import is disabled.
11-30 04:25:54.089 E/DeviceContactImportDelegate( 2179): Device contact import is disabled.
11-30 04:25:54.090 W/ConfigurationChimeraPro( 1964): Got null configs for com.google.android.gms.notifications
11-30 04:25:54.090 E/SQLiteLog( 2395): (1) no such table: files
11-30 04:25:54.092 E/DeviceContactImportDelegate( 2179): Data layer device contacts import is disabled.
11-30 04:25:54.092 E/DeviceContactImportDelegate( 2179): Device contact import is disabled.
11-30 04:25:54.097 E/GCM     ( 1964): Missing checkin config file
11-30 04:25:54.097 W/GCM     ( 1964): GCM FAILED TO INITIALIZE - missing checkin
11-30 04:25:54.100 I/FA-SVC  ( 2179): This instance being marked as an uploader
11-30 04:25:54.105 E/DeviceContactImportDelegate( 2179): Data layer device contacts import is disabled.
11-30 04:25:54.109 V/NativeCrypto( 2743): Registering com/google/android/gms/org/conscrypt/NativeCrypto's 276 native methods...
11-30 04:25:54.114 I/art     ( 2743): Rejecting re-init on previously-failed class java.lang.Class<com.google.android.gms.org.conscrypt.DelegatingExtendedSSLSession>
11-30 04:25:54.114 I/art     ( 2743): Rejecting re-init on previously-failed class java.lang.Class<com.google.android.gms.org.conscrypt.DelegatingExtendedSSLSession>
11-30 04:25:54.117 I/art     ( 2743): Rejecting re-init on previously-failed class java.lang.Class<com.google.android.gms.org.conscrypt.DelegatingExtendedSSLSession>
11-30 04:25:54.131 E/BluetoothAdapter( 1964): Bluetooth binder is null
11-30 04:25:54.149 E/GCM     ( 1964): Missing checkin config file
11-30 04:25:54.149 W/GCM     ( 1964): GCM FAILED TO INITIALIZE - missing checkin
11-30 04:25:54.149 E/GcmPushIntentOperation( 1964): Failed to subscribe to GCM: com.google.android.gms.auth_api_phone
11-30 04:25:54.149 E/GcmPushIntentOperation( 1964): java.io.IOException: AUTHENTICATION_FAILED
11-30 04:25:54.149 E/GcmPushIntentOperation( 1964): 	at vgd.b(:com.google.android.gms@11743270:39)
11-30 04:25:54.149 E/GcmPushIntentOperation( 1964): 	at vgd.a(:com.google.android.gms@11743270:47)
11-30 04:25:54.149 E/GcmPushIntentOperation( 1964): 	at vga.b(:com.google.android.gms@11743270:11)
11-30 04:25:54.149 E/GcmPushIntentOperation( 1964): 	at vga.a(:com.google.android.gms@11743270:29)
11-30 04:25:54.149 E/GcmPushIntentOperation( 1964): 	at com.google.android.gms.phenotype.gcmpush.GcmPushIntentOperation.a(:com.google.android.gms@11743270:15)
11-30 04:25:54.149 E/GcmPushIntentOperation( 1964): 	at com.google.android.gms.phenotype.gcmpush.GcmPushIntentOperation.onHandleIntent(:com.google.android.gms@11743270:7)
11-30 04:25:54.149 E/GcmPushIntentOperation( 1964): 	at com.google.android.chimera.IntentOperation.onHandleIntent(:com.google.android.gms@11743270:2)
11-30 04:25:54.149 E/GcmPushIntentOperation( 1964): 	at bxd.run(:com.google.android.gms@11743270:10)
11-30 04:25:54.149 E/GcmPushIntentOperation( 1964): 	at bxa.run(:com.google.android.gms@11743270:14)
11-30 04:25:54.149 E/GcmPushIntentOperation( 1964): 	at java.util.concurrent.ThreadPoolExecutor.runWorker(ThreadPoolExecutor.java:1112)
11-30 04:25:54.149 E/GcmPushIntentOperation( 1964): 	at java.util.concurrent.ThreadPoolExecutor$Worker.run(ThreadPoolExecutor.java:587)
11-30 04:25:54.149 E/GcmPushIntentOperation( 1964): 	at java.lang.Thread.run(Thread.java:818)
11-30 04:25:54.157 W/ProcessCheckinRequest( 2179): Fail to connect to GoogleApiClient error : ksg{statusCode=TIMEOUT, resolution=null, message=null}
11-30 04:25:54.162 W/ActivityThread( 2743): ClassLoader.loadClass: The class loader returned by Thread.getContextClassLoader() may fail for processes that host multiple applications. You should explicitly specify a context class loader. For example: Thread.setContextClassLoader(getClass().getClassLoader());
11-30 04:25:54.162 W/System  ( 2743): Could not create com.google.android.gms.org.conscrypt.OpenSSLSocketFactoryImpl with ClassLoader android.app.LoadedApk$WarningContextClassLoader@2e43337d: com.google.android.gms.org.conscrypt.OpenSSLSocketFactoryImpl
11-30 04:25:54.162 I/ProviderInstaller( 2743): Installed default security provider GmsCore_OpenSSL
11-30 04:25:54.171 I/HeterodyneSyncScheduler( 1964): Scheduling Phenotype for a PhenotypeSyncImmediately(6, com.google.android.gms.lockbox) one off with window [1, 2] in seconds
11-30 04:25:54.176 I/CheckinRequestBuilder( 2179): Checkin reason type: 5 attempt count: 1
11-30 04:25:54.194 I/MagicTether( 1964): [HostValidator] InvalidHost. MobileData: true, Tethering: false, whitelist: false, ble: false
11-30 04:25:54.201 I/Authzen ( 2179): [DeviceStateSyncManager] Device state updated successfully
11-30 04:25:54.206 I/art     ( 2100): Explicit concurrent mark sweep GC freed 3546(155KB) AllocSpace objects, 0(0B) LOS objects, 50% free, 504KB/1016KB, paused 42us total 3.988ms
11-30 04:25:54.219 E/GCM     ( 1964): Missing checkin config file
11-30 04:25:54.219 W/GCM     ( 1964): GCM FAILED TO INITIALIZE - missing checkin
11-30 04:25:54.220 E/GcmPushIntentOperation( 1964): Failed to subscribe to GCM: com.google.android.gms.romanesco
11-30 04:25:54.220 E/GcmPushIntentOperation( 1964): java.io.IOException: AUTHENTICATION_FAILED
11-30 04:25:54.220 E/GcmPushIntentOperation( 1964): 	at vgd.b(:com.google.android.gms@11743270:39)
11-30 04:25:54.220 E/GcmPushIntentOperation( 1964): 	at vgd.a(:com.google.android.gms@11743270:46)
11-30 04:25:54.220 E/GcmPushIntentOperation( 1964): 	at vga.b(:com.google.android.gms@11743270:11)
11-30 04:25:54.220 E/GcmPushIntentOperation( 1964): 	at vga.a(:com.google.android.gms@11743270:29)
11-30 04:25:54.220 E/GcmPushIntentOperation( 1964): 	at com.google.android.gms.phenotype.gcmpush.GcmPushIntentOperation.a(:com.google.android.gms@11743270:15)
11-30 04:25:54.220 E/GcmPushIntentOperation( 1964): 	at com.google.android.gms.phenotype.gcmpush.GcmPushIntentOperation.onHandleIntent(:com.google.android.gms@11743270:7)
11-30 04:25:54.220 E/GcmPushIntentOperation( 1964): 	at com.google.android.chimera.IntentOperation.onHandleIntent(:com.google.android.gms@11743270:2)
11-30 04:25:54.220 E/GcmPushIntentOperation( 1964): 	at bxd.run(:com.google.android.gms@11743270:10)
11-30 04:25:54.220 E/GcmPushIntentOperation( 1964): 	at bxa.run(:com.google.android.gms@11743270:14)
11-30 04:25:54.220 E/GcmPushIntentOperation( 1964): 	at java.util.concurrent.ThreadPoolExecutor.runWorker(ThreadPoolExecutor.java:1112)
11-30 04:25:54.220 E/GcmPushIntentOperation( 1964): 	at java.util.concurrent.ThreadPoolExecutor$Worker.run(ThreadPoolExecutor.java:587)
11-30 04:25:54.220 E/GcmPushIntentOperation( 1964): 	at java.lang.Thread.run(Thread.java:818)
11-30 04:25:54.236 V/AlarmClock( 2365): AlarmInitReceiver android.intent.action.TIMEZONE_CHANGED
11-30 04:25:54.241 E/ActivityThread( 2179): Failed to find provider info for com.google.android.wearable.settings
11-30 04:25:54.244 V/AlarmClock( 2365): AlarmInitReceiver finished
11-30 04:25:54.272 E/GCM     ( 1964): Missing checkin config file
11-30 04:25:54.272 W/GCM     ( 1964): GCM FAILED TO INITIALIZE - missing checkin
11-30 04:25:54.274 V/AlarmClock( 2365): AlarmInitReceiver android.intent.action.TIME_SET
11-30 04:25:54.281 E/GcmPushIntentOperation( 1964): Failed to subscribe to GCM: com.google.android.gms.accountsettings
11-30 04:25:54.281 E/GcmPushIntentOperation( 1964): java.io.IOException: AUTHENTICATION_FAILED
11-30 04:25:54.281 E/GcmPushIntentOperation( 1964): 	at vgd.b(:com.google.android.gms@11743270:39)
11-30 04:25:54.281 E/GcmPushIntentOperation( 1964): 	at vgd.a(:com.google.android.gms@11743270:46)
11-30 04:25:54.281 E/GcmPushIntentOperation( 1964): 	at vga.b(:com.google.android.gms@11743270:11)
11-30 04:25:54.281 E/GcmPushIntentOperation( 1964): 	at vga.a(:com.google.android.gms@11743270:29)
11-30 04:25:54.281 E/GcmPushIntentOperation( 1964): 	at com.google.android.gms.phenotype.gcmpush.GcmPushIntentOperation.a(:com.google.android.gms@11743270:15)
11-30 04:25:54.281 E/GcmPushIntentOperation( 1964): 	at com.google.android.gms.phenotype.gcmpush.GcmPushIntentOperation.onHandleIntent(:com.google.android.gms@11743270:7)
11-30 04:25:54.281 E/GcmPushIntentOperation( 1964): 	at com.google.android.chimera.IntentOperation.onHandleIntent(:com.google.android.gms@11743270:2)
11-30 04:25:54.281 E/GcmPushIntentOperation( 1964): 	at bxd.run(:com.google.android.gms@11743270:10)
11-30 04:25:54.281 E/GcmPushIntentOperation( 1964): 	at bxa.run(:com.google.android.gms@11743270:14)
11-30 04:25:54.281 E/GcmPushIntentOperation( 1964): 	at java.util.concurrent.ThreadPoolExecutor.runWorker(ThreadPoolExecutor.java:1112)
11-30 04:25:54.281 E/GcmPushIntentOperation( 1964): 	at java.util.concurrent.ThreadPoolExecutor$Worker.run(ThreadPoolExecutor.java:587)
11-30 04:25:54.281 E/GcmPushIntentOperation( 1964): 	at java.lang.Thread.run(Thread.java:818)
11-30 04:25:54.286 V/AlarmClock( 2365): AlarmInitReceiver finished
11-30 04:25:54.312 I/art     ( 1964): Background sticky concurrent mark sweep GC freed 6780(389KB) AllocSpace objects, 0(0B) LOS objects, 3% free, 10MB/10MB, paused 6.202ms total 83.056ms
11-30 04:25:54.340 E/GCM     ( 1964): Missing checkin config file
11-30 04:25:54.340 W/GCM     ( 1964): GCM FAILED TO INITIALIZE - missing checkin
11-30 04:25:54.361 E/GcmPushIntentOperation( 1964): Failed to subscribe to GCM: com.google.android.gms.beacon
11-30 04:25:54.361 E/GcmPushIntentOperation( 1964): java.io.IOException: AUTHENTICATION_FAILED
11-30 04:25:54.361 E/GcmPushIntentOperation( 1964): 	at vgd.b(:com.google.android.gms@11743270:39)
11-30 04:25:54.361 E/GcmPushIntentOperation( 1964): 	at vgd.a(:com.google.android.gms@11743270:46)
11-30 04:25:54.361 E/GcmPushIntentOperation( 1964): 	at vga.b(:com.google.android.gms@11743270:11)
11-30 04:25:54.361 E/GcmPushIntentOperation( 1964): 	at vga.a(:com.google.android.gms@11743270:29)
11-30 04:25:54.361 E/GcmPushIntentOperation( 1964): 	at com.google.android.gms.phenotype.gcmpush.GcmPushIntentOperation.a(:com.google.android.gms@11743270:15)
11-30 04:25:54.361 E/GcmPushIntentOperation( 1964): 	at com.google.android.gms.phenotype.gcmpush.GcmPushIntentOperation.onHandleIntent(:com.google.android.gms@11743270:7)
11-30 04:25:54.361 E/GcmPushIntentOperation( 1964): 	at com.google.android.chimera.IntentOperation.onHandleIntent(:com.google.android.gms@11743270:2)
11-30 04:25:54.361 E/GcmPushIntentOperation( 1964): 	at bxd.run(:com.google.android.gms@11743270:10)
11-30 04:25:54.361 E/GcmPushIntentOperation( 1964): 	at bxa.run(:com.google.android.gms@11743270:14)
11-30 04:25:54.361 E/GcmPushIntentOperation( 1964): 	at java.util.concurrent.ThreadPoolExecutor.runWorker(ThreadPoolExecutor.java:1112)
11-30 04:25:54.361 E/GcmPushIntentOperation( 1964): 	at java.util.concurrent.ThreadPoolExecutor$Worker.run(ThreadPoolExecutor.java:587)
11-30 04:25:54.361 E/GcmPushIntentOperation( 1964): 	at java.lang.Thread.run(Thread.java:818)
11-30 04:25:54.385 I/DynamiteModule( 2690): Considering local module com.google.android.gms.googlecertificates:4 and remote module com.google.android.gms.googlecertificates:4
11-30 04:25:54.385 I/DynamiteModule( 2690): Selected local version of com.google.android.gms.googlecertificates
11-30 04:25:54.387 V/Mms     ( 2611): onStart: #1 mResultCode: -1 = Activity.RESULT_OK
11-30 04:25:54.388 I/HeterodyneSyncScheduler( 1964): Scheduling Phenotype for a PhenotypeSyncImmediately(6, com.google.android.gms.people) one off with window [1, 2] in seconds
11-30 04:25:54.426 W/dex2oat ( 2492): Compilation of acc acc.b(afu) took 103.581ms
11-30 04:25:54.439 E/GCM     ( 1964): Missing checkin config file
11-30 04:25:54.439 W/GCM     ( 1964): GCM FAILED TO INITIALIZE - missing checkin
11-30 04:25:54.441 E/GCM     ( 1964): Missing checkin config file
11-30 04:25:54.441 W/GCM     ( 1964): GCM FAILED TO INITIALIZE - missing checkin
11-30 04:25:54.441 E/GCM     ( 1964): Missing checkin config file
11-30 04:25:54.441 W/GCM     ( 1964): GCM FAILED TO INITIALIZE - missing checkin
11-30 04:25:54.442 E/GcmPushIntentOperation( 1964): Failed to subscribe to GCM: com.google.android.gms.smart_profile
11-30 04:25:54.442 E/GcmPushIntentOperation( 1964): java.io.IOException: AUTHENTICATION_FAILED
11-30 04:25:54.442 E/GcmPushIntentOperation( 1964): 	at vgd.b(:com.google.android.gms@11743270:39)
11-30 04:25:54.442 E/GcmPushIntentOperation( 1964): 	at vgd.a(:com.google.android.gms@11743270:46)
11-30 04:25:54.442 E/GcmPushIntentOperation( 1964): 	at vga.b(:com.google.android.gms@11743270:11)
11-30 04:25:54.442 E/GcmPushIntentOperation( 1964): 	at vga.a(:com.google.android.gms@11743270:29)
11-30 04:25:54.442 E/GcmPushIntentOperation( 1964): 	at com.google.android.gms.phenotype.gcmpush.GcmPushIntentOperation.a(:com.google.android.gms@11743270:15)
11-30 04:25:54.442 E/GcmPushIntentOperation( 1964): 	at com.google.android.gms.phenotype.gcmpush.GcmPushIntentOperation.onHandleIntent(:com.google.android.gms@11743270:7)
11-30 04:25:54.442 E/GcmPushIntentOperation( 1964): 	at com.google.android.chimera.IntentOperation.onHandleIntent(:com.google.android.gms@11743270:2)
11-30 04:25:54.442 E/GcmPushIntentOperation( 1964): 	at bxd.run(:com.google.android.gms@11743270:10)
11-30 04:25:54.442 E/GcmPushIntentOperation( 1964): 	at bxa.run(:com.google.android.gms@11743270:14)
11-30 04:25:54.442 E/GcmPushIntentOperation( 1964): 	at java.util.concurrent.ThreadPoolExecutor.runWorker(ThreadPoolExecutor.java:1112)
11-30 04:25:54.442 E/GcmPushIntentOperation( 1964): 	at java.util.concurrent.ThreadPoolExecutor$Worker.run(ThreadPoolExecutor.java:587)
11-30 04:25:54.442 E/GcmPushIntentOperation( 1964): 	at java.lang.Thread.run(Thread.java:818)
11-30 04:25:54.464 E/GCM     ( 1964): Missing checkin config file
11-30 04:25:54.464 W/GCM     ( 1964): GCM FAILED TO INITIALIZE - missing checkin
11-30 04:25:54.465 E/GcmPushIntentOperation( 1964): Failed to subscribe to GCM: com.google.android.location
11-30 04:25:54.465 E/GcmPushIntentOperation( 1964): java.io.IOException: AUTHENTICATION_FAILED
11-30 04:25:54.465 E/GcmPushIntentOperation( 1964): 	at vgd.b(:com.google.android.gms@11743270:39)
11-30 04:25:54.465 E/GcmPushIntentOperation( 1964): 	at vgd.a(:com.google.android.gms@11743270:46)
11-30 04:25:54.465 E/GcmPushIntentOperation( 1964): 	at vga.b(:com.google.android.gms@11743270:11)
11-30 04:25:54.465 E/GcmPushIntentOperation( 1964): 	at vga.a(:com.google.android.gms@11743270:29)
11-30 04:25:54.465 E/GcmPushIntentOperation( 1964): 	at com.google.android.gms.phenotype.gcmpush.GcmPushIntentOperation.a(:com.google.android.gms@11743270:15)
11-30 04:25:54.465 E/GcmPushIntentOperation( 1964): 	at com.google.android.gms.phenotype.gcmpush.GcmPushIntentOperation.onHandleIntent(:com.google.android.gms@11743270:7)
11-30 04:25:54.465 E/GcmPushIntentOperation( 1964): 	at com.google.android.chimera.IntentOperation.onHandleIntent(:com.google.android.gms@11743270:2)
11-30 04:25:54.465 E/GcmPushIntentOperation( 1964): 	at bxd.run(:com.google.android.gms@11743270:10)
11-30 04:25:54.465 E/GcmPushIntentOperation( 1964): 	at bxa.run(:com.google.android.gms@11743270:14)
11-30 04:25:54.465 E/GcmPushIntentOperation( 1964): 	at java.util.concurrent.ThreadPoolExecutor.runWorker(ThreadPoolExecutor.java:1112)
11-30 04:25:54.465 E/GcmPushIntentOperation( 1964): 	at java.util.concurrent.ThreadPoolExecutor$Worker.run(ThreadPoolExecutor.java:587)
11-30 04:25:54.465 E/GcmPushIntentOperation( 1964): 	at java.lang.Thread.run(Thread.java:818)
11-30 04:25:54.472 E/cutils-trace( 2830): Error opening trace file: Permission denied (13)
11-30 04:25:54.472 I/dex2oat ( 2830): /system/bin/dex2oat --runtime-arg -classpath --runtime-arg  --instruction-set=x86 --instruction-set-features=default --runtime-arg -Xrelocate --boot-image=/system/framework/boot.art --dex-file=/data/data/com.google.android.gms/app_dg_cache/C6260A80C0770E1101DFB462B39F793939763656/the.apk --oat-fd=34 --oat-location=/data/data/com.google.android.gms/app_dg_cache/C6260A80C0770E1101DFB462B39F793939763656/opt/the.dex --runtime-arg -Xms64m --runtime-arg -Xmx512m
11-30 04:25:54.480 I/HeterodyneSyncScheduler( 1964): Scheduling Phenotype for a PhenotypeSyncImmediately(6, com.google.android.gms.people.ui) one off with window [1, 2] in seconds
11-30 04:25:54.484 D/ConnectivityService( 1485): reportBadNetwork(NetworkAgentInfo [MOBILE (LTE) - 100]) by 10007
11-30 04:25:54.485 D/NetworkMonitorNetworkAgentInfo [MOBILE (LTE) - null]( 1485): ValidatedState{ when=0 what=532488 arg1=10007 target=com.android.internal.util.StateMachine$SmHandler }
