11-30 04:25:57.210 I/Backup  ( 1964): [BackupTransportMigratorChimeraService] Component name not found : com.google.android.backuptransport/com.google.android.backup.BackupTransportService
11-30 04:25:57.210 I/Backup  ( 1964): [BackupTransportMigratorChimeraService] Component name not found : com.google.android.backup/com.google.android.backup.BackupTransportService
11-30 04:25:57.210 I/Backup  ( 1964): [BackupTransportMigratorChimeraService] Successfully migrated to use GMS BackupTransportService!
11-30 04:25:57.220 I/art     ( 2179): Explicit concurrent mark sweep GC freed 27274(1393KB) AllocSpace objects, 8(128KB) LOS objects, 27% free, 10MB/14MB, paused 433us total 78.081ms
11-30 04:25:57.254 D/DownloadManager( 2395): [1] Starting
11-30 04:25:57.257 I/CmaSystemUpdateService( 2179): StartServiceIntentOperation: Intent { act=com.google.gservices.intent.action.GSERVICES_CHANGED flg=0x10 cmp=com.google.android.gms/.chimera.GmsIntentOperationService$PersistentInternalReceiver }
11-30 04:25:57.257 I/CmaSystemUpdateService( 2179): receiver: Intent { act=com.google.gservices.intent.action.GSERVICES_CHANGED flg=0x10 cmp=com.google.android.gms/.chimera.GmsIntentOperationService$PersistentInternalReceiver }
11-30 04:25:57.258 D/Wear_Controller( 2179): Received broadcast action=android.intent.action.PACKAGE_CHANGED and uri=com.android.inputmethod.latin
11-30 04:25:57.264 I/SystemUpdate( 2179): [Installation,ReceiverIntentOperation] Received intent: Intent { act=com.google.gservices.intent.action.GSERVICES_CHANGED flg=0x10 cmp=com.google.android.gms/.chimera.GmsIntentOperationService$PersistentInternalReceiver }.
11-30 04:25:57.269 W/ChimeraUtils( 2179): Non Chimera context
11-30 04:25:57.276 W/ActivityThread( 2395): ClassLoader.loadClass: The class loader returned by Thread.getContextClassLoader() may fail for processes that host multiple applications. You should explicitly specify a context class loader. For example: Thread.setContextClassLoader(getClass().getClassLoader());
11-30 04:25:57.287 I/GCoreUlr( 1964): WorldUpdater:com.google.gservices.intent.action.GSERVICES_CHANGED: Ensuring that reporting is stopped because of reasons: (no Google accounts)
11-30 04:25:57.293 I/HeterodyneSyncScheduler( 1964): Scheduling Phenotype for a PhenotypeSyncImmediately(6, com.google.android.gms.checkin.binary) one off with window [1, 2] in seconds
11-30 04:25:57.299 I/GCoreUlr( 1964): Unbound from all location providers
11-30 04:25:57.299 I/GCoreUlr( 1964): Place inference reporting - stop
11-30 04:25:57.327 I/Icing   ( 2179): Usage reports ok 0, Failed Usage reports 0, indexed 0, rejected 0, imm upload false
11-30 04:25:57.333 I/SystemUpdate( 2179): [Execution,InstallationEventIntentOperation] Received intent with event 2.
11-30 04:25:57.334 I/art     ( 2179): Rejecting re-init on previously-failed class java.lang.Class<aiww>
11-30 04:25:57.334 I/art     ( 2179): Rejecting re-init on previously-failed class java.lang.Class<aiww>
11-30 04:25:57.342 I/GCoreUlr( 1964): Stopping handler for UlrDispSvcFast
11-30 04:25:57.344 I/GCoreUlr( 1964): Unbound from all location providers
11-30 04:25:57.344 I/GCoreUlr( 1964): Place inference reporting - stop
11-30 04:25:57.348 I/art     ( 2100): Explicit concurrent mark sweep GC freed 4253(277KB) AllocSpace objects, 0(0B) LOS objects, 51% free, 967KB/1991KB, paused 382us total 14.063ms
11-30 04:25:57.348 E/SQLiteLog( 2557): (284) automatic index on view_events(_id)
11-30 04:25:57.350 I/GCM-GMS ( 2179): Scheduling task to register GMS
11-30 04:25:57.379 I/Icing   ( 2179): updateResources: need to parse ubq{com.google.android.gms}
11-30 04:25:57.381 I/GoogleURLConnFactory( 1964): Using platform SSLCertificateSocketFactory
11-30 04:25:57.388 I/CmaSystemUpdateService( 2179): connectivity change: Intent { act=android.net.conn.CONNECTIVITY_CHANGE flg=0x4000010 (has extras) }
11-30 04:25:57.388 I/CmaSystemUpdateService( 2179): receiver: Intent { act=android.net.conn.CONNECTIVITY_CHANGE flg=0x4000010 (has extras) }
11-30 04:25:57.390 I/Vision  ( 2179): Supported ABIS: [x86]
11-30 04:25:57.393 W/Conscrypt( 1964): Could not set socket write timeout:
11-30 04:25:57.393 W/Conscrypt( 1964):    java.lang.reflect.Method.invoke(Native Method)
11-30 04:25:57.393 W/Conscrypt( 1964):    java.lang.reflect.Method.invoke(Method.java:372)
11-30 04:25:57.394 E/NetworkScheduler( 1964): ignoring stale queue check message
11-30 04:25:57.408 I/SystemUpdate( 2179): [Execution,InstallationIntentOperation] Received intent: Intent { act=com.google.android.gms.update.INSTALL_UPDATE cat=[targeted_intent_op_prefix:.update.execution.InstallationIntentOperation] cmp=com.google.android.gms/.chimera.GmsIntentOperationService }.
11-30 04:25:57.408 I/Icing   ( 2179): IndexChimeraService.getServiceInterface callingPackage=com.google.android.gms componentName=AppsCorpus serviceId=32
11-30 04:25:57.409 I/Icing   ( 2179): IndexChimeraService.getServiceInterface callingPackage=com.google.android.gms componentName=AppsCorpus serviceId=36
11-30 04:25:57.417 I/SystemUpdate( 2179): [Control,InstallationControl] Installation progress updated to (0x000, -1.000).
11-30 04:25:57.436 I/SystemUpdate( 2179): [Execution,InstallationEventIntentOperation] Received intent with event 100.
11-30 04:25:57.456 I/HeterodyneSyncScheduler( 1964): Scheduling Phenotype for a PhenotypeSyncImmediately(6, com.google.android.gms.settings.platform) one off with window [1, 2] in seconds
11-30 04:25:57.484 I/SystemUpdate( 2179): [Execution,ExecutionManager] Action pending executed for 0.07 seconds.
11-30 04:25:57.487 I/SystemUpdate( 2179): [Execution,ExecutionManager] Action finished-execution executed for 0.00 seconds.
11-30 04:25:57.508 I/HeterodyneSyncScheduler( 1964): Scheduling Phenotype for a PhenotypeSyncImmediately(6, com.google.android.gms.phenotype) one off with window [1, 2] in seconds
11-30 04:25:57.510 W/Conscrypt( 1964): Could not set socket write timeout:
11-30 04:25:57.517 W/Conscrypt( 1964):    java.lang.reflect.Method.invoke(Native Method)
11-30 04:25:57.517 W/Conscrypt( 1964):    java.lang.reflect.Method.invoke(Method.java:372)
11-30 04:25:57.533 E/NetworkScheduler( 1964): ignoring stale queue check message
11-30 04:25:57.540 I/CheckinUtil( 1964): Classify the device as Phone.
11-30 04:25:57.556 I/FontsSharedState( 2179): Updating from directory version 0 to 9 from disk
11-30 04:25:57.559 W/Conscrypt( 1964): Could not set socket write timeout:
11-30 04:25:57.559 W/Conscrypt( 1964):    java.lang.reflect.Method.invoke(Native Method)
11-30 04:25:57.559 W/Conscrypt( 1964):    java.lang.reflect.Method.invoke(Method.java:372)
11-30 04:25:57.603 W/Conscrypt( 1964): Could not set socket write timeout:
11-30 04:25:57.603 W/Conscrypt( 1964):    java.lang.reflect.Method.invoke(Native Method)
11-30 04:25:57.603 W/Conscrypt( 1964):    java.lang.reflect.Method.invoke(Method.java:372)
11-30 04:25:57.637 I/Icing   ( 2179): Usage reports ok 0, Failed Usage reports 0, indexed 0, rejected 0, imm upload false
11-30 04:25:57.641 I/Icing   ( 2179): Usage reports ok 0, Failed Usage reports 0, indexed 0, rejected 0, imm upload false
11-30 04:25:57.650 I/Icing   ( 2179): IndexChimeraService.getServiceInterface callingPackage=com.google.android.gms componentName=AppsCorpus serviceId=32
11-30 04:25:57.650 I/Icing   ( 2179): IndexChimeraService.getServiceInterface callingPackage=com.google.android.gms componentName=AppsCorpus serviceId=36
11-30 04:25:57.672 I/Icing   ( 2179): Usage reports ok 0, Failed Usage reports 0, indexed 0, rejected 0, imm upload false
11-30 04:25:57.674 I/Icing   ( 2179): Usage reports ok 0, Failed Usage reports 0, indexed 0, rejected 0, imm upload false
11-30 04:25:57.702 D/DownloadManager( 2395): [1] Finished with status SUCCESS
11-30 04:25:57.719 I/Icing   ( 2179): IndexChimeraService.getServiceInterface callingPackage=com.google.android.gms componentName=AppsCorpus serviceId=32
11-30 04:25:57.720 I/Icing   ( 2179): IndexChimeraService.getServiceInterface callingPackage=com.google.android.gms componentName=AppsCorpus serviceId=36
11-30 04:25:57.729 I/Icing   ( 2179): Usage reports ok 0, Failed Usage reports 0, indexed 0, rejected 0, imm upload false
11-30 04:25:57.731 I/Icing   ( 2179): Usage reports ok 0, Failed Usage reports 0, indexed 0, rejected 0, imm upload false
11-30 04:25:57.785 W/ActivityManager( 1485): Unable to start service Intent { act=com.google.android.finsky.BIND_PLAY_MODULE_SERVICE pkg=com.android.vending } U=0: not found
11-30 04:25:57.786 E/ZappConnFactory( 2179): Unable to bind to PlayStore
11-30 04:25:57.786 W/ActivityManager( 1485): Unbind failed: could not find connection for android.os.BinderProxy@1ee53e48
11-30 04:25:57.803 I/Icing   ( 2179): IndexChimeraService.getServiceInterface callingPackage=com.google.android.gms componentName=AppsCorpus serviceId=32
11-30 04:25:57.803 I/Icing   ( 2179): IndexChimeraService.getServiceInterface callingPackage=com.google.android.gms componentName=AppsCorpus serviceId=36
11-30 04:25:57.808 W/NetRec  ( 1964): [118] ConfigChangedIntentOperation.onHandleIntent: Device does not support scoring, exiting
11-30 04:25:57.834 I/Vision  ( 2179): Registration status ocr_x86.zip: The download is pending.
11-30 04:25:57.838 I/Icing   ( 2179): Usage reports ok 0, Failed Usage reports 0, indexed 0, rejected 0, imm upload false
11-30 04:25:57.842 I/Icing   ( 2179): Usage reports ok 0, Failed Usage reports 0, indexed 0, rejected 0, imm upload false
11-30 04:25:57.844 I/Icing   ( 2179): IndexChimeraService.getServiceInterface callingPackage=com.google.android.gms componentName=AppsCorpus serviceId=32
11-30 04:25:57.844 I/Icing   ( 2179): IndexChimeraService.getServiceInterface callingPackage=com.google.android.gms componentName=AppsCorpus serviceId=36
11-30 04:25:57.885 I/Icing   ( 2179): Usage reports ok 0, Failed Usage reports 0, indexed 0, rejected 0, imm upload false
11-30 04:25:57.888 I/Icing   ( 2179): Usage reports ok 0, Failed Usage reports 0, indexed 0, rejected 0, imm upload false
11-30 04:25:57.910 W/NetRec  ( 1964): [283] ConfigChangedIntentOperation.onHandleIntent: Device does not support scoring, exiting
11-30 04:25:57.919 I/PTCommittedOperation( 1964): Receive new configuration for com.google.android.gms.trustagent
11-30 04:25:57.928 I/Vision  ( 2179): Download status ocr_x86.zip: The download is pending.
11-30 04:25:57.929 I/Vision  ( 2179): Forcing download ocr_x86.zip: The download is pending.
11-30 04:25:57.940 I/SettingsChangedIntentOp( 2179): SettingsChangedIntentOperation.run: Got intent Intent { act=com.google.android.gms.phenotype.COMMITTED flg=0x10 pkg=com.google.android.gms cmp=com.google.android.gms/.chimera.GmsIntentOperationService (has extras) }
11-30 04:25:57.940 I/SettingsChangedIntentOp( 2179): SettingsChangedIntentOperation.run Intent extra com.google.android.gms.phenotype.PACKAGE_NAME: com.google.android.gms.trustagent
11-30 04:25:57.940 I/SettingsChangedIntentOp( 2179): Action: com.google.android.gms.phenotype.COMMITTED
11-30 04:25:57.940 I/SettingsChangedIntentOp( 2179): EXTRA_PACKAGE_NAME: com.google.android.gms.trustagent
11-30 04:25:57.940 W/OcrModelUpStIntentOp( 2179): Invalid action: com.google.android.gms.phenotype.COMMITTED
11-30 04:25:57.984 E/NetworkScheduler( 1964): ignoring stale queue check message
11-30 04:25:58.036 I/art     ( 1485): Explicit concurrent mark sweep GC freed 41634(2MB) AllocSpace objects, 6(148KB) LOS objects, 28% free, 10MB/14MB, paused 2.230ms total 83.264ms
11-30 04:25:58.040 W/NetRec  ( 1964): [283] ConfigChangedIntentOperation.onHandleIntent: Device does not support scoring, exiting
11-30 04:25:58.058 I/PTCommittedOperation( 1964): Receive new configuration for com.google.android.gms.people
11-30 04:25:58.069 I/PTCommittedOperation( 1964): Receive new configuration for com.google.android.gms.feedback
11-30 04:25:58.083 D/DownloadManager( 2395): [2] Starting
11-30 04:25:58.083 I/Vision  ( 2179): Registration status ocr_x86.zip: The download is in progress.
11-30 04:25:58.086 W/OcrModelUpStIntentOp( 2179): Invalid action: com.google.android.gms.phenotype.COMMITTED
11-30 04:25:58.089 W/ConfigurationChimeraPro( 1964): Got null configs for com.google.android.gms.ads
11-30 04:25:58.096 I/SettingsChangedIntentOp( 2179): SettingsChangedIntentOperation.run: Got intent Intent { act=com.google.android.gms.phenotype.COMMITTED flg=0x10 pkg=com.google.android.gms cmp=com.google.android.gms/.chimera.GmsIntentOperationService (has extras) }
11-30 04:25:58.096 I/SettingsChangedIntentOp( 2179): SettingsChangedIntentOperation.run Intent extra com.google.android.gms.phenotype.PACKAGE_NAME: com.google.android.gms.people
11-30 04:25:58.096 I/SettingsChangedIntentOp( 2179): Action: com.google.android.gms.phenotype.COMMITTED
11-30 04:25:58.096 I/SettingsChangedIntentOp( 2179): EXTRA_PACKAGE_NAME: com.google.android.gms.people
11-30 04:25:58.106 E/StrictMode( 2611): A resource was acquired at attached stack trace but never released. See java.io.Closeable for information on avoiding resource leaks.
11-30 04:25:58.106 E/StrictMode( 2611): java.lang.Throwable: Explicit termination method 'release' not called
11-30 04:25:58.106 E/StrictMode( 2611): 	at dalvik.system.CloseGuard.open(CloseGuard.java:184)
11-30 04:25:58.106 E/StrictMode( 2611): 	at android.drm.DrmManagerClient.<init>(DrmManagerClient.java:258)
11-30 04:25:58.106 E/StrictMode( 2611): 	at com.google.android.mms.pdu.PduPersister.<init>(PduPersister.java:288)
11-30 04:25:58.106 E/StrictMode( 2611): 	at com.google.android.mms.pdu.PduPersister.getPduPersister(PduPersister.java:299)
11-30 04:25:58.106 E/StrictMode( 2611): 	at com.android.mms.transaction.TransactionService.onNewIntent(TransactionService.java:224)
11-30 04:25:58.106 E/StrictMode( 2611): 	at com.android.mms.transaction.TransactionService$ServiceHandler.handleMessage(TransactionService.java:626)
11-30 04:25:58.106 E/StrictMode( 2611): 	at android.os.Handler.dispatchMessage(Handler.java:102)
11-30 04:25:58.106 E/StrictMode( 2611): 	at android.os.Looper.loop(Looper.java:135)
11-30 04:25:58.106 E/StrictMode( 2611): 	at android.os.HandlerThread.run(HandlerThread.java:61)
11-30 04:25:58.121 W/OcrModelUpStIntentOp( 2179): Invalid action: com.google.android.gms.phenotype.COMMITTED
11-30 04:25:58.124 I/SettingsChangedIntentOp( 2179): SettingsChangedIntentOperation.run: Got intent Intent { act=com.google.android.gms.phenotype.COMMITTED flg=0x10 pkg=com.google.android.gms cmp=com.google.android.gms/.chimera.GmsIntentOperationService (has extras) }
11-30 04:25:58.124 I/SettingsChangedIntentOp( 2179): SettingsChangedIntentOperation.run Intent extra com.google.android.gms.phenotype.PACKAGE_NAME: com.google.android.gms.feedback
11-30 04:25:58.124 I/SettingsChangedIntentOp( 2179): Action: com.google.android.gms.phenotype.COMMITTED
11-30 04:25:58.124 I/SettingsChangedIntentOp( 2179): EXTRA_PACKAGE_NAME: com.google.android.gms.feedback
11-30 04:25:58.128 I/Vision  ( 2179): Download status ocr_x86.zip: The download is in progress.
11-30 04:25:58.149 W/dex2oat ( 2930): Compilation of java.util.concurrent.Future com.google.maps.api.android.lib6.drd.g.a(com.google.maps.api.android.lib6.drd.f) took 130.797ms
11-30 04:25:58.185 W/NetRec  ( 1964): [283] ConfigChangedIntentOperation.onHandleIntent: Device does not support scoring, exiting
11-30 04:25:58.195 I/HeterodyneSyncScheduler( 1964): Scheduling Phenotype for a PhenotypeSyncImmediately(8, com.google.android.gms.people) one off with window [1, 2] in seconds
11-30 04:25:58.211 W/OcrModelUpStIntentOp( 2179): Invalid action: com.google.android.gms.phenotype.COMMITTED
11-30 04:25:58.211 I/SettingsChangedIntentOp( 2179): SettingsChangedIntentOperation.run: Got intent Intent { act=com.google.android.gms.phenotype.COMMITTED flg=0x10 pkg=com.google.android.gms cmp=com.google.android.gms/.chimera.GmsIntentOperationService (has extras) }
11-30 04:25:58.211 I/SettingsChangedIntentOp( 2179): SettingsChangedIntentOperation.run Intent extra com.google.android.gms.phenotype.PACKAGE_NAME: com.google.android.gms.devicedoctor
11-30 04:25:58.211 I/SettingsChangedIntentOp( 2179): Action: com.google.android.gms.phenotype.COMMITTED
11-30 04:25:58.211 I/SettingsChangedIntentOp( 2179): EXTRA_PACKAGE_NAME: com.google.android.gms.devicedoctor
11-30 04:25:58.229 I/PTCommittedOperation( 1964): Receive new configuration for com.google.android.gms.devicedoctor
11-30 04:25:58.229 I/PTCommittedOperation( 1964): Running Fixer Framework for com.google.android.gms.devicedoctor
11-30 04:25:58.247 I/PTCommittedOperation( 1964): Receive new configuration for com.google.android.gms.people.ui
11-30 04:25:58.251 W/OcrModelUpStIntentOp( 2179): Invalid action: com.google.android.gms.phenotype.COMMITTED
11-30 04:25:58.251 I/SettingsChangedIntentOp( 2179): SettingsChangedIntentOperation.run: Got intent Intent { act=com.google.android.gms.phenotype.COMMITTED flg=0x10 pkg=com.google.android.gms cmp=com.google.android.gms/.chimera.GmsIntentOperationService (has extras) }
11-30 04:25:58.251 I/SettingsChangedIntentOp( 2179): SettingsChangedIntentOperation.run Intent extra com.google.android.gms.phenotype.PACKAGE_NAME: com.google.android.gms.people.ui
11-30 04:25:58.251 I/SettingsChangedIntentOp( 2179): Action: com.google.android.gms.phenotype.COMMITTED
11-30 04:25:58.251 I/SettingsChangedIntentOp( 2179): EXTRA_PACKAGE_NAME: com.google.android.gms.people.ui
11-30 04:25:58.285 W/NetRec  ( 1964): [283] ConfigChangedIntentOperation.onHandleIntent: Device does not support scoring, exiting
11-30 04:25:58.296 W/OcrModelUpStIntentOp( 2179): Invalid action: com.google.android.gms.phenotype.COMMITTED
11-30 04:25:58.296 I/SettingsChangedIntentOp( 2179): SettingsChangedIntentOperation.run: Got intent Intent { act=com.google.android.gms.phenotype.COMMITTED flg=0x10 pkg=com.google.android.gms cmp=com.google.android.gms/.chimera.GmsIntentOperationService (has extras) }
11-30 04:25:58.296 I/SettingsChangedIntentOp( 2179): SettingsChangedIntentOperation.run Intent extra com.google.android.gms.phenotype.PACKAGE_NAME: com.google.android.gms.icing
11-30 04:25:58.296 I/SettingsChangedIntentOp( 2179): Action: com.google.android.gms.phenotype.COMMITTED
11-30 04:25:58.296 I/SettingsChangedIntentOp( 2179): EXTRA_PACKAGE_NAME: com.google.android.gms.icing
11-30 04:25:58.303 W/NetRec  ( 1964): [118] ConfigChangedIntentOperation.onHandleIntent: Device does not support scoring, exiting
11-30 04:25:58.325 I/PTCommittedOperation( 1964): Receive new configuration for com.google.android.gms.icing
11-30 04:25:58.331 I/HeterodyneSyncScheduler( 1964): Scheduling a periodic sync task every 86400 seconds, with flex of 1800 seconds
11-30 04:25:58.333 I/HeterodyneSyncScheduler( 1964): Scheduling adaptive one off task with window [14400, 604800] in seconds
11-30 04:25:58.399 I/Icing   ( 2179): Not sending global search app notification. Search app not installed or not signed properly.
11-30 04:25:58.399 I/Icing   ( 2179): Indexing 388193C1871CE793493F6EEEE3CB46AAFD949398 from com.google.android.gms
11-30 04:25:58.462 E/NetworkScheduler.ATC( 1964): Provided calling package not found: com.google.android.apps.photos
11-30 04:25:58.472 W/NetRec  ( 1964): [120] ConfigChangedIntentOperation.onHandleIntent: Device does not support scoring, exiting
11-30 04:25:58.501 I/Icing   ( 2179): Indexing done 388193C1871CE793493F6EEEE3CB46AAFD949398
11-30 04:25:58.534 W/NetRec  ( 1964): [281] ConfigChangedIntentOperation.onHandleIntent: Device does not support scoring, exiting
11-30 04:25:58.535 W/OcrModelUpStIntentOp( 2179): Invalid action: com.google.android.gms.phenotype.COMMITTED
11-30 04:25:58.535 I/SettingsChangedIntentOp( 2179): SettingsChangedIntentOperation.run: Got intent Intent { act=com.google.android.gms.phenotype.COMMITTED flg=0x10 pkg=com.google.android.gms cmp=com.google.android.gms/.chimera.GmsIntentOperationService (has extras) }
11-30 04:25:58.535 I/SettingsChangedIntentOp( 2179): SettingsChangedIntentOperation.run Intent extra com.google.android.gms.phenotype.PACKAGE_NAME: com.google.android.gms.firebase.auth
11-30 04:25:58.535 I/SettingsChangedIntentOp( 2179): Action: com.google.android.gms.phenotype.COMMITTED
11-30 04:25:58.535 I/SettingsChangedIntentOp( 2179): EXTRA_PACKAGE_NAME: com.google.android.gms.firebase.auth
11-30 04:25:58.537 I/PTCommittedOperation( 1964): Receive new configuration for com.google.android.gms.firebase.auth
11-30 04:25:58.546 W/ConfigurationChimeraPro( 1964): Got null configs for com.google.android.gms.auth.account.base
11-30 04:25:58.584 D/DownloadManager( 2395): [2] Finished with status SUCCESS
11-30 04:25:58.590 W/ConfigurationChimeraPro( 1964): Got null configs for com.google.android.gms.common_auth
11-30 04:25:58.593 W/NetRec  ( 1964): [281] ConfigChangedIntentOperation.onHandleIntent: Device does not support scoring, exiting
11-30 04:25:58.600 W/ConfigurationChimeraPro( 1964): Got null configs for com.google.android.gms.common_auth
11-30 04:25:58.619 I/Auth    ( 1964): [ReflectiveChannelBinder] Successfully bound channel!
11-30 04:25:58.623 W/OcrModelUpStIntentOp( 2179): Invalid action: com.google.android.gms.phenotype.COMMITTED
11-30 04:25:58.623 I/SettingsChangedIntentOp( 2179): SettingsChangedIntentOperation.run: Got intent Intent { act=com.google.android.gms.phenotype.COMMITTED flg=0x10 pkg=com.google.android.gms cmp=com.google.android.gms/.chimera.GmsIntentOperationService (has extras) }
11-30 04:25:58.623 I/SettingsChangedIntentOp( 2179): SettingsChangedIntentOperation.run Intent extra com.google.android.gms.phenotype.PACKAGE_NAME: com.google.android.gms.magictether
11-30 04:25:58.623 I/SettingsChangedIntentOp( 2179): Action: com.google.android.gms.phenotype.COMMITTED
11-30 04:25:58.623 I/SettingsChangedIntentOp( 2179): EXTRA_PACKAGE_NAME: com.google.android.gms.magictether
11-30 04:25:58.628 W/NetRec  ( 1964): [281] ConfigChangedIntentOperation.onHandleIntent: Device does not support scoring, exiting
11-30 04:25:58.628 I/PTCommittedOperation( 1964): Receive new configuration for com.google.android.gms.magictether
11-30 04:25:58.634 W/ConfigurationChimeraPro( 1964): Got null configs for com.google.android.gms.auth.account.base
11-30 04:25:58.635 I/GCM-GMS ( 2179): Registering GMS 745476177629
11-30 04:25:58.642 I/Icing   ( 2179): Indexing 388193C1871CE793493F6EEEE3CB46AAFD949398 from com.google.android.gms
11-30 04:25:58.642 I/Icing   ( 2179): Indexing done 388193C1871CE793493F6EEEE3CB46AAFD949398
11-30 04:25:58.659 W/OcrModelUpStIntentOp( 2179): Invalid action: com.google.android.gms.phenotype.COMMITTED
11-30 04:25:58.659 I/SettingsChangedIntentOp( 2179): SettingsChangedIntentOperation.run: Got intent Intent { act=com.google.android.gms.phenotype.COMMITTED flg=0x10 pkg=com.google.android.gms cmp=com.google.android.gms/.chimera.GmsIntentOperationService (has extras) }
11-30 04:25:58.659 I/SettingsChangedIntentOp( 2179): SettingsChangedIntentOperation.run Intent extra com.google.android.gms.phenotype.PACKAGE_NAME: com.google.android.gms.gcm
11-30 04:25:58.659 I/SettingsChangedIntentOp( 2179): Action: com.google.android.gms.phenotype.COMMITTED
11-30 04:25:58.659 I/SettingsChangedIntentOp( 2179): EXTRA_PACKAGE_NAME: com.google.android.gms.gcm
11-30 04:25:58.663 I/MagicTether( 1964): [HostValidator] InvalidHost. MobileData: true, Tethering: false, whitelist: false, ble: false
11-30 04:25:58.671 I/PTCommittedOperation( 1964): Receive new configuration for com.google.android.gms.gcm
11-30 04:25:58.682 I/Icing   ( 2179): Indexing 388193C1871CE793493F6EEEE3CB46AAFD949398 from com.google.android.gms
11-30 04:25:58.682 I/Icing   ( 2179): Indexing done 388193C1871CE793493F6EEEE3CB46AAFD949398
11-30 04:25:58.703 W/NetRec  ( 1964): [281] ConfigChangedIntentOperation.onHandleIntent: Device does not support scoring, exiting
11-30 04:25:58.704 I/Vision  ( 2179): Registration status ocr_x86.zip: The download is pending.
11-30 04:25:58.707 W/OcrModelUpStIntentOp( 2179): Invalid action: com.google.android.gms.phenotype.COMMITTED
11-30 04:25:58.707 I/SettingsChangedIntentOp( 2179): SettingsChangedIntentOperation.run: Got intent Intent { act=com.google.android.gms.phenotype.COMMITTED flg=0x10 pkg=com.google.android.gms cmp=com.google.android.gms/.chimera.GmsIntentOperationService (has extras) }
11-30 04:25:58.707 I/SettingsChangedIntentOp( 2179): SettingsChangedIntentOperation.run Intent extra com.google.android.gms.phenotype.PACKAGE_NAME: com.google.android.gms.nearby
11-30 04:25:58.707 I/SettingsChangedIntentOp( 2179): Action: com.google.android.gms.phenotype.COMMITTED
11-30 04:25:58.707 I/SettingsChangedIntentOp( 2179): EXTRA_PACKAGE_NAME: com.google.android.gms.nearby
11-30 04:25:58.709 I/PTCommittedOperation( 1964): Receive new configuration for com.google.android.gms.nearby
11-30 04:25:58.721 I/MagicTether( 2743): [HostValidator] InvalidHost. MobileData: true, Tethering: false, whitelist: false, ble: false
11-30 04:25:58.733 I/Icing   ( 2179): Indexing 388193C1871CE793493F6EEEE3CB46AAFD949398 from com.google.android.gms
11-30 04:25:58.735 I/Icing   ( 2179): Indexing done 388193C1871CE793493F6EEEE3CB46AAFD949398
11-30 04:25:58.747 W/Conscrypt( 1964): Could not set socket write timeout:
11-30 04:25:58.747 W/Conscrypt( 1964):    java.lang.reflect.Method.invoke(Native Method)
11-30 04:25:58.747 W/Conscrypt( 1964):    java.lang.reflect.Method.invoke(Method.java:372)
11-30 04:25:58.753 W/Conscrypt( 1964): Could not set socket write timeout:
11-30 04:25:58.753 W/Conscrypt( 1964):    java.lang.reflect.Method.invoke(Native Method)
11-30 04:25:58.753 W/Conscrypt( 1964):    java.lang.reflect.Method.invoke(Method.java:372)
11-30 04:25:58.757 W/NetRec  ( 1964): [281] ConfigChangedIntentOperation.onHandleIntent: Device does not support scoring, exiting
11-30 04:25:58.760 I/PTCommittedOperation( 1964): Receive new configuration for com.google.android.gms.ulr
11-30 04:25:58.760 I/GCoreUlr( 1964): Starting service, intent=Intent { act=com.google.android.location.reporting.ACTION_UPDATE_WORLD cmp=com.google.android.gms/com.google.android.location.reporting.service.DispatchingService (has extras) }, extras=Bundle[{receiverAction=com.google.gservices.intent.action.GSERVICES_CHANGED}]
11-30 04:25:58.767 W/OcrModelUpStIntentOp( 2179): Invalid action: com.google.android.gms.phenotype.COMMITTED
11-30 04:25:58.767 I/SettingsChangedIntentOp( 2179): SettingsChangedIntentOperation.run: Got intent Intent { act=com.google.android.gms.phenotype.COMMITTED flg=0x10 pkg=com.google.android.gms cmp=com.google.android.gms/.chimera.GmsIntentOperationService (has extras) }
11-30 04:25:58.767 I/SettingsChangedIntentOp( 2179): SettingsChangedIntentOperation.run Intent extra com.google.android.gms.phenotype.PACKAGE_NAME: com.google.android.gms.ulr
11-30 04:25:58.767 I/SettingsChangedIntentOp( 2179): Action: com.google.android.gms.phenotype.COMMITTED
11-30 04:25:58.767 I/SettingsChangedIntentOp( 2179): EXTRA_PACKAGE_NAME: com.google.android.gms.ulr
11-30 04:25:58.790 E/BluetoothAdapter( 1964): Bluetooth binder is null
11-30 04:25:58.797 I/GCoreUlr( 1964): WorldUpdater received intent Intent { act=com.google.android.location.reporting.ACTION_UPDATE_WORLD cmp=com.google.android.gms/com.google.android.location.reporting.service.DispatchingService (has extras) } with receiverAction com.google.gservices.intent.action.GSERVICES_CHANGED
11-30 04:25:58.800 W/NetRec  ( 1964): [281] ConfigChangedIntentOperation.onHandleIntent: Device does not support scoring, exiting
11-30 04:25:58.801 W/OcrModelUpStIntentOp( 2179): Invalid action: com.google.android.gms.phenotype.COMMITTED
11-30 04:25:58.801 I/SettingsChangedIntentOp( 2179): SettingsChangedIntentOperation.run: Got intent Intent { act=com.google.android.gms.phenotype.COMMITTED flg=0x10 pkg=com.google.android.gms cmp=com.google.android.gms/.chimera.GmsIntentOperationService (has extras) }
11-30 04:25:58.801 I/SettingsChangedIntentOp( 2179): SettingsChangedIntentOperation.run Intent extra com.google.android.gms.phenotype.PACKAGE_NAME: com.google.android.gms.auth_cryptauth
11-30 04:25:58.801 I/SettingsChangedIntentOp( 2179): Action: com.google.android.gms.phenotype.COMMITTED
11-30 04:25:58.801 I/SettingsChangedIntentOp( 2179): EXTRA_PACKAGE_NAME: com.google.android.gms.auth_cryptauth
11-30 04:25:58.804 I/PTCommittedOperation( 1964): Receive new configuration for com.google.android.gms.auth_cryptauth
11-30 04:25:58.813 I/Vision  ( 2179): Download status ocr_x86.zip: null
11-30 04:25:58.813 I/Vision  ( 2179): Finished download ocr_x86.zip
11-30 04:25:58.838 I/GCM-GMS ( 2179): Got GMS registration
11-30 04:25:58.839 W/NetRec  ( 1964): [281] ConfigChangedIntentOperation.onHandleIntent: Device does not support scoring, exiting
11-30 04:25:58.842 W/OcrModelUpStIntentOp( 2179): Invalid action: com.google.android.gms.phenotype.COMMITTED
11-30 04:25:58.842 I/SettingsChangedIntentOp( 2179): SettingsChangedIntentOperation.run: Got intent Intent { act=com.google.android.gms.phenotype.COMMITTED flg=0x10 pkg=com.google.android.gms cmp=com.google.android.gms/.chimera.GmsIntentOperationService (has extras) }
11-30 04:25:58.842 I/SettingsChangedIntentOp( 2179): SettingsChangedIntentOperation.run Intent extra com.google.android.gms.phenotype.PACKAGE_NAME: com.google.android.gms.trustlet_onbody
11-30 04:25:58.842 I/SettingsChangedIntentOp( 2179): Action: com.google.android.gms.phenotype.COMMITTED
11-30 04:25:58.842 I/SettingsChangedIntentOp( 2179): EXTRA_PACKAGE_NAME: com.google.android.gms.trustlet_onbody
11-30 04:25:58.843 I/PTCommittedOperation( 1964): Receive new configuration for com.google.android.gms.trustlet_onbody
11-30 04:25:58.843 I/Icing   ( 2179): Indexing 388193C1871CE793493F6EEEE3CB46AAFD949398 from com.google.android.gms
11-30 04:25:58.844 I/Icing   ( 2179): Indexing done 388193C1871CE793493F6EEEE3CB46AAFD949398
11-30 04:25:58.854 I/Vision  ( 2179): Unzipping /data/user/0/com.google.android.gms/cache/downloadservice/ocr_x86.zip to /data/user/0/com.google.android.gms/app_vision/ocr
11-30 04:25:58.865 I/GCoreUlr( 1964): WorldUpdater:com.google.gservices.intent.action.GSERVICES_CHANGED: Ensuring that reporting is stopped because of reasons: (no Google accounts)
11-30 04:25:58.870 I/Authzen ( 2179): [AuthZenEventHandler] Handling event: com.google.android.gms.gcm.REGISTERED
11-30 04:25:58.873 I/GCoreUlr( 1964): GCM registration ID changed: Intent { act=com.google.android.gms.gcm.REGISTERED flg=0x10 pkg=com.google.android.gms cmp=com.google.android.gms/com.google.android.location.reporting.service.GcmRegistrationReceiver }
11-30 04:25:58.873 I/GCoreUlr( 1964): Starting service, intent=Intent { act=com.google.android.location.reporting.GCM_ID_CHANGED cmp=com.google.android.gms/com.google.android.location.reporting.service.DispatchingService }, extras=null
11-30 04:25:58.874 I/GCoreUlr( 1964): Unbound from all location providers
11-30 04:25:58.874 I/GCoreUlr( 1964): Place inference reporting - stop
11-30 04:25:58.896 W/NetRec  ( 1964): [312] ConfigChangedIntentOperation.onHandleIntent: Device does not support scoring, exiting
11-30 04:25:58.901 I/Icing   ( 2179): Indexing 388193C1871CE793493F6EEEE3CB46AAFD949398 from com.google.android.gms
11-30 04:25:58.904 I/Icing   ( 2179): Indexing done 388193C1871CE793493F6EEEE3CB46AAFD949398
11-30 04:25:58.920 W/OcrModelUpStIntentOp( 2179): Invalid action: com.google.android.gms.phenotype.COMMITTED
11-30 04:25:58.920 I/SettingsChangedIntentOp( 2179): SettingsChangedIntentOperation.run: Got intent Intent { act=com.google.android.gms.phenotype.COMMITTED flg=0x10 pkg=com.google.android.gms cmp=com.google.android.gms/.chimera.GmsIntentOperationService (has extras) }
11-30 04:25:58.921 I/SettingsChangedIntentOp( 2179): SettingsChangedIntentOperation.run Intent extra com.google.android.gms.phenotype.PACKAGE_NAME: com.google.android.gms
11-30 04:25:58.921 I/SettingsChangedIntentOp( 2179): Action: com.google.android.gms.phenotype.COMMITTED
11-30 04:25:58.921 I/SettingsChangedIntentOp( 2179): EXTRA_PACKAGE_NAME: com.google.android.gms
11-30 04:25:58.921 I/PTCommittedOperation( 1964): Receive new configuration for com.google.android.gms
11-30 04:25:58.937 W/ConfigurationChimeraPro( 1964): Got null configs for com.google.android.gms.mdm
11-30 04:25:58.939 E/MDM     ( 2179): [297] SitrepChimeraService.a: No Google accounts; deferring server state update.
11-30 04:25:58.943 W/NetRec  ( 1964): [312] ConfigChangedIntentOperation.onHandleIntent: Device does not support scoring, exiting
11-30 04:25:58.944 I/PTCommittedOperation( 1964): Receive new configuration for com.google.android.gms.tron.metrics
11-30 04:25:58.950 W/OcrModelUpStIntentOp( 2179): Invalid action: com.google.android.gms.phenotype.COMMITTED
11-30 04:25:58.950 I/SettingsChangedIntentOp( 2179): SettingsChangedIntentOperation.run: Got intent Intent { act=com.google.android.gms.phenotype.COMMITTED flg=0x10 pkg=com.google.android.gms cmp=com.google.android.gms/.chimera.GmsIntentOperationService (has extras) }
11-30 04:25:58.950 I/SettingsChangedIntentOp( 2179): SettingsChangedIntentOperation.run Intent extra com.google.android.gms.phenotype.PACKAGE_NAME: com.google.android.gms.tron.metrics
11-30 04:25:58.950 I/SettingsChangedIntentOp( 2179): Action: com.google.android.gms.phenotype.COMMITTED
11-30 04:25:58.950 I/SettingsChangedIntentOp( 2179): EXTRA_PACKAGE_NAME: com.google.android.gms.tron.metrics
11-30 04:25:58.983 W/NetRec  ( 1964): [312] ConfigChangedIntentOperation.onHandleIntent: Device does not support scoring, exiting
11-30 04:25:58.984 I/PTCommittedOperation( 1964): Receive new configuration for com.google.android.location
11-30 04:25:59.005 W/OcrModelUpStIntentOp( 2179): Invalid action: com.google.android.gms.phenotype.COMMITTED
11-30 04:25:59.005 I/SettingsChangedIntentOp( 2179): SettingsChangedIntentOperation.run: Got intent Intent { act=com.google.android.gms.phenotype.COMMITTED flg=0x10 pkg=com.google.android.gms cmp=com.google.android.gms/.chimera.GmsIntentOperationService (has extras) }
11-30 04:25:59.005 I/SettingsChangedIntentOp( 2179): SettingsChangedIntentOperation.run Intent extra com.google.android.gms.phenotype.PACKAGE_NAME: com.google.android.location
11-30 04:25:59.005 I/SettingsChangedIntentOp( 2179): Action: com.google.android.gms.phenotype.COMMITTED
11-30 04:25:59.005 I/SettingsChangedIntentOp( 2179): EXTRA_PACKAGE_NAME: com.google.android.location
11-30 04:25:59.028 I/art     ( 2100): Explicit concurrent mark sweep GC freed 3800(182KB) AllocSpace objects, 0(0B) LOS objects, 51% free, 960KB/1984KB, paused 4.811ms total 32.234ms
11-30 04:25:59.051 W/NetRec  ( 1964): [312] ConfigChangedIntentOperation.onHandleIntent: Device does not support scoring, exiting
11-30 04:25:59.052 W/OcrModelUpStIntentOp( 2179): Invalid action: com.google.android.gms.phenotype.COMMITTED
11-30 04:25:59.052 I/SettingsChangedIntentOp( 2179): SettingsChangedIntentOperation.run: Got intent Intent { act=com.google.android.gms.phenotype.COMMITTED flg=0x10 pkg=com.google.android.gms cmp=com.google.android.gms/.chimera.GmsIntentOperationService (has extras) }
11-30 04:25:59.052 I/SettingsChangedIntentOp( 2179): SettingsChangedIntentOperation.run Intent extra com.google.android.gms.phenotype.PACKAGE_NAME: com.google.android.gms.telephonyspam
11-30 04:25:59.052 I/SettingsChangedIntentOp( 2179): Action: com.google.android.gms.phenotype.COMMITTED
11-30 04:25:59.052 I/SettingsChangedIntentOp( 2179): EXTRA_PACKAGE_NAME: com.google.android.gms.telephonyspam
11-30 04:25:59.052 I/SettingsChangedIntentOp( 2179): telephonyspam phenotype flag changed
11-30 04:25:59.053 I/SpamListSync( 2179): schedulePeriodicTask
11-30 04:25:59.054 I/PTCommittedOperation( 1964): Receive new configuration for com.google.android.gms.telephonyspam
11-30 04:25:59.083 I/GCoreUlr( 1964): Stopping handler for UlrDispSvcFast
11-30 04:25:59.085 I/GCoreUlr( 1964): Unbound from all location providers
11-30 04:25:59.085 I/GCoreUlr( 1964): Place inference reporting - stop
11-30 04:25:59.107 I/Vision  ( 2179): Time to download ocr: 1413
11-30 04:25:59.118 W/NetRec  ( 1964): [312] ConfigChangedIntentOperation.onHandleIntent: Device does not support scoring, exiting
11-30 04:25:59.120 I/PTCommittedOperation( 1964): Receive new configuration for com.google.android.gms.smartdevice
11-30 04:25:59.120 W/OcrModelUpStIntentOp( 2179): Invalid action: com.google.android.gms.phenotype.COMMITTED
11-30 04:25:59.120 I/SettingsChangedIntentOp( 2179): SettingsChangedIntentOperation.run: Got intent Intent { act=com.google.android.gms.phenotype.COMMITTED flg=0x10 pkg=com.google.android.gms cmp=com.google.android.gms/.chimera.GmsIntentOperationService (has extras) }
11-30 04:25:59.120 I/SettingsChangedIntentOp( 2179): SettingsChangedIntentOperation.run Intent extra com.google.android.gms.phenotype.PACKAGE_NAME: com.google.android.gms.smartdevice
11-30 04:25:59.120 I/SettingsChangedIntentOp( 2179): Action: com.google.android.gms.phenotype.COMMITTED
11-30 04:25:59.120 I/SettingsChangedIntentOp( 2179): EXTRA_PACKAGE_NAME: com.google.android.gms.smartdevice
11-30 04:25:59.147 W/NetRec  ( 1964): [312] ConfigChangedIntentOperation.onHandleIntent: Device does not support scoring, exiting
11-30 04:25:59.148 I/PTCommittedOperation( 1964): Receive new configuration for com.google.android.gms.herrevad
11-30 04:25:59.161 W/OcrModelUpStIntentOp( 2179): Invalid action: com.google.android.gms.phenotype.COMMITTED
11-30 04:25:59.162 I/SettingsChangedIntentOp( 2179): SettingsChangedIntentOperation.run: Got intent Intent { act=com.google.android.gms.phenotype.COMMITTED flg=0x10 pkg=com.google.android.gms cmp=com.google.android.gms/.chimera.GmsIntentOperationService (has extras) }
11-30 04:25:59.162 I/SettingsChangedIntentOp( 2179): SettingsChangedIntentOperation.run Intent extra com.google.android.gms.phenotype.PACKAGE_NAME: com.google.android.gms.herrevad
11-30 04:25:59.162 I/SettingsChangedIntentOp( 2179): Action: com.google.android.gms.phenotype.COMMITTED
11-30 04:25:59.162 I/SettingsChangedIntentOp( 2179): EXTRA_PACKAGE_NAME: com.google.android.gms.herrevad
11-30 04:25:59.200 I/art     ( 1485): Explicit concurrent mark sweep GC freed 53439(2MB) AllocSpace objects, 20(561KB) LOS objects, 28% free, 10MB/14MB, paused 7.363ms total 31.556ms
11-30 04:25:59.204 W/NetRec  ( 1964): [281] ConfigChangedIntentOperation.onHandleIntent: Device does not support scoring, exiting
11-30 04:25:59.205 W/NetRec  ( 1964): [281] ConfigChangedIntentOperation.onHandleIntent: Device does not support scoring, exiting
11-30 04:25:59.206 I/PTCommittedOperation( 1964): Receive new configuration for com.google.android.gms.trustlet_place
11-30 04:25:59.216 W/OcrModelUpStIntentOp( 2179): Invalid action: com.google.android.gms.phenotype.COMMITTED
11-30 04:25:59.216 I/SettingsChangedIntentOp( 2179): SettingsChangedIntentOperation.run: Got intent Intent { act=com.google.android.gms.phenotype.COMMITTED flg=0x10 pkg=com.google.android.gms cmp=com.google.android.gms/.chimera.GmsIntentOperationService (has extras) }
11-30 04:25:59.216 I/SettingsChangedIntentOp( 2179): SettingsChangedIntentOperation.run Intent extra com.google.android.gms.phenotype.PACKAGE_NAME: com.google.android.gms.trustlet_place
11-30 04:25:59.216 I/SettingsChangedIntentOp( 2179): Action: com.google.android.gms.phenotype.COMMITTED
11-30 04:25:59.216 I/SettingsChangedIntentOp( 2179): EXTRA_PACKAGE_NAME: com.google.android.gms.trustlet_place
11-30 04:25:59.229 W/NetRec  ( 1964): [281] ConfigChangedIntentOperation.onHandleIntent: Device does not support scoring, exiting
11-30 04:25:59.231 I/PTCommittedOperation( 1964): Receive new configuration for com.google.android.gms.autofill
11-30 04:25:59.248 W/OcrModelUpStIntentOp( 2179): Invalid action: com.google.android.gms.phenotype.COMMITTED
11-30 04:25:59.248 I/SettingsChangedIntentOp( 2179): SettingsChangedIntentOperation.run: Got intent Intent { act=com.google.android.gms.phenotype.COMMITTED flg=0x10 pkg=com.google.android.gms cmp=com.google.android.gms/.chimera.GmsIntentOperationService (has extras) }
11-30 04:25:59.248 I/SettingsChangedIntentOp( 2179): SettingsChangedIntentOperation.run Intent extra com.google.android.gms.phenotype.PACKAGE_NAME: com.google.android.gms.autofill
11-30 04:25:59.248 I/SettingsChangedIntentOp( 2179): Action: com.google.android.gms.phenotype.COMMITTED
11-30 04:25:59.248 I/SettingsChangedIntentOp( 2179): EXTRA_PACKAGE_NAME: com.google.android.gms.autofill
11-30 04:25:59.257 W/NetRec  ( 1964): [120] ConfigChangedIntentOperation.onHandleIntent: Device does not support scoring, exiting
11-30 04:25:59.259 I/PTCommittedOperation( 1964): Receive new configuration for com.google.android.gms.udc
11-30 04:25:59.264 W/OcrModelUpStIntentOp( 2179): Invalid action: com.google.android.gms.phenotype.COMMITTED
11-30 04:25:59.264 I/SettingsChangedIntentOp( 2179): SettingsChangedIntentOperation.run: Got intent Intent { act=com.google.android.gms.phenotype.COMMITTED flg=0x10 pkg=com.google.android.gms cmp=com.google.android.gms/.chimera.GmsIntentOperationService (has extras) }
11-30 04:25:59.265 I/SettingsChangedIntentOp( 2179): SettingsChangedIntentOperation.run Intent extra com.google.android.gms.phenotype.PACKAGE_NAME: com.google.android.gms.udc
11-30 04:25:59.265 I/SettingsChangedIntentOp( 2179): Action: com.google.android.gms.phenotype.COMMITTED
11-30 04:25:59.265 I/SettingsChangedIntentOp( 2179): EXTRA_PACKAGE_NAME: com.google.android.gms.udc
11-30 04:25:59.284 W/NetRec  ( 1964): [120] ConfigChangedIntentOperation.onHandleIntent: Device does not support scoring, exiting
11-30 04:25:59.286 I/PTCommittedOperation( 1964): Receive new configuration for com.google.android.gms.octarine
11-30 04:25:59.294 W/OcrModelUpStIntentOp( 2179): Invalid action: com.google.android.gms.phenotype.COMMITTED
11-30 04:25:59.295 I/SettingsChangedIntentOp( 2179): SettingsChangedIntentOperation.run: Got intent Intent { act=com.google.android.gms.phenotype.COMMITTED flg=0x10 pkg=com.google.android.gms cmp=com.google.android.gms/.chimera.GmsIntentOperationService (has extras) }
11-30 04:25:59.295 I/SettingsChangedIntentOp( 2179): SettingsChangedIntentOperation.run Intent extra com.google.android.gms.phenotype.PACKAGE_NAME: com.google.android.gms.octarine
11-30 04:25:59.295 I/SettingsChangedIntentOp( 2179): Action: com.google.android.gms.phenotype.COMMITTED
11-30 04:25:59.295 I/SettingsChangedIntentOp( 2179): EXTRA_PACKAGE_NAME: com.google.android.gms.octarine
11-30 04:25:59.308 W/NetRec  ( 1964): [120] ConfigChangedIntentOperation.onHandleIntent: Device does not support scoring, exiting
11-30 04:25:59.311 I/PTCommittedOperation( 1964): Receive new configuration for com.google.android.gms.auth.api.credentials
11-30 04:25:59.313 W/OcrModelUpStIntentOp( 2179): Invalid action: com.google.android.gms.phenotype.COMMITTED
11-30 04:25:59.313 I/SettingsChangedIntentOp( 2179): SettingsChangedIntentOperation.run: Got intent Intent { act=com.google.android.gms.phenotype.COMMITTED flg=0x10 pkg=com.google.android.gms cmp=com.google.android.gms/.chimera.GmsIntentOperationService (has extras) }
11-30 04:25:59.313 I/SettingsChangedIntentOp( 2179): SettingsChangedIntentOperation.run Intent extra com.google.android.gms.phenotype.PACKAGE_NAME: com.google.android.gms.auth.api.credentials
11-30 04:25:59.313 I/SettingsChangedIntentOp( 2179): Action: com.google.android.gms.phenotype.COMMITTED
11-30 04:25:59.313 I/SettingsChangedIntentOp( 2179): EXTRA_PACKAGE_NAME: com.google.android.gms.auth.api.credentials
11-30 04:25:59.334 W/NetRec  ( 1964): [120] ConfigChangedIntentOperation.onHandleIntent: Device does not support scoring, exiting
11-30 04:25:59.336 I/PTCommittedOperation( 1964): Receive new configuration for com.google.android.gms.cast
11-30 04:25:59.338 W/OcrModelUpStIntentOp( 2179): Invalid action: com.google.android.gms.phenotype.COMMITTED
11-30 04:25:59.338 I/SettingsChangedIntentOp( 2179): SettingsChangedIntentOperation.run: Got intent Intent { act=com.google.android.gms.phenotype.COMMITTED flg=0x10 pkg=com.google.android.gms cmp=com.google.android.gms/.chimera.GmsIntentOperationService (has extras) }
11-30 04:25:59.338 I/SettingsChangedIntentOp( 2179): SettingsChangedIntentOperation.run Intent extra com.google.android.gms.phenotype.PACKAGE_NAME: com.google.android.gms.cast
11-30 04:25:59.338 I/SettingsChangedIntentOp( 2179): Action: com.google.android.gms.phenotype.COMMITTED
11-30 04:25:59.339 I/SettingsChangedIntentOp( 2179): EXTRA_PACKAGE_NAME: com.google.android.gms.cast
11-30 04:25:59.379 W/NetRec  ( 1964): [120] ConfigChangedIntentOperation.onHandleIntent: Device does not support scoring, exiting
11-30 04:25:59.381 I/PTCommittedOperation( 1964): Receive new configuration for com.google.android.gms.clearcut.public
11-30 04:25:59.382 W/OcrModelUpStIntentOp( 2179): Invalid action: com.google.android.gms.phenotype.COMMITTED
11-30 04:25:59.382 I/SettingsChangedIntentOp( 2179): SettingsChangedIntentOperation.run: Got intent Intent { act=com.google.android.gms.phenotype.COMMITTED flg=0x10 pkg=com.google.android.gms cmp=com.google.android.gms/.chimera.GmsIntentOperationService (has extras) }
11-30 04:25:59.382 I/SettingsChangedIntentOp( 2179): SettingsChangedIntentOperation.run Intent extra com.google.android.gms.phenotype.PACKAGE_NAME: com.google.android.gms.clearcut.public
11-30 04:25:59.382 I/SettingsChangedIntentOp( 2179): Action: com.google.android.gms.phenotype.COMMITTED
11-30 04:25:59.382 I/SettingsChangedIntentOp( 2179): EXTRA_PACKAGE_NAME: com.google.android.gms.clearcut.public
11-30 04:25:59.399 W/NetRec  ( 1964): [120] ConfigChangedIntentOperation.onHandleIntent: Device does not support scoring, exiting
11-30 04:25:59.401 I/PTCommittedOperation( 1964): Receive new configuration for com.google.android.gms.wallet
11-30 04:25:59.404 W/OcrModelUpStIntentOp( 2179): Invalid action: com.google.android.gms.phenotype.COMMITTED
11-30 04:25:59.404 I/SettingsChangedIntentOp( 2179): SettingsChangedIntentOperation.run: Got intent Intent { act=com.google.android.gms.phenotype.COMMITTED flg=0x10 pkg=com.google.android.gms cmp=com.google.android.gms/.chimera.GmsIntentOperationService (has extras) }
11-30 04:25:59.404 I/SettingsChangedIntentOp( 2179): SettingsChangedIntentOperation.run Intent extra com.google.android.gms.phenotype.PACKAGE_NAME: com.google.android.gms.wallet
11-30 04:25:59.404 I/SettingsChangedIntentOp( 2179): Action: com.google.android.gms.phenotype.COMMITTED
11-30 04:25:59.404 I/SettingsChangedIntentOp( 2179): EXTRA_PACKAGE_NAME: com.google.android.gms.wallet
11-30 04:25:59.424 W/NetRec  ( 1964): [120] ConfigChangedIntentOperation.onHandleIntent: Device does not support scoring, exiting
11-30 04:25:59.425 W/OcrModelUpStIntentOp( 2179): Invalid action: com.google.android.gms.phenotype.COMMITTED
11-30 04:25:59.425 I/SettingsChangedIntentOp( 2179): SettingsChangedIntentOperation.run: Got intent Intent { act=com.google.android.gms.phenotype.COMMITTED flg=0x10 pkg=com.google.android.gms cmp=com.google.android.gms/.chimera.GmsIntentOperationService (has extras) }
11-30 04:25:59.425 I/SettingsChangedIntentOp( 2179): SettingsChangedIntentOperation.run Intent extra com.google.android.gms.phenotype.PACKAGE_NAME: com.google.android.gms.instantapps
11-30 04:25:59.425 I/SettingsChangedIntentOp( 2179): Action: com.google.android.gms.phenotype.COMMITTED
11-30 04:25:59.425 I/SettingsChangedIntentOp( 2179): EXTRA_PACKAGE_NAME: com.google.android.gms.instantapps
11-30 04:25:59.425 I/PTCommittedOperation( 1964): Receive new configuration for com.google.android.gms.instantapps
11-30 04:25:59.449 W/NetRec  ( 1964): [120] ConfigChangedIntentOperation.onHandleIntent: Device does not support scoring, exiting
11-30 04:25:59.450 I/PTCommittedOperation( 1964): Receive new configuration for com.google.android.gms.audit
11-30 04:25:59.451 W/OcrModelUpStIntentOp( 2179): Invalid action: com.google.android.gms.phenotype.COMMITTED
11-30 04:25:59.451 I/SettingsChangedIntentOp( 2179): SettingsChangedIntentOperation.run: Got intent Intent { act=com.google.android.gms.phenotype.COMMITTED flg=0x10 pkg=com.google.android.gms cmp=com.google.android.gms/.chimera.GmsIntentOperationService (has extras) }
11-30 04:25:59.451 I/SettingsChangedIntentOp( 2179): SettingsChangedIntentOperation.run Intent extra com.google.android.gms.phenotype.PACKAGE_NAME: com.google.android.gms.audit
11-30 04:25:59.451 I/SettingsChangedIntentOp( 2179): Action: com.google.android.gms.phenotype.COMMITTED
11-30 04:25:59.451 I/SettingsChangedIntentOp( 2179): EXTRA_PACKAGE_NAME: com.google.android.gms.audit
11-30 04:25:59.468 W/NetRec  ( 1964): [312] ConfigChangedIntentOperation.onHandleIntent: Device does not support scoring, exiting
11-30 04:25:59.476 W/OcrModelUpStIntentOp( 2179): Invalid action: com.google.android.gms.phenotype.COMMITTED
11-30 04:25:59.476 I/SettingsChangedIntentOp( 2179): SettingsChangedIntentOperation.run: Got intent Intent { act=com.google.android.gms.phenotype.COMMITTED flg=0x10 pkg=com.google.android.gms cmp=com.google.android.gms/.chimera.GmsIntentOperationService (has extras) }
11-30 04:25:59.476 I/PTCommittedOperation( 1964): Receive new configuration for com.google.android.gms.smart_profile
11-30 04:25:59.476 I/SettingsChangedIntentOp( 2179): SettingsChangedIntentOperation.run Intent extra com.google.android.gms.phenotype.PACKAGE_NAME: com.google.android.gms.smart_profile
11-30 04:25:59.476 I/SettingsChangedIntentOp( 2179): Action: com.google.android.gms.phenotype.COMMITTED
11-30 04:25:59.476 I/SettingsChangedIntentOp( 2179): EXTRA_PACKAGE_NAME: com.google.android.gms.smart_profile
11-30 04:25:59.506 W/NetRec  ( 1964): [312] ConfigChangedIntentOperation.onHandleIntent: Device does not support scoring, exiting
11-30 04:25:59.507 W/OcrModelUpStIntentOp( 2179): Invalid action: com.google.android.gms.phenotype.COMMITTED
11-30 04:25:59.507 I/SettingsChangedIntentOp( 2179): SettingsChangedIntentOperation.run: Got intent Intent { act=com.google.android.gms.phenotype.COMMITTED flg=0x10 pkg=com.google.android.gms cmp=com.google.android.gms/.chimera.GmsIntentOperationService (has extras) }
