--------- beginning of system
11-30 04:25:38.282 I/Vold    ( 1136): Vold 2.1 (the revenge) firing up
11-30 04:25:38.282 D/Vold    ( 1136): Volume sdcard state changing -1 (Initializing) -> 0 (No-Media)
11-30 04:25:39.938 I/InstallerConnection( 1485): connecting...
11-30 04:25:39.998 I/InstallerConnection( 1485): disconnecting...
11-30 04:25:40.015 I/SystemServer( 1485): Entered the Android system server!
11-30 04:25:40.036 I/SystemServiceManager( 1485): Starting com.android.server.pm.Installer
11-30 04:25:40.036 I/Installer( 1485): Waiting for installd to be ready.
11-30 04:25:40.036 I/InstallerConnection( 1485): connecting...
11-30 04:25:40.037 I/SystemServiceManager( 1485): Starting com.android.server.am.ActivityManagerService$Lifecycle
11-30 04:25:40.046 I/ActivityManager( 1485): Memory class: 128
11-30 04:25:40.048 I/ServiceThread( 1485): Enabled StrictMode logging for ActivityManager looper.
11-30 04:25:40.050 W/BatteryStatsImpl( 1485): Couldn't get kernel wake lock stats
11-30 04:25:40.053 I/AppOps  ( 1485): No existing app ops /data/system/appops.xml; starting empty
11-30 04:25:40.062 I/IntentFirewall( 1485): Read new rules (A:0 B:0 S:0)
11-30 04:25:40.072 I/ServiceThread( 1485): Enabled StrictMode logging for android.ui looper.
11-30 04:25:40.073 I/ServiceThread( 1485): Enabled StrictMode logging for android.display looper.
11-30 04:25:40.074 D/AppOps  ( 1485): AppOpsService published
11-30 04:25:40.074 I/SystemServiceManager( 1485): Starting com.android.server.power.PowerManagerService
11-30 04:25:40.075 I/ServiceThread( 1485): Enabled StrictMode logging for PowerManagerService looper.
11-30 04:25:40.076 I/SystemServiceManager( 1485): Starting com.android.server.display.DisplayManagerService
11-30 04:25:40.078 I/SystemServiceManager( 1485): Starting phase 100
11-30 04:25:40.081 I/DisplayManagerService( 1485): Display device added: DisplayDeviceInfo{"Built-in Screen": 320 x 480, 60.000004 fps, supportedRefreshRates [60.000004], density 160, 160.0 x 160.0 dpi, appVsyncOff 0, presDeadline 17666666, touch INTERNAL, rotation 0, type BUILT_IN, state UNKNOWN, FLAG_DEFAULT_DISPLAY, FLAG_ROTATES_WITH_CONTENT, FLAG_SECURE, FLAG_SUPPORTS_PROTECTED_BUFFERS}
11-30 04:25:40.081 I/SystemServer( 1485): Package Manager
11-30 04:25:40.086 W/SELinuxMMAC( 1485): Error opening /data/system/seapp_hash. Assuming first boot.
11-30 04:25:40.105 W/FileUtils( 1485): Failed to chmod(/data/system/packages.list): android.system.ErrnoException: chmod failed: ENOENT (No such file or directory)
11-30 04:25:40.126 D/SELinuxMMAC( 1485): Using policy file /system/etc/security/mac_permissions.xml
11-30 04:25:40.127 I/PackageManager( 1485): No settings file; creating initial state
11-30 04:25:40.685 W/PackageManager( 1485): Failed to parse /system/framework/x86: Missing base APK in /system/framework/x86
11-30 04:25:40.706 W/PackageParser( 1485): No actions in intent filter at /system/priv-app/Contacts/Contacts.apk Binary XML file line #356
11-30 04:25:40.795 W/PackageParser( 1485): No actions in intent filter at /system/priv-app/Dialer/Dialer.apk Binary XML file line #166
11-30 04:25:42.748 W/PackageParser( 1485): No actions in intent filter at /data/app/ApiDemos/ApiDemos.apk Binary XML file line #3027
11-30 04:25:42.748 W/PackageParser( 1485): No actions in intent filter at /data/app/ApiDemos/ApiDemos.apk Binary XML file line #3033
11-30 04:25:42.976 W/PackageManager( 1485): Package com.example.android.apis desires unavailable shared library com.example.will.never.exist; ignoring!
11-30 04:25:43.096 W/PackageManager( 1485): Package com.example.android.apis desires unavailable shared library com.example.will.never.exist; ignoring!
11-30 04:25:43.096 W/PackageManager( 1485): Package com.google.android.gms desires unavailable shared library com.google.android.ble; ignoring!
11-30 04:25:43.096 W/PackageManager( 1485): Package com.google.android.gms desires unavailable shared library com.google.android.wearable; ignoring!
11-30 04:25:43.097 I/PackageManager( 1485): Adjusting ABI for : com.android.inputdevices to x86
11-30 04:25:43.105 I/PackageManager( 1485): Adjusting ABI for : com.android.providers.settings to x86
11-30 04:25:43.111 I/PackageManager( 1485): Adjusting ABI for : com.android.keychain to x86
11-30 04:25:43.117 I/PackageManager( 1485): Adjusting ABI for : com.android.settings to x86
11-30 04:25:43.145 I/PackageManager( 1485): Adjusting ABI for : com.android.location.fused to x86
11-30 04:25:43.155 I/PackageManager( 1485): Adjusting ABI for : com.google.android.gsf.login to x86
11-30 04:25:43.206 I/PackageManager( 1485): Adjusting ABI for : com.google.android.gsf to x86
11-30 04:25:43.231 I/PackageManager( 1485): Time to scan packages: 3.102 seconds
11-30 04:25:43.233 W/PackageManager( 1485): Not granting permission android.permission.DELETE_PACKAGES to package com.svox.pico (protectionLevel=18 flags=0x8be45)
11-30 04:25:43.233 W/PackageManager( 1485): Not granting permission android.permission.BIND_APPWIDGET to package com.android.widgetpreview (protectionLevel=18 flags=0x8be44)
11-30 04:25:43.233 W/PackageManager( 1485): Unknown permission android.permission.OBSERVE_GRANT_REVOKE_PERMISSIONS in package com.google.android.gms
11-30 04:25:43.233 W/PackageManager( 1485): Unknown permission android.permission.MANAGE_SOUND_TRIGGER in package com.google.android.gms
11-30 04:25:43.233 W/PackageManager( 1485): Unknown permission android.permission.DISPATCH_PROVISIONING_MESSAGE in package com.google.android.gms
11-30 04:25:43.233 W/PackageManager( 1485): Unknown permission com.google.android.apps.enterprise.dmagent.permission.AutoSyncPermission in package com.google.android.gms
11-30 04:25:43.233 W/PackageManager( 1485): Unknown permission android.permission.CONNECTIVITY_USE_RESTRICTED_NETWORKS in package com.google.android.gms
11-30 04:25:43.233 W/PackageManager( 1485): Unknown permission android.permission.USE_FINGERPRINT in package com.google.android.gms
11-30 04:25:43.233 W/PackageManager( 1485): Unknown permission android.permission.SEND_SMS_NO_CONFIRMATION in package com.google.android.gms
11-30 04:25:43.233 W/PackageManager( 1485): Not granting permission android.permission.BIND_NOTIFICATION_LISTENER_SERVICE to package com.google.android.gms (protectionLevel=2 flags=0xc0483e45)
11-30 04:25:43.233 W/PackageManager( 1485): Unknown permission com.google.android.finsky.permission.INSTANT_APP_STATE in package com.google.android.gms
11-30 04:25:43.233 W/PackageManager( 1485): Unknown permission com.google.android.googlequicksearchbox.permission.PAUSE_HOTWORD in package com.google.android.gms
11-30 04:25:43.233 W/PackageManager( 1485): Unknown permission android.permission.TETHER_PRIVILEGED in package com.google.android.gms
11-30 04:25:43.233 W/PackageManager( 1485): Unknown permission com.google.android.hangouts.START_HANGOUT in package com.google.android.gms
11-30 04:25:43.233 W/PackageManager( 1485): Unknown permission android.permission.READ_OEM_UNLOCK_STATE in package com.google.android.gms
11-30 04:25:43.233 W/PackageManager( 1485): Unknown permission android.permission.OVERRIDE_WIFI_CONFIG in package com.google.android.gms
11-30 04:25:43.233 W/PackageManager( 1485): Unknown permission com.google.android.finsky.permission.GEARHEAD_SERVICE in package com.google.android.gms
11-30 04:25:43.233 W/PackageManager( 1485): Unknown permission com.google.android.permission.ACCESSIBILITY_SCAN_SERVICE in package com.google.android.gms
11-30 04:25:43.233 W/PackageManager( 1485): Unknown permission android.permission.ACTIVITY_EMBEDDING in package com.google.android.gms
11-30 04:25:43.233 W/PackageManager( 1485): Unknown permission android.permission.PROVIDE_RESOLVER_RANKER_SERVICE in package com.google.android.gms
11-30 04:25:43.233 W/PackageManager( 1485): Unknown permission com.google.android.wearable.READ_SETTINGS in package com.google.android.gms
11-30 04:25:43.233 W/PackageManager( 1485): Unknown permission android.permission.INTENT_FILTER_VERIFICATION_AGENT in package com.google.android.gms
11-30 04:25:43.233 W/PackageManager( 1485): Unknown permission android.permission.LOCAL_MAC_ADDRESS in package com.google.android.gms
11-30 04:25:43.233 W/PackageManager( 1485): Unknown permission android.permission.CHANGE_DEVICE_IDLE_TEMP_WHITELIST in package com.google.android.gms
11-30 04:25:43.233 W/PackageManager( 1485): Unknown permission android.permission.SUBSTITUTE_NOTIFICATION_APP_NAME in package com.google.android.gms
11-30 04:25:43.233 W/PackageManager( 1485): Unknown permission android.permission.MANAGE_SUBSCRIPTION_PLANS in package com.google.android.gms
11-30 04:25:43.233 W/PackageManager( 1485): Unknown permission com.android.vending.setup.PLAY_SETUP_SERVICE in package com.google.android.gms
11-30 04:25:43.233 W/PackageManager( 1485): Unknown permission android.permission.REGISTER_CALL_PROVIDER in package com.google.android.gms
11-30 04:25:43.233 W/PackageManager( 1485): Unknown permission android.permission.NOTIFY_PENDING_SYSTEM_UPDATE in package com.google.android.gms
11-30 04:25:43.233 W/PackageManager( 1485): Unknown permission com.google.android.launcher.permission.RECEIVE_LAUNCH_BROADCASTS in package com.google.android.gms
11-30 04:25:43.233 W/PackageManager( 1485): Unknown permission com.google.android.vending.verifier.ACCESS_VERIFIER in package com.google.android.gms
11-30 04:25:43.233 W/PackageManager( 1485): Unknown permission com.google.android.gm.permission.READ_GMAIL in package com.google.android.gms
11-30 04:25:43.234 W/PackageManager( 1485): Not granting permission android.permission.DEVICE_POWER to package com.android.deskclock (protectionLevel=2 flags=0x48be45)
11-30 04:25:43.234 W/PackageManager( 1485): Not granting permission android.permission.GLOBAL_SEARCH to package com.android.quicksearchbox (protectionLevel=18 flags=0x8be45)
11-30 04:25:43.234 W/PackageManager( 1485): Unknown permission com.android.smspush.WAPPUSH_MANAGER_BIND in package com.android.phone
11-30 04:25:43.234 W/PackageManager( 1485): Unknown permission android.permission.INSTALL_DRM in package com.android.mms
11-30 04:25:43.234 W/PackageManager( 1485): Not granting permission android.permission.ACCESS_DOWNLOAD_MANAGER to package com.android.browser (protectionLevel=18 flags=0x9be45)
11-30 04:25:43.234 W/PackageManager( 1485): Not granting permission android.permission.SEND_DOWNLOAD_COMPLETED_INTENTS to package com.android.browser (protectionLevel=2 flags=0x9be45)
11-30 04:25:43.234 W/PackageManager( 1485): Not granting permission android.permission.CONTROL_KEYGUARD to package com.google.android.gsf.login (protectionLevel=2 flags=0x4048be45)
11-30 04:25:43.235 W/PackageManager( 1485): Unknown permission com.android.vending.billing.BILLING_ACCOUNT_SERVICE in package com.google.android.gsf.login
11-30 04:25:43.235 W/PackageManager( 1485): Unknown permission com.android.vending.billing.ADD_CREDIT_CARD in package com.google.android.gsf.login
11-30 04:25:43.235 W/PackageManager( 1485): Unknown permission com.android.vending.billing.IBillingAccountService.BIND2 in package com.google.android.gsf.login
11-30 04:25:43.235 W/PackageManager( 1485): Unknown permission com.android.vending.TOS_ACKED in package com.google.android.gsf.login
11-30 04:25:43.235 W/PackageManager( 1485): Unknown permission com.android.chrome.TOS_ACKED in package com.google.android.gsf.login
11-30 04:25:43.290 I/SystemServer( 1485): User Service
11-30 04:25:43.296 I/SystemServiceManager( 1485): Starting com.android.server.lights.LightsService
11-30 04:25:43.297 I/SystemServiceManager( 1485): Starting com.android.server.BatteryService
11-30 04:25:43.300 I/SystemServiceManager( 1485): Starting com.android.server.usage.UsageStatsService
11-30 04:25:43.302 I/SystemServiceManager( 1485): Starting com.android.server.webkit.WebViewUpdateService
11-30 04:25:43.303 I/SystemServer( 1485): Reading configuration...
11-30 04:25:43.303 I/SystemServer( 1485): Scheduling Policy
11-30 04:25:43.303 I/SystemServer( 1485): Telephony Registry
11-30 04:25:43.305 I/SystemServer( 1485): Entropy Mixer
11-30 04:25:43.306 W/EntropyMixer( 1485): No existing entropy file -- first boot?
11-30 04:25:43.306 I/EntropyMixer( 1485): Writing entropy...
11-30 04:25:43.310 I/SystemServer( 1485): Account Manager
11-30 04:25:43.313 I/SystemServer( 1485): Content Manager
11-30 04:25:43.313 I/SystemServer( 1485): System Content Providers
11-30 04:25:43.314 W/ActivityManager( 1485): Can't addPackageDependency on system process
11-30 04:25:43.367 D/SettingsProvider( 1485): Generated and saved new ANDROID_ID [3528b8270283ec] for user 0
11-30 04:25:43.370 I/SystemServer( 1485): Vibrator Service
11-30 04:25:43.371 I/SystemServer( 1485): Consumer IR Service
11-30 04:25:43.371 I/SystemServiceManager( 1485): Starting com.android.server.AlarmManagerService
11-30 04:25:43.373 I/SystemServer( 1485): Init Watchdog
11-30 04:25:43.373 I/SystemServer( 1485): Input Manager
11-30 04:25:43.373 I/InputManager( 1485): Initializing input manager, mUseDevInputEventForAudioJack=false
11-30 04:25:43.375 I/SystemServer( 1485): Window Manager
11-30 04:25:43.384 I/WindowManager( 1485): No existing display settings /data/system/display_settings.xml; starting empty
11-30 04:25:43.400 I/InputManager( 1485): Starting input manager
11-30 04:25:43.420 I/SystemServer( 1485): No Bluetooh Service (emulator)
11-30 04:25:43.420 I/SystemServer( 1485): Input Method Service
11-30 04:25:43.453 W/InputMethodManagerService( 1485): No IME selected. Choose the most applicable IME.
11-30 04:25:43.453 I/InputMethodManagerService( 1485): No default found, using com.android.inputmethod.latin/.LatinIME
11-30 04:25:43.458 I/SystemServer( 1485): Accessibility Manager
11-30 04:25:43.461 I/ActivityManager( 1485): Config changes=1df8 {1.0 ?mcc?mnc en_US ldltr sw320dp w320dp h480dp 160dpi nrml port ?uimode ?night -touch -keyb/h/h -nav/h s.2}
11-30 04:25:43.463 I/UsageStatsDatabase( 1485): Upgrading from version 0 to 2
11-30 04:25:43.463 I/UsageStatsDatabase( 1485): Deleting all usage stats files
11-30 04:25:43.464 I/UsageStatsService( 1485): User[0] Rollover scheduled @ 2017-12-01 00:00:00(1512086400000)
11-30 04:25:43.472 I/ActivityManager( 1485): Config changes=400 {1.0 ?mcc?mnc en_US ldltr sw320dp w320dp h455dp 160dpi nrml port ?uimode ?night -touch -keyb/h/h -nav/h s.3}
11-30 04:25:43.474 I/SystemServer( 1485): Mount Service
11-30 04:25:43.482 D/MountService( 1485): got storage path: /storage/sdcard description: USB storage primary: true removable: false emulated: false mtpReserve: 0 allowMassStorage: false maxFileSize: 0
11-30 04:25:43.483 D/MountService( 1485): addVolumeLocked() StorageVolume:
11-30 04:25:43.483 D/MountService( 1485):     mStorageId=0 mPath=/storage/sdcard mDescriptionId=17040785 mPrimary=true 
11-30 04:25:43.483 D/MountService( 1485):     mRemovable=false mEmulated=false mMtpReserveSpace=0 
11-30 04:25:43.483 D/MountService( 1485):     mAllowMassStorage=false mMaxFileSize=0 mOwner=null mUuid=null 
11-30 04:25:43.483 D/MountService( 1485):     mUserLabel=null mState=null 
11-30 04:25:43.486 W/PackageManager( 1485): No disk maintenance in 1512044743486; running immediately
11-30 04:25:43.489 D/MountService( 1485): volume state changed for /storage/sdcard (unmounted -> removed)
11-30 04:25:43.489 I/MountService( 1485): Running fstrim idle maintenance
11-30 04:25:43.489 I/fstrim  ( 1136): Starting fstrim work...
11-30 04:25:43.489 I/fstrim  ( 1136): Invoking FITRIM ioctl on /cache
11-30 04:25:43.489 E/fstrim  ( 1136): FITRIM ioctl failed on /cache (error 95/Operation not supported on transport endpoint)
11-30 04:25:43.489 I/fstrim  ( 1136): Invoking FITRIM ioctl on /data
11-30 04:25:43.489 E/fstrim  ( 1136): FITRIM ioctl failed on /data (error 95/Operation not supported on transport endpoint)
11-30 04:25:43.489 I/fstrim  ( 1136): Finished fstrim work.
11-30 04:25:43.489 W/MountService( 1485): getSecureContainerList() called when storage not mounted
11-30 04:25:43.490 W/PackageManager( 1485): Not granting permission android.permission.DELETE_PACKAGES to package com.svox.pico (protectionLevel=18 flags=0x8be45)
11-30 04:25:43.490 W/PackageManager( 1485): Not granting permission android.permission.BIND_APPWIDGET to package com.android.widgetpreview (protectionLevel=18 flags=0x8be44)
11-30 04:25:43.490 W/PackageManager( 1485): Unknown permission android.permission.OBSERVE_GRANT_REVOKE_PERMISSIONS in package com.google.android.gms
11-30 04:25:43.490 W/PackageManager( 1485): Unknown permission android.permission.MANAGE_SOUND_TRIGGER in package com.google.android.gms
11-30 04:25:43.490 W/PackageManager( 1485): Unknown permission android.permission.DISPATCH_PROVISIONING_MESSAGE in package com.google.android.gms
11-30 04:25:43.490 W/PackageManager( 1485): Unknown permission com.google.android.apps.enterprise.dmagent.permission.AutoSyncPermission in package com.google.android.gms
11-30 04:25:43.491 W/PackageManager( 1485): Unknown permission android.permission.CONNECTIVITY_USE_RESTRICTED_NETWORKS in package com.google.android.gms
11-30 04:25:43.491 W/PackageManager( 1485): Unknown permission android.permission.USE_FINGERPRINT in package com.google.android.gms
11-30 04:25:43.491 W/PackageManager( 1485): Unknown permission android.permission.SEND_SMS_NO_CONFIRMATION in package com.google.android.gms
11-30 04:25:43.491 W/PackageManager( 1485): Not granting permission android.permission.BIND_NOTIFICATION_LISTENER_SERVICE to package com.google.android.gms (protectionLevel=2 flags=0xc0483e45)
11-30 04:25:43.491 W/PackageManager( 1485): Unknown permission com.google.android.finsky.permission.INSTANT_APP_STATE in package com.google.android.gms
11-30 04:25:43.491 W/PackageManager( 1485): Unknown permission com.google.android.googlequicksearchbox.permission.PAUSE_HOTWORD in package com.google.android.gms
11-30 04:25:43.491 W/PackageManager( 1485): Unknown permission android.permission.TETHER_PRIVILEGED in package com.google.android.gms
11-30 04:25:43.491 W/PackageManager( 1485): Unknown permission com.google.android.hangouts.START_HANGOUT in package com.google.android.gms
11-30 04:25:43.491 W/PackageManager( 1485): Unknown permission android.permission.READ_OEM_UNLOCK_STATE in package com.google.android.gms
11-30 04:25:43.491 W/PackageManager( 1485): Unknown permission android.permission.OVERRIDE_WIFI_CONFIG in package com.google.android.gms
11-30 04:25:43.491 W/PackageManager( 1485): Unknown permission com.google.android.finsky.permission.GEARHEAD_SERVICE in package com.google.android.gms
11-30 04:25:43.491 W/PackageManager( 1485): Unknown permission com.google.android.permission.ACCESSIBILITY_SCAN_SERVICE in package com.google.android.gms
11-30 04:25:43.491 W/PackageManager( 1485): Unknown permission android.permission.ACTIVITY_EMBEDDING in package com.google.android.gms
11-30 04:25:43.491 W/PackageManager( 1485): Unknown permission android.permission.PROVIDE_RESOLVER_RANKER_SERVICE in package com.google.android.gms
11-30 04:25:43.491 W/PackageManager( 1485): Unknown permission com.google.android.wearable.READ_SETTINGS in package com.google.android.gms
11-30 04:25:43.491 W/PackageManager( 1485): Unknown permission android.permission.INTENT_FILTER_VERIFICATION_AGENT in package com.google.android.gms
11-30 04:25:43.491 W/PackageManager( 1485): Unknown permission android.permission.LOCAL_MAC_ADDRESS in package com.google.android.gms
11-30 04:25:43.491 W/PackageManager( 1485): Unknown permission android.permission.CHANGE_DEVICE_IDLE_TEMP_WHITELIST in package com.google.android.gms
11-30 04:25:43.491 W/PackageManager( 1485): Unknown permission android.permission.SUBSTITUTE_NOTIFICATION_APP_NAME in package com.google.android.gms
11-30 04:25:43.491 W/PackageManager( 1485): Unknown permission android.permission.MANAGE_SUBSCRIPTION_PLANS in package com.google.android.gms
11-30 04:25:43.491 W/PackageManager( 1485): Unknown permission com.android.vending.setup.PLAY_SETUP_SERVICE in package com.google.android.gms
11-30 04:25:43.491 W/PackageManager( 1485): Unknown permission android.permission.REGISTER_CALL_PROVIDER in package com.google.android.gms
11-30 04:25:43.491 W/PackageManager( 1485): Unknown permission android.permission.NOTIFY_PENDING_SYSTEM_UPDATE in package com.google.android.gms
11-30 04:25:43.491 W/PackageManager( 1485): Unknown permission com.google.android.launcher.permission.RECEIVE_LAUNCH_BROADCASTS in package com.google.android.gms
11-30 04:25:43.491 W/PackageManager( 1485): Unknown permission com.google.android.vending.verifier.ACCESS_VERIFIER in package com.google.android.gms
11-30 04:25:43.491 W/PackageManager( 1485): Unknown permission com.google.android.gm.permission.READ_GMAIL in package com.google.android.gms
11-30 04:25:43.491 W/PackageManager( 1485): Not granting permission android.permission.DEVICE_POWER to package com.android.deskclock (protectionLevel=2 flags=0x48be45)
11-30 04:25:43.491 W/PackageManager( 1485): Not granting permission android.permission.GLOBAL_SEARCH to package com.android.quicksearchbox (protectionLevel=18 flags=0x8be45)
11-30 04:25:43.491 W/PackageManager( 1485): Unknown permission com.android.smspush.WAPPUSH_MANAGER_BIND in package com.android.phone
11-30 04:25:43.491 W/PackageManager( 1485): Unknown permission android.permission.INSTALL_DRM in package com.android.mms
11-30 04:25:43.491 W/PackageManager( 1485): Not granting permission android.permission.ACCESS_DOWNLOAD_MANAGER to package com.android.browser (protectionLevel=18 flags=0x9be45)
11-30 04:25:43.491 W/PackageManager( 1485): Not granting permission android.permission.SEND_DOWNLOAD_COMPLETED_INTENTS to package com.android.browser (protectionLevel=2 flags=0x9be45)
11-30 04:25:43.491 W/PackageManager( 1485): Not granting permission android.permission.CONTROL_KEYGUARD to package com.google.android.gsf.login (protectionLevel=2 flags=0x4048be45)
11-30 04:25:43.491 W/PackageManager( 1485): Unknown permission com.android.vending.billing.BILLING_ACCOUNT_SERVICE in package com.google.android.gsf.login
11-30 04:25:43.491 W/PackageManager( 1485): Unknown permission com.android.vending.billing.ADD_CREDIT_CARD in package com.google.android.gsf.login
11-30 04:25:43.491 W/PackageManager( 1485): Unknown permission com.android.vending.billing.IBillingAccountService.BIND2 in package com.google.android.gsf.login
11-30 04:25:43.491 W/PackageManager( 1485): Unknown permission com.android.vending.TOS_ACKED in package com.google.android.gsf.login
11-30 04:25:43.491 W/PackageManager( 1485): Unknown permission com.android.chrome.TOS_ACKED in package com.google.android.gsf.login
11-30 04:25:43.504 W/MountService( 1485): getSecureContainerList() called when storage not mounted
11-30 04:25:43.574 I/ActivityManager( 1485): Config changes=68 {1.0 ?mcc?mnc en_US ldltr sw320dp w320dp h455dp 160dpi nrml port ?uimode ?night finger -keyb/h/h tball/v s.4}
11-30 04:25:45.344 I/SystemServer( 1485): LockSettingsService
11-30 04:25:45.347 I/SystemServiceManager( 1485): Starting com.android.server.devicepolicy.DevicePolicyManagerService$Lifecycle
11-30 04:25:45.350 I/SystemServer( 1485): Status Bar
11-30 04:25:45.352 I/SystemServer( 1485): Clipboard Service
11-30 04:25:45.357 I/SystemServer( 1485): NetworkManagement Service
11-30 04:25:45.369 I/SystemServer( 1485): Text Service Manager Service
11-30 04:25:45.378 I/SystemServer( 1485): Network Score Service
11-30 04:25:45.379 I/SystemServer( 1485): NetworkStats Service
11-30 04:25:45.382 I/SystemServer( 1485): NetworkPolicy Service
11-30 04:25:45.385 I/SystemServiceManager( 1485): Starting com.android.server.wifi.p2p.WifiP2pService
11-30 04:25:45.397 I/SystemServiceManager( 1485): Starting com.android.server.wifi.WifiService
11-30 04:25:45.462 I/SystemServiceManager( 1485): Starting com.android.server.wifi.WifiScanningService
11-30 04:25:45.463 I/SystemServiceManager( 1485): Starting com.android.server.wifi.RttService
11-30 04:25:45.463 I/SystemServer( 1485): Connectivity Service
11-30 04:25:45.465 D/ConnectivityService( 1485): ConnectivityService starting up
11-30 04:25:45.467 D/ConnectivityService( 1485): wifiOnly=false
11-30 04:25:45.472 I/SystemServer( 1485): Network Service Discovery Service
11-30 04:25:45.473 D/NsdService( 1485): Network service discovery enabled true
11-30 04:25:45.480 I/SystemServer( 1485): UpdateLock Service
11-30 04:25:45.481 I/SystemServiceManager( 1485): Starting com.android.server.notification.NotificationManagerService
11-30 04:25:45.489 I/SystemServiceManager( 1485): Starting com.android.server.storage.DeviceStorageMonitorService
11-30 04:25:45.490 I/SystemServer( 1485): Location Manager
11-30 04:25:45.491 I/SystemServer( 1485): Country Detector
11-30 04:25:45.492 I/SystemServer( 1485): Search Service
11-30 04:25:45.493 I/SystemServer( 1485): DropBox Service
11-30 04:25:45.493 I/SystemServer( 1485): Wallpaper Service
11-30 04:25:45.494 W/WallpaperManagerService( 1485): no current wallpaper -- first boot?
11-30 04:25:45.494 I/SystemServer( 1485): Audio Service
11-30 04:25:45.507 I/SystemServiceManager( 1485): Starting com.android.server.DockObserver
11-30 04:25:45.507 W/DockObserver( 1485): This kernel does not have dock station support
11-30 04:25:45.508 I/SystemServer( 1485): Wired Accessory Manager
11-30 04:25:45.508 W/WiredAccessoryManager( 1485): This kernel does not have wired headset support
11-30 04:25:45.509 W/WiredAccessoryManager( 1485): This kernel does not have usb audio support
11-30 04:25:45.509 W/WiredAccessoryManager( 1485): This kernel does not have HDMI audio support
11-30 04:25:45.509 I/SystemServiceManager( 1485): Starting com.android.server.usb.UsbService$Lifecycle
11-30 04:25:45.510 I/SystemServer( 1485): Serial Service
11-30 04:25:45.510 I/SystemServiceManager( 1485): Starting com.android.server.twilight.TwilightService
11-30 04:25:45.511 I/SystemServiceManager( 1485): Starting com.android.server.UiModeManagerService
11-30 04:25:45.512 I/SystemServiceManager( 1485): Starting com.android.server.job.JobSchedulerService
11-30 04:25:45.515 I/SystemServiceManager( 1485): Starting com.android.server.backup.BackupManagerService$Lifecycle
11-30 04:25:45.531 V/BackupManagerService( 1485): No ancestral data
11-30 04:25:45.541 D/BackupManagerService( 1485): Now staging backup of com.android.calendar
11-30 04:25:45.542 D/BackupManagerService( 1485): Now staging backup of com.android.dialer
11-30 04:25:45.543 D/BackupManagerService( 1485): Now staging backup of com.android.providers.userdictionary
11-30 04:25:45.544 D/BackupManagerService( 1485): Now staging backup of com.android.sharedstoragebackup
11-30 04:25:45.545 D/BackupManagerService( 1485): Now staging backup of com.android.providers.settings
11-30 04:25:45.546 D/BackupManagerService( 1485): Now staging backup of android
11-30 04:25:45.547 D/BackupManagerService( 1485): Now staging backup of com.android.browser
11-30 04:25:45.547 V/BackupManagerService( 1485): Starting with transport android/com.android.internal.backup.LocalTransport
11-30 04:25:45.547 V/BackupManagerService( 1485): Found transports: 2
11-30 04:25:45.548 I/BackupManagerService( 1485): Binding to transport host ComponentInfo{android/com.android.internal.backup.LocalTransportService}
11-30 04:25:45.550 I/BackupManagerService( 1485): Binding to transport host ComponentInfo{com.google.android.gms/com.google.android.gms.backup.BackupTransportService}
11-30 04:25:45.550 I/SystemServiceManager( 1485): Starting com.android.server.appwidget.AppWidgetService
11-30 04:25:45.552 I/SystemServiceManager( 1485): Starting com.android.server.voiceinteraction.VoiceInteractionManagerService
11-30 04:25:45.553 W/SoundTriggerHelper( 1485): listModules status=0, # of modules=0
11-30 04:25:45.553 I/SystemServer( 1485): DiskStats Service
11-30 04:25:45.554 I/SystemServer( 1485): SamplingProfiler Service
11-30 04:25:45.555 I/SystemServer( 1485): NetworkTimeUpdateService
11-30 04:25:45.556 I/SystemServer( 1485): CommonTimeManagementService
11-30 04:25:45.556 I/SystemServer( 1485): CertBlacklister
11-30 04:25:45.557 I/SystemServiceManager( 1485): Starting com.android.server.dreams.DreamManagerService
11-30 04:25:45.558 I/SystemServer( 1485): Assets Atlas Service
11-30 04:25:45.559 I/SystemServiceManager( 1485): Starting com.android.server.print.PrintManagerService
11-30 04:25:45.560 I/SystemServiceManager( 1485): Starting com.android.server.restrictions.RestrictionsManagerService
11-30 04:25:45.560 I/SystemServiceManager( 1485): Starting com.android.server.media.MediaSessionService
11-30 04:25:45.562 I/SystemServer( 1485): Media Router Service
11-30 04:25:45.563 I/SystemServiceManager( 1485): Starting com.android.server.trust.TrustManagerService
11-30 04:25:45.564 I/SystemServiceManager( 1485): Starting com.android.server.fingerprint.FingerprintService
11-30 04:25:45.565 I/SystemServer( 1485): BackgroundDexOptService
11-30 04:25:45.566 I/SystemServiceManager( 1485): Starting com.android.server.pm.LauncherAppsService
11-30 04:25:45.566 I/SystemServiceManager( 1485): Starting com.android.server.media.projection.MediaProjectionManagerService
11-30 04:25:45.570 I/SystemServiceManager( 1485): Starting com.android.server.MmsServiceBroker
11-30 04:25:45.583 I/LockSettingsService( 1485): Migrated lock settings to new location
11-30 04:25:45.587 I/LockSettingsService( 1485): Migrated per-user lock settings to new location
11-30 04:25:45.587 I/SystemServiceManager( 1485): Starting phase 480
11-30 04:25:45.590 I/SystemServiceManager( 1485): Starting phase 500
11-30 04:25:45.590 I/WifiService( 1485): WifiService starting up with Wi-Fi disabled
11-30 04:25:45.595 D/WifiService( 1485): New client listening to asynchronous messages
11-30 04:25:45.597 D/WifiScanningService( 1485): New client, channel: null messenger: null
11-30 04:25:45.599 I/ActivityManager( 1485): Config changes=200 {1.0 ?mcc?mnc en_US ldltr sw320dp w320dp h455dp 160dpi nrml port finger -keyb/h/h tball/v s.5}
11-30 04:25:45.624 I/DisplayManagerService( 1485): Display device changed: DisplayDeviceInfo{"Built-in Screen": 320 x 480, 60.000004 fps, supportedRefreshRates [60.000004], density 160, 160.0 x 160.0 dpi, appVsyncOff 0, presDeadline 17666666, touch INTERNAL, rotation 0, type BUILT_IN, state ON, FLAG_DEFAULT_DISPLAY, FLAG_ROTATES_WITH_CONTENT, FLAG_SECURE, FLAG_SUPPORTS_PROTECTED_BUFFERS}
11-30 04:25:45.626 I/ActivityManager( 1485): Sending system update to ComponentInfo{com.android.providers.calendar/com.android.providers.calendar.CalendarUpgradeReceiver} for user 0
11-30 04:25:45.626 I/ActivityManager( 1485): Sending system update to ComponentInfo{com.android.providers.contacts/com.android.providers.contacts.ContactsUpgradeReceiver} for user 0
11-30 04:25:45.626 I/ActivityManager( 1485): Sending system update to ComponentInfo{com.google.android.gsf/com.google.android.gsf.loginservice.MigrateToAccountManagerBroadcastReceiver} for user 0
11-30 04:25:45.626 I/ActivityManager( 1485): Sending system update to ComponentInfo{com.android.managedprovisioning/com.android.managedprovisioning.PreBootListener} for user 0
11-30 04:25:45.626 I/ActivityManager( 1485): Sending system update to ComponentInfo{com.android.providers.media/com.android.providers.media.MediaUpgradeReceiver} for user 0
11-30 04:25:45.626 I/ActivityManager( 1485): Sending system update to ComponentInfo{com.android.settings/com.android.settings.ManagedProfileSetup} for user 0
11-30 04:25:45.626 I/SystemServer( 1485): Enabled StrictMode for system server main thread.
11-30 04:25:45.657 E/libprocessgroup( 1652): failed to make and chown /acct/uid_10001: Read-only file system
11-30 04:25:45.666 I/ActivityManager( 1485): Start proc com.android.providers.calendar for broadcast com.android.providers.calendar/.CalendarUpgradeReceiver: pid=1652 uid=10001 gids={50001, 9997, 3003, 1028, 1015} abi=x86
11-30 04:25:45.667 V/ActivityManager( 1485): Display changed displayId=0
11-30 04:25:45.667 V/ActivityManager( 1485): Display changed displayId=0
11-30 04:25:45.679 I/ActivityManager( 1485): Launching preboot mode app: ProcessRecord{2b61db77 1652:com.android.providers.calendar/u0a1}
11-30 04:25:45.684 W/InputMethodManagerService( 1485): Focus gain on non-focused client android.view.inputmethod.InputMethodManager$1@2191d08f (uid=1000 pid=1485)
11-30 04:25:45.684 V/ActivityManager( 1485): Display changed displayId=0
11-30 04:25:45.685 V/BackupManagerService( 1485): Connected to transport ComponentInfo{android/com.android.internal.backup.LocalTransportService}
11-30 04:25:45.685 V/BackupManagerService( 1485): Registering transport android/com.android.internal.backup.LocalTransportService::android/com.android.internal.backup.LocalTransport = android.app.backup.BackupTransport$TransportImpl@3e92e3e4
11-30 04:25:45.707 W/ResourcesManager( 1652): Asset path '/system/framework/android.test.runner.jar' does not exist or contains no resources.
11-30 04:25:45.765 E/libprocessgroup( 1672): failed to make and chown /acct/uid_10002: Read-only file system
11-30 04:25:45.766 I/ActivityManager( 1485): Start proc android.process.acore for broadcast com.android.providers.contacts/.ContactsUpgradeReceiver: pid=1672 uid=10002 gids={50002, 9997, 3003, 1028, 1015} abi=x86
11-30 04:25:45.802 I/ActivityManager( 1485): Launching preboot mode app: ProcessRecord{c52b04d 1672:android.process.acore/u0a2}
11-30 04:25:46.138 E/libprocessgroup( 1692): failed to make and chown /acct/uid_10007: Read-only file system
11-30 04:25:46.138 I/ActivityManager( 1485): Start proc com.google.process.gapps for broadcast com.google.android.gsf/.loginservice.MigrateToAccountManagerBroadcastReceiver: pid=1692 uid=10007 gids={50007, 9997, 3003, 1028, 1015, 3002, 3001, 1005, 1007, 3007, 2001, 3006} abi=x86
11-30 04:25:46.151 I/ActivityManager( 1485): Launching preboot mode app: ProcessRecord{197ab702 1692:com.google.process.gapps/u0a7}
11-30 04:25:46.177 E/libprocessgroup( 1709): failed to make and chown /acct/uid_10009: Read-only file system
11-30 04:25:46.180 I/ActivityManager( 1485): Start proc com.android.managedprovisioning for broadcast com.android.managedprovisioning/.PreBootListener: pid=1709 uid=10009 gids={50009, 9997, 1028, 3003} abi=x86
11-30 04:25:46.207 I/ActivityManager( 1485): Launching preboot mode app: ProcessRecord{a8eb813 1709:com.android.managedprovisioning/u0a9}
11-30 04:25:46.226 E/libprocessgroup( 1725): failed to make and chown /acct/uid_10005: Read-only file system
11-30 04:25:46.228 I/ActivityManager( 1485): Start proc android.process.media for broadcast com.android.providers.media/.MediaUpgradeReceiver: pid=1725 uid=10005 gids={50005, 9997, 1028, 1015, 1023, 1024, 2001, 3003, 3007} abi=x86
11-30 04:25:46.236 I/ActivityManager( 1485): Launching preboot mode app: ProcessRecord{2c8c5a50 1725:android.process.media/u0a5}
11-30 04:25:46.263 E/libprocessgroup( 1742): failed to make and chown /acct/uid_1000: Read-only file system
11-30 04:25:46.263 I/ActivityManager( 1485): Start proc com.android.settings for broadcast com.android.settings/.ManagedProfileSetup: pid=1742 uid=1000 gids={41000, 9997, 1028, 1015, 3002, 3001, 3003} abi=x86
11-30 04:25:46.290 I/ActivityManager( 1485): Launching preboot mode app: ProcessRecord{25270449 1742:com.android.settings/1000}
11-30 04:25:46.300 I/ActivityManager( 1485): Removing system update proc: ProcessRecord{2b61db77 1652:com.android.providers.calendar/u0a1}
11-30 04:25:46.300 I/ActivityManager( 1485): Killing 1652:com.android.providers.calendar/u0a1 (adj 13): system update done
11-30 04:25:46.300 W/libprocessgroup( 1485): failed to open /acct/uid_10001/pid_1652/cgroup.procs: No such file or directory
11-30 04:25:46.301 I/ActivityManager( 1485): Removing system update proc: ProcessRecord{c52b04d 1672:android.process.acore/u0a2}
11-30 04:25:46.301 I/ActivityManager( 1485): Killing 1672:android.process.acore/u0a2 (adj 13): system update done
11-30 04:25:46.301 W/libprocessgroup( 1485): failed to open /acct/uid_10002/pid_1672/cgroup.procs: No such file or directory
11-30 04:25:46.301 I/ActivityManager( 1485): Removing system update proc: ProcessRecord{197ab702 1692:com.google.process.gapps/u0a7}
11-30 04:25:46.301 I/ActivityManager( 1485): Killing 1692:com.google.process.gapps/u0a7 (adj 11): system update done
11-30 04:25:46.301 W/libprocessgroup( 1485): failed to open /acct/uid_10007/pid_1692/cgroup.procs: No such file or directory
11-30 04:25:46.301 I/ActivityManager( 1485): Removing system update proc: ProcessRecord{a8eb813 1709:com.android.managedprovisioning/u0a9}
11-30 04:25:46.301 I/ActivityManager( 1485): Killing 1709:com.android.managedprovisioning/u0a9 (adj 11): system update done
11-30 04:25:46.301 W/libprocessgroup( 1485): failed to open /acct/uid_10009/pid_1709/cgroup.procs: No such file or directory
11-30 04:25:46.301 I/ActivityManager( 1485): Removing system update proc: ProcessRecord{2c8c5a50 1725:android.process.media/u0a5}
11-30 04:25:46.301 I/ActivityManager( 1485): Killing 1725:android.process.media/u0a5 (adj 9): system update done
11-30 04:25:46.301 W/libprocessgroup( 1485): failed to open /acct/uid_10005/pid_1725/cgroup.procs: No such file or directory
11-30 04:25:46.301 I/ActivityManager( 1485): Removing system update proc: ProcessRecord{25270449 1742:com.android.settings/1000}
11-30 04:25:46.301 I/ActivityManager( 1485): Killing 1742:com.android.settings/1000 (adj 9): system update done
11-30 04:25:46.301 W/libprocessgroup( 1485): failed to open /acct/uid_1000/pid_1742/cgroup.procs: No such file or directory
11-30 04:25:46.301 I/ActivityManager( 1485): System now ready
11-30 04:25:46.303 I/SystemServer( 1485): Making services ready
11-30 04:25:46.303 I/SystemServiceManager( 1485): Starting phase 550
11-30 04:25:46.304 I/SystemServer( 1485): WebViewFactory preparation
11-30 04:25:46.311 I/ActivityManager( 1485): Start proc WebViewLoader-x86 [android.webkit.WebViewFactory$RelroFileCreator] for : pid=1759 uid=1037 gids={} abi=x86
11-30 04:25:46.312 E/libprocessgroup( 1759): failed to make and chown /acct/uid_1037: Read-only file system
11-30 04:25:46.333 E/libprocessgroup( 1775): failed to make and chown /acct/uid_10013: Read-only file system
11-30 04:25:46.335 I/ActivityManager( 1485): Start proc com.android.systemui for service com.android.systemui/.SystemUIService: pid=1775 uid=10013 gids={50013, 9997, 1028, 1015, 1035, 3002, 3001, 3006} abi=x86
11-30 04:25:46.339 D/NetworkManagementService( 1485): not enabling bandwidth control
11-30 04:25:46.372 W/NetworkStats( 1485): bandwidth controls disabled, unable to track stats
11-30 04:25:46.372 W/NetworkPolicy( 1485): bandwidth controls disabled, unable to enforce policy
11-30 04:25:46.380 V/FingerprintService( 1485): startListening(android.service.fingerprint.IFingerprintServiceReceiver$Stub$Proxy@20a1ead6)
11-30 04:25:46.383 I/SystemServiceManager( 1485): Starting phase 600
11-30 04:25:46.384 D/ConditionProviders( 1485): onServiceAdded ManagedServiceInfo[component=ComponentInfo{android/com.android.server.notification.CountdownConditionProvider},userid=0,isSystem=true,targetSdkVersion=21,connection=null,service=android.service.notification.ConditionProviderService$Provider@11485b29]
11-30 04:25:46.384 D/ConditionProviders( 1485): onServiceAdded ManagedServiceInfo[component=ComponentInfo{android/com.android.server.notification.DowntimeConditionProvider},userid=0,isSystem=true,targetSdkVersion=21,connection=null,service=android.service.notification.ConditionProviderService$Provider@124b7eae]
11-30 04:25:46.386 I/BackupManagerService( 1485): Backup enabled => true
11-30 04:25:46.403 E/InputMethodManagerService( 1485): Ignoring setImeWindowStatus due to an invalid token. uid:1000 token:null
11-30 04:25:46.406 W/InputMethodManagerService( 1485): Reset the default IME as "Resource" is ready here.
11-30 04:25:46.407 I/InputMethodManagerService( 1485): Selected default: com.android.inputmethod.latin/.LatinIME
11-30 04:25:46.411 I/ActivityManager( 1485): Config changes=20 {1.0 ?mcc?mnc en_US ldltr sw320dp w320dp h455dp 160dpi nrml port finger -keyb/v/h tball/v s.6}
11-30 04:25:46.431 I/ActivityManager( 1485): Start proc com.android.inputmethod.latin for service com.android.inputmethod.latin/.LatinIME: pid=1830 uid=10031 gids={50031, 9997, 1028, 1015} abi=x86
11-30 04:25:46.431 V/InputMethodManagerService( 1485): Adding window token: android.os.Binder@30b7c64b
11-30 04:25:46.432 W/InputMethodManagerService( 1485): Illegal subtype state: old subtype = null, new subtype = android.view.inputmethod.InputMethodSubtype@c9194f98
11-30 04:25:46.432 V/ActivityManager( 1485): Display changed displayId=0
11-30 04:25:46.433 E/libprocessgroup( 1830): failed to make and chown /acct/uid_10031: Read-only file system
11-30 04:25:46.461 W/ResourcesManager( 1485): Asset path '/system/framework/com.android.location.provider.jar' does not exist or contains no resources.
11-30 04:25:46.463 E/LocationManagerService( 1485): FLP HAL not supported
11-30 04:25:46.464 E/LocationManagerService( 1485): Hardware Activity-Recognition not supported.
11-30 04:25:46.474 I/MmsServiceBroker( 1485): Connecting to MmsService
11-30 04:25:46.474 W/ContextImpl( 1485): Calling a method in the system process without a qualified user: android.app.ContextImpl.bindService:1750 com.android.server.MmsServiceBroker.tryConnecting:134 com.android.server.MmsServiceBroker.systemRunning:121 com.android.server.SystemServer$2.run:1182 com.android.server.am.ActivityManagerService.systemReady:11326 
11-30 04:25:46.475 V/WiredAccessoryManager( 1485): init()
11-30 04:25:46.477 === TEST STARTED ===
11-30 04:25:46.485 I/ActivityManager( 1485): Start proc com.android.phone for service com.android.mms.service/.MmsService: pid=1862 uid=1001 gids={41001, 9997, 3002, 3001, 3003, 1028, 1015} abi=x86
11-30 04:25:46.485 W/VoiceInteractionManagerService( 1485): no available voice interaction services found for user 0
11-30 04:25:46.485 W/VoiceInteractionManagerService( 1485): no available voice recognition services found for user 0
11-30 04:25:46.486 E/libprocessgroup( 1862): failed to make and chown /acct/uid_1001: Read-only file system
11-30 04:25:46.496 I/ActivityManager( 1485): Start proc com.android.server.telecom for added application com.android.server.telecom: pid=1885 uid=1001 gids={41001, 9997, 3002, 3001, 3003, 1028, 1015} abi=x86
11-30 04:25:46.501 E/libprocessgroup( 1885): failed to make and chown /acct/uid_1001: Read-only file system
11-30 04:25:46.518 I/ActivityManager( 1485): Start proc com.android.phone for added application com.android.phone: pid=1921 uid=1001 gids={41001, 9997, 3002, 3001, 3003, 1028, 1015} abi=x86
11-30 04:25:46.519 I/ActivityManager( 1485): START u0 {act=android.intent.action.MAIN cat=[android.intent.category.HOME] flg=0x10000000 cmp=com.android.settings/.CryptKeeper} from uid 0 on display 0
11-30 04:25:46.538 E/libprocessgroup( 1921): failed to make and chown /acct/uid_1001: Read-only file system
11-30 04:25:46.570 I/ActivityManager( 1485): Start proc com.android.settings for activity com.android.settings/.CryptKeeper: pid=1949 uid=1000 gids={41000, 9997, 1028, 1015, 3002, 3001, 3003} abi=x86
11-30 04:25:46.574 E/libprocessgroup( 1949): failed to make and chown /acct/uid_1000: Read-only file system
11-30 04:25:46.584 I/ActivityManager( 1485): Start proc com.google.android.gms.persistent for broadcast com.google.android.gms/com.google.android.location.internal.NlpNetworkProviderSettingsUpdateReceiver: pid=1964 uid=10007 gids={50007, 9997, 3003, 1028, 1015, 3002, 3001, 1005, 1007, 3007, 2001, 3006} abi=x86
11-30 04:25:46.584 W/ActivityManager( 1485): No pending application record for pid 1862 (IApplicationThread android.app.ApplicationThreadProxy@11a8f054); dropping process
11-30 04:25:46.597 E/libprocessgroup( 1964): failed to make and chown /acct/uid_10007: Read-only file system
11-30 04:25:46.631 E/libprocessgroup( 1995): failed to make and chown /acct/uid_10043: Read-only file system
11-30 04:25:46.636 I/ActivityManager( 1485): Start proc com.android.printspooler for service com.android.printspooler/.model.PrintSpoolerService: pid=1995 uid=10043 gids={50043, 9997} abi=x86
11-30 04:25:46.667 W/AppWidgetServiceImpl( 1485): Failed to read state: java.io.FileNotFoundException: /data/system/users/0/appwidgets.xml: open failed: ENOENT (No such file or directory)
11-30 04:25:46.667 V/AppWidgetServiceImpl( 1485): Upgrading widget database from 0 to 1
11-30 04:25:46.681 I/ActivityManager( 1485): Start proc android.process.acore for content provider com.android.providers.contacts/.CallLogProvider: pid=2023 uid=10002 gids={50002, 9997, 3003, 1028, 1015} abi=x86
11-30 04:25:46.684 W/ResourcesManager( 1964): Asset path '/system/framework/com.android.media.remotedisplay.jar' does not exist or contains no resources.
11-30 04:25:46.684 W/ResourcesManager( 1964): Asset path '/system/framework/com.android.location.provider.jar' does not exist or contains no resources.
11-30 04:25:46.687 E/libprocessgroup( 2023): failed to make and chown /acct/uid_10002: Read-only file system
11-30 04:25:46.759 I/ActivityManager( 1485): START u0 {act=android.intent.action.MAIN cat=[android.intent.category.HOME] flg=0x10000000 cmp=com.android.sdksetup/.DefaultActivity} from uid 0 on display 0
11-30 04:25:46.819 I/ActivityManager( 1485): Start proc com.android.sdksetup for activity com.android.sdksetup/.DefaultActivity: pid=2067 uid=10046 gids={50046, 9997} abi=x86
11-30 04:25:46.821 E/libprocessgroup( 2067): failed to make and chown /acct/uid_10046: Read-only file system
11-30 04:25:46.853 I/StatusBarManagerService( 1485): registerStatusBar bar=com.android.internal.statusbar.IStatusBar$Stub$Proxy@2434bf67
11-30 04:25:46.911 I/ActivityManager( 1485): Force stopping com.android.sdksetup appid=10046 user=0: pkg changed
11-30 04:25:46.911 I/ActivityManager( 1485): Killing 2067:com.android.sdksetup/u0a46 (adj 0): stop com.android.sdksetup
11-30 04:25:46.911 W/libprocessgroup( 1485): failed to open /acct/uid_10046/pid_2067/cgroup.procs: No such file or directory
11-30 04:25:46.914 I/ActivityManager( 1485):   Force finishing activity ActivityRecord{2fc84f9b u0 com.android.sdksetup/.DefaultActivity t2}
11-30 04:25:46.915 I/ActivityManager( 1485): START u0 {act=android.intent.action.MAIN cat=[android.intent.category.HOME] flg=0x10000000 cmp=com.android.launcher/com.android.launcher2.Launcher} from uid 0 on display 0
11-30 04:25:46.929 D/BackupManagerService( 1485): Received broadcast Intent { act=android.intent.action.PACKAGE_CHANGED dat=package:com.android.sdksetup flg=0x4000010 (has extras) }
11-30 04:25:46.972 I/ActivityManager( 1485): Start proc com.google.process.gapps for content provider com.google.android.gsf/.gservices.GservicesProvider: pid=2100 uid=10007 gids={50007, 9997, 3003, 1028, 1015, 3002, 3001, 1005, 1007, 3007, 2001, 3006} abi=x86
11-30 04:25:46.979 E/libprocessgroup( 2100): failed to make and chown /acct/uid_10007: Read-only file system
11-30 04:25:46.991 I/MmsServiceBroker( 1485): MmsService connected
11-30 04:25:47.016 I/ActivityManager( 1485): Start proc com.android.launcher for activity com.android.launcher/com.android.launcher2.Launcher: pid=2124 uid=10008 gids={50008, 9997} abi=x86
11-30 04:25:47.033 E/libprocessgroup( 2124): failed to make and chown /acct/uid_10008: Read-only file system
11-30 04:25:47.067 D/ActivityThread( 2100): Loading provider com.google.android.gsf.gservices: com.google.android.gsf.gservices.GservicesProvider
11-30 04:25:47.266 D/WifiService( 1485): New client listening to asynchronous messages
11-30 04:25:47.286 W/ActivityThread( 1964): ClassLoader.loadClass: The class loader returned by Thread.getContextClassLoader() may fail for processes that host multiple applications. You should explicitly specify a context class loader. For example: Thread.setContextClassLoader(getClass().getClassLoader());
11-30 04:25:47.296 D/ConnectivityService( 1485): listenForNetwork for NetworkRequest [ id=2, legacyType=-1, [] ]
11-30 04:25:47.312 E/libprocessgroup( 2157): failed to make and chown /acct/uid_10028: Read-only file system
11-30 04:25:47.313 I/ActivityManager( 1485): Start proc com.android.exchange for content provider com.android.exchange/.provider.ExchangeDirectoryProvider: pid=2157 uid=10028 gids={50028, 9997, 3003, 1028, 1015} abi=x86
11-30 04:25:47.384 I/ActivityManager( 1485): Start proc com.google.android.gms for content provider com.google.android.gms/.chimera.container.GmsModuleProvider: pid=2179 uid=10007 gids={50007, 9997, 3003, 1028, 1015, 3002, 3001, 1005, 1007, 3007, 2001, 3006} abi=x86
11-30 04:25:47.394 E/libprocessgroup( 2179): failed to make and chown /acct/uid_10007: Read-only file system
11-30 04:25:47.411 E/libprocessgroup( 2197): failed to make and chown /acct/uid_10026: Read-only file system
11-30 04:25:47.412 I/ActivityManager( 1485): Start proc com.android.email for content provider com.android.email/.provider.EmailProvider: pid=2197 uid=10026 gids={50026, 9997, 3003, 1028, 1015} abi=x86
11-30 04:25:47.426 W/ResourcesManager( 2179): Asset path '/system/framework/com.android.media.remotedisplay.jar' does not exist or contains no resources.
11-30 04:25:47.426 W/ResourcesManager( 2179): Asset path '/system/framework/com.android.location.provider.jar' does not exist or contains no resources.
11-30 04:25:47.466 I/ValidateNoPeople( 1485): mEvictionCount: 0
11-30 04:25:47.610 W/BackupManagerService( 1485): dataChanged but no participant pkg='com.android.providers.settings' uid=10013
11-30 04:25:47.698 D/ActivityThread( 2197): Loading provider com.android.email.provider;com.android.email.notifier: com.android.email.provider.EmailProvider
11-30 04:25:47.711 D/ActivityThread( 2197): Loading provider com.android.email.provider;com.android.email.notifier: com.android.email.provider.EmailProvider
11-30 04:25:47.744 W/ActivityThread( 2179): ClassLoader.loadClass: The class loader returned by Thread.getContextClassLoader() may fail for processes that host multiple applications. You should explicitly specify a context class loader. For example: Thread.setContextClassLoader(getClass().getClassLoader());
